10-11 08:42:43.588 24026 24101 I 111     :  OptJank - continuously drops frames:4
10-11 08:42:44.338  1644  1801 I 322     : com.google.android.gm#70#626
10-11 08:42:46.681 26051 17624 I 101     : #204
10-11 08:43:07.661  5830 18290 I 111     :  OptJank - continuously drops frames:4
10-11 08:43:37.767  5830 18290 I 111     :  OptJank - continuously drops frames:4
10-11 08:43:42.588  5830 18290 I 111     :  OptJank - continuously drops frames:4
10-11 08:43:58.925  5830 18290 I 110     :  OptJank - total:150 frameGap:1404 delta#55#79#7#68#0#14
10-11 08:49:23.664 19883 19901 I 101     : #187
10-11 08:50:55.616  1644  1808 I 300     : 316
10-11 08:51:00.897  1644  1801 I 322     : com.discord#-1#321
10-11 08:51:02.887 20712 20712 I 100     : Open /data/app/~~KHiWKqCfVLPwku8oZRFCUg==/com.android.vending-2vkMlYSO9ybG2gy63blZQg==/base.apk took:60ms
10-11 08:51:31.051  5828 20667 I 111     :  OptJank - continuously drops frames:4
10-11 08:51:31.196  5828 20667 I 111     :  OptJank - continuously drops frames:4
10-11 08:51:31.350  5828 20667 I 111     :  OptJank - continuously drops frames:4
10-11 08:51:31.361  5828 20667 I 111     :  OptJank - high percentage:0.65
10-11 08:51:34.032  5828 20667 I 111     :  OptJank - continuously drops frames:4
10-11 08:51:34.135  5828 20667 I 111     :  OptJank - continuously drops frames:4
10-11 08:51:34.233  5828 20667 I 111     :  OptJank - high percentage:0.45
10-11 08:51:34.841  5828 20667 I 111     :  OptJank - continuously drops frames:4
10-11 08:51:36.562  5828 20667 I 111     :  OptJank - continuously drops frames:4
10-11 08:51:36.605  5828 20667 I 111     :  OptJank - continuously drops frames:4
10-11 08:51:36.698  5828 20667 I 111     :  OptJank - high percentage:0.5
10-11 08:51:36.768  5828 20667 I 111     :  OptJank - continuously drops frames:4
10-11 08:51:37.991  5828 20667 I 110     :  OptJank - total:141 frameGap:181 delta#122#12#1#10#1#5
10-11 08:51:40.590  5828 20667 I 111     :  OptJank - continuously drops frames:4
10-11 08:51:40.794  5828 20667 I 111     :  OptJank - continuously drops frames:4
10-11 08:51:40.838  5828 20667 I 111     :  OptJank - continuously drops frames:4
10-11 08:51:40.967  5828 20667 I 111     :  OptJank - high percentage:0.5
10-11 08:51:42.580  5828 20667 I 110     :  OptJank - total:450 frameGap:479 delta#433#10#6#2#1#5
10-11 08:51:49.901  5828 20667 I 111     :  OptJank - continuously drops frames:4
10-11 08:51:50.128  5828 20667 I 111     :  OptJank - continuously drops frames:4
10-11 08:51:50.360  5828 20667 I 111     :  OptJank - high percentage:0.45
10-11 08:51:51.664  5828 20667 I 111     :  OptJank - high percentage:0.6
10-11 08:51:51.955  5828 20667 I 111     :  OptJank - continuously drops frames:4
10-11 08:51:52.476  5828 20667 I 110     :  OptJank - total:87 frameGap:92 delta#77#3#0#3#2#3
10-11 08:53:03.007  5828 20667 I 111     :  OptJank - continuously drops frames:4
10-11 08:53:03.007  5828 20667 I 111     :  OptJank - high percentage:0.55
10-11 08:53:06.749  5828 20667 I 111     :  OptJank - continuously drops frames:4
10-11 08:53:07.322  5828 20667 I 111     :  OptJank - high percentage:0.45
10-11 08:53:07.546  5828 20667 I 111     :  OptJank - continuously drops frames:4
10-11 08:53:07.802  5828 20667 I 111     :  OptJank - continuously drops frames:4
10-11 08:53:07.850  5828 20667 I 111     :  OptJank - high percentage:0.6
10-11 08:53:07.927  5828 20667 I 111     :  OptJank - continuously drops frames:4
10-11 08:53:08.083  5828 20667 I 111     :  OptJank - continuously drops frames:4
10-11 08:53:08.206  5828 20667 I 111     :  OptJank - continuously drops frames:4
10-11 08:53:08.470  5828 20667 I 111     :  OptJank - continuously drops frames:4
10-11 08:53:08.500  5828 20667 I 111     :  OptJank - high percentage:0.95
10-11 08:53:08.523  5828 20667 I 111     :  OptJank - continuously drops frames:4
10-11 08:53:08.566  5828 20667 I 111     :  OptJank - continuously drops frames:4
10-11 08:53:08.752  5828 20667 I 111     :  OptJank - continuously drops frames:4
10-11 08:53:08.771  5828 20667 I 111     :  OptJank - high percentage:0.55
10-11 08:53:08.806  5828 20667 I 111     :  OptJank - continuously drops frames:4
10-11 08:53:08.849  5828 20667 I 111     :  OptJank - continuously drops frames:4
10-11 08:53:08.895  5828 20667 I 111     :  OptJank - continuously drops frames:4
10-11 08:53:08.992  5828 20667 I 111     :  OptJank - high percentage:0.75
10-11 08:53:09.106  5828 20667 I 111     :  OptJank - continuously drops frames:4
10-11 08:53:09.294  5828 20667 I 111     :  OptJank - high percentage:0.45
10-11 08:53:53.682  5828 20667 I 111     :  OptJank - continuously drops frames:4
10-11 08:53:53.783  5828 20667 I 111     :  OptJank - continuously drops frames:4
10-11 08:53:53.794  5828 20667 I 111     :  OptJank - high percentage:0.65
10-11 08:53:56.058  5828 20667 I 111     :  OptJank - continuously drops frames:4
10-11 08:53:56.326  5828 20667 I 111     :  OptJank - continuously drops frames:4
10-11 08:53:57.311  5828 20667 I 110     :  OptJank - total:92 frameGap:92 delta#66#31#9#9#2#4
10-11 08:53:57.311  5828 20667 I 111     : OptJank - big and big
10-11 08:53:57.311  5828 20667 I 111     :  OptJank - continuously drops frames:4
10-11 08:53:57.330  5828 20667 I 111     :  OptJank - high percentage:0.55
10-11 08:53:59.752  1644  1801 I 322     : com.android.chrome#-1#1214
10-11 08:54:01.664 20919 21462 I 110     :  OptJank - total:88 frameGap:228 delta#0#85#0#15#0#2
10-11 09:04:24.815 23059 23059 I 100     : Open /data/app/~~Pr3HyaJjYMeaPSdL5UvdiQ==/com.amazon.dee.app-a_FGyxpiSztqmWnL0ZZChA==/base.apk took:51ms
10-11 09:04:25.505 22989 22989 I 309     : package:com.amazon.dee.app took:1143 calssname:android.app.ActivityThread$H callback:null what:110
10-11 09:05:26.956  5827  5827 I 100     : Open /data/app/~~VNRQTBgv8c_qwhxvdDvBAw==/com.snapchat.android-FRyt1K7OgWZZ1ndEp7XZVA==/base.apk took:84ms
10-11 09:05:27.252  5827 23836 I 100     : Open /data/app/~~5GFc4NDCXrRsnnkqI9eJvw==/com.google.android.gms-4y1NvTCNY1iGYN4u0m6fzw==/base.apk took:114ms
10-11 09:05:27.486  5832  5832 I 100     : Open /data/app/~~9HggJVf5SuBXtlaUKFXmNA==/in.swiggy.android-mWrAlJgpsTJQ8ns76zRUKA==/base.apk took:71ms
10-11 09:14:38.005  1644  1808 I 300     : 209
10-11 09:14:39.825 15063 15063 I 100     : Open /data/app/~~5FooY2gBUzZKy8tN7nP3IQ==/org.telegram.messenger-7etYFfCBgjjg3Pc8uPpYeQ==/base.apk took:66ms
10-11 09:14:40.244 26567 26567 I 100     : Open /data/app/~~yy6wH3UlPkCAgcVt3EqeGQ==/com.myntra.android-htU5pM_ZTkBAMDv8cfp9lA==/base.apk took:84ms
10-11 09:14:40.908 26722 26722 I 100     : Open /data/app/~~dg6LbFUbhmY9mTwnSoLZvA==/com.facebook.katana-8_AQHbSyzZkmTNWawufTDA==/base.apk took:99ms
10-11 09:14:41.457 26810 26810 I 100     : Open /data/app/~~ylJgVMBE0IwzoiGq2jaj0A==/com.ril.ajio-HWimE7JwDGuXYFOF7V5rtA==/base.apk took:188ms
10-11 09:14:42.613 26810 26810 I 309     : package:com.ril.ajio took:1422 calssname:android.app.ActivityThread$H callback:null what:110
10-11 09:14:42.680 26722 26826 I 100     : Open /system/framework/QPerformance.jar took:294ms
10-11 09:14:43.844 26722 26751 I 101     : #643
10-11 09:15:19.259  5830 18290 I 110     :  OptJank - total:87 frameGap:108 delta#77#6#5#0#0#3
10-11 09:15:19.276  5830 18290 I 111     :  OptJank - continuously drops frames:4
10-11 09:15:47.937 27877 27877 I 100     : Open /data/app/~~ez6oQvBOVSIwdgTmZCRu9Q==/in.amazon.mShop.android.shopping-ipoQeAh0dNxhmnmwzepUXw==/base.apk took:89ms
10-11 09:16:32.077  1644  1808 I 300     : 245
10-11 09:16:43.235 16761  4175 I 111     :  OptJank - continuously drops frames:4
10-11 09:16:45.152 17301 17301 I 309     : package:com.oneplus.opwlb took:3636 calssname:android.app.ActivityThread$H callback:android.app.-$$Lambda$LoadedApk$ReceiverDispatcher$Args$_BumDX2UKsnxLVrE6UJsJZkotuA@d043a73 what:0
10-11 09:16:45.862  1644  1662 I 300     : 132
10-11 09:17:06.898 23325 23388 I 110     :  OptJank - total:402 frameGap:516 delta#333#58#14#43#1#9
10-11 09:17:52.692  1644  1801 I 322     : com.android.settings#-1#468
10-11 09:22:42.337  1644  1808 I 300     : 316
10-11 09:24:45.682  1644  1808 I 300     : 200
10-11 09:26:42.457 23325 23388 I 110     :  OptJank - total:351 frameGap:1005 delta#316#27#8#19#1#5
10-11 09:28:47.559 23325 23388 I 110     :  OptJank - total:377 frameGap:473 delta#333#37#12#24#1#5
10-11 09:29:33.121 23325 23388 I 110     :  OptJank - total:356 frameGap:463 delta#316#28#13#14#1#9
10-11 09:29:38.202 20919 21462 I 111     :  OptJank - continuously drops frames:4
10-11 09:31:26.831 23325 23388 I 110     :  OptJank - total:375 frameGap:470 delta#333#33#10#22#1#7
10-11 09:33:40.172 23325 23388 I 110     :  OptJank - total:434 frameGap:515 delta#383#42#10#32#1#7
10-11 09:34:39.083 23325 23388 I 110     :  OptJank - total:431 frameGap:553 delta#350#68#11#57#1#11
10-11 09:35:37.311  1644  1801 I 322     : com.whatsapp#-1#256
10-11 09:35:42.334  1644  1801 I 322     : com.whatsapp#-1#160
10-11 09:35:49.831 26051 27748 I 101     : #286
10-11 09:36:08.438 23325 23388 I 110     :  OptJank - total:326 frameGap:419 delta#283#33#6#27#1#7
10-11 09:36:51.953 26051  4863 I 101     : #227
10-11 09:40:51.734  1644  1808 I 300     : 106
10-11 09:40:53.380  6107  6107 I 100     : Open /data/app/~~BosF71LDSFGA_crgKzJzAQ==/com.google.android.apps.fitness-UwDPZlBucXDJR79Y0rC-mA==/base.apk took:83ms
10-11 09:40:57.107 15064 15064 I 309     : package:com.instagram.android took:1069 calssname:android.app.ActivityThread$H callback:null what:110
10-11 09:40:57.507  1644  1801 I 322     : com.instagram.android#72#1544
10-11 09:41:39.702 15064  6441 I 110     :  OptJank - total:86 frameGap:87 delta#0#79#6#3#0#6
10-11 09:41:41.007  1644  1801 I 322     : com.instagram.android#-1#154
10-11 09:41:42.510  1644  1801 I 322     : com.instagram.android#-1#242
10-11 09:42:05.528 15064  6441 I 110     :  OptJank - total:82 frameGap:88 delta#0#77#9#67#0#4
10-11 09:42:56.479  1644  1808 I 300     : 358
10-11 09:43:18.530  1644  1808 I 300     : 276
10-11 09:43:26.286 15064  6441 I 111     :  OptJank - continuously drops frames:4
10-11 09:43:34.815  1644  1801 I 322     : com.instagram.android#-1#263
10-11 09:50:00.320  8352  8352 I 100     : Open /data/app/~~CHsOGxLw1KOL_MgQwiSWZA==/com.google.android.calendar-0pvu85yXJ68d2NLg_UjjZQ==/base.apk took:60ms
10-11 09:51:01.935  1644  1808 I 300     : 104
10-11 09:51:05.086 24026 24101 I 111     :  OptJank - continuously drops frames:4
10-11 09:51:16.343  5828 20667 I 111     :  OptJank - continuously drops frames:4
10-11 09:51:16.378  5828 20667 I 111     :  OptJank - continuously drops frames:4
10-11 09:51:16.422  5828 20667 I 111     :  OptJank - continuously drops frames:4
10-11 09:51:16.467  5828 20667 I 111     :  OptJank - continuously drops frames:4
10-11 09:51:16.479  5828 20667 I 111     :  OptJank - high percentage:0.9
10-11 09:51:18.479  5828 20667 I 111     :  OptJank - continuously drops frames:4
10-11 09:51:18.515  5828 20667 I 111     :  OptJank - high percentage:0.45
10-11 09:51:18.607  5828 20667 I 111     :  OptJank - continuously drops frames:4
10-11 09:51:18.751  5828 20667 I 111     :  OptJank - high percentage:0.45
10-11 09:51:19.311  5828 20667 I 111     :  OptJank - continuously drops frames:4
10-11 09:51:19.355  5828 20667 I 111     :  OptJank - continuously drops frames:4
10-11 09:51:19.464  5828 20667 I 111     :  OptJank - high percentage:0.6
10-11 09:51:20.718  5828 20667 I 111     :  OptJank - continuously drops frames:4
10-11 09:51:24.497  5828 20667 I 111     :  OptJank - continuously drops frames:4
10-11 09:51:24.683  5828 20667 I 111     :  OptJank - continuously drops frames:4
10-11 09:51:24.731  5828 20667 I 111     :  OptJank - continuously drops frames:4
10-11 09:51:24.762  5828 20667 I 111     :  OptJank - high percentage:0.65
10-11 09:51:30.356  5828 20667 I 111     :  OptJank - continuously drops frames:4
10-11 09:51:30.400  5828 20667 I 111     :  OptJank - continuously drops frames:4
10-11 09:51:30.424  5828 20667 I 111     :  OptJank - high percentage:0.45
10-11 09:53:41.057  1644  1808 I 300     : 168
10-11 09:53:55.471 23325 23388 I 110     :  OptJank - total:339 frameGap:905 delta#316#15#10#4#0#6
10-11 09:53:59.330 16761  4175 I 110     :  OptJank - total:75 frameGap:81 delta#0#59#0#53#1#14
10-11 09:54:07.621  1644  1801 I 322     : com.whatsapp#-1#178
10-11 09:54:08.724  1644  1801 I 322     : com.whatsapp#-1#214
10-11 09:54:14.153 26051 17664 I 110     :  OptJank - total:82 frameGap:89 delta#0#75#0#7#0#5
10-11 09:54:16.418 26051 17664 I 110     :  OptJank - total:96 frameGap:96 delta#0#99#8#91#3#3
10-11 09:54:17.198  1644  1801 I 322     : com.whatsapp#-1#166
10-11 09:54:18.044  1644  1801 I 322     : com.whatsapp#-1#175
10-11 09:54:39.419  1644  1801 I 322     : com.whatsapp#-1#173
10-11 09:54:44.260 26051 17664 I 110     :  OptJank - total:92 frameGap:99 delta#0#86#0#86#0#4
10-11 09:54:49.922 26051 17624 I 101     : #295
10-11 09:54:50.726 20919 21462 I 111     :  OptJank - continuously drops frames:4
10-11 09:57:21.889 15069 10447 I 100     : Open /data/app/~~5GFc4NDCXrRsnnkqI9eJvw==/com.google.android.gms-4y1NvTCNY1iGYN4u0m6fzw==/base.apk took:91ms
10-11 10:01:08.852  1644  1808 I 300     : 119
10-11 10:01:10.293 11617 11617 I 100     : Open /data/app/~~NxbBhK2OT91Fsj2JSXBPPw==/com.olacabs.customer-nEjcqSYtKWennoKbmiRNVw==/base.apk took:104ms
10-11 10:01:11.391 11617 11735 I 100     : Open /data/app/~~5GFc4NDCXrRsnnkqI9eJvw==/com.google.android.gms-4y1NvTCNY1iGYN4u0m6fzw==/base.apk took:65ms
10-11 10:01:11.955 11617 11617 I 309     : package:com.olacabs.customer took:1839 calssname:android.app.ActivityThread$H callback:null what:110
10-11 10:01:12.374 16761  4175 I 110     :  OptJank - total:103 frameGap:103 delta#77#7#6#0#0#20
10-11 10:01:15.947  1644  1801 I 322     : com.whatsapp#-1#346
10-11 10:01:16.300 12075 12075 I 100     : Open /data/app/~~dSMH-wJ5F5bkQ9EVoSn-bA==/com.mihoyo.hoyolab-KGFQMpQF_eF1iuHfnVymeA==/base.apk took:105ms
10-11 10:01:17.016 24212 11870 I 101     : #206
10-11 10:01:17.527 12075 12075 I 309     : package:com.mihoyo.hoyolab took:1356 calssname:android.app.ActivityThread$H callback:null what:110
10-11 10:01:18.273 12205 12205 I 100     : Open /data/app/~~_9J_XstHOe1kiyH0xp6eGg==/com.google.android.apps.photos-M9KXI85lWcoYl8livkaUvQ==/base.apk took:109ms
10-11 10:01:19.629 12272 12272 I 100     : Open /data/app/~~_x9b6Ah4cg5mY3-lUZOreg==/com.google.android.apps.maps-tsnTmJzaNmst5qIBjvMsFw==/base.apk took:108ms
10-11 10:01:20.639 12272 12306 I 100     : Open /data/app/~~5GFc4NDCXrRsnnkqI9eJvw==/com.google.android.gms-4y1NvTCNY1iGYN4u0m6fzw==/base.apk took:73ms
10-11 10:01:21.001 12272 12308 I 100     : Open /data/user_de/0/com.google.android.gms/app_chimera/m/00000384/dl-BrellaDynamite.optional_223616100400.apk took:98ms
10-11 10:01:22.090 12400 12400 I 100     : Open /data/app/~~_JxEge7Coq0_j0VLVH_sHg==/tv.twitch.android.app-DlGDEpAVsZb81-acYYgFNA==/base.apk took:75ms
10-11 10:01:23.343 12400 12400 I 309     : package:tv.twitch.android.app took:1357 calssname:android.app.ActivityThread$H callback:null what:110
10-11 10:01:23.858 12625 12625 I 100     : Open /data/app/~~g8HZBXLnVDQaxtnwkIRAKA==/com.twitter.android-Aako8Ud2lNnLhjet2p8jKQ==/base.apk took:130ms
10-11 10:01:26.992 26051 10953 I 101     : #336
10-11 10:01:30.853 16761  4175 I 110     :  OptJank - total:85 frameGap:91 delta#66#11#10#0#0#7
10-11 10:01:30.971 16761  4175 I 110     :  OptJank - total:114 frameGap:118 delta#99#9#7#1#0#5
10-11 10:01:36.250 17301 17301 I 309     : package:com.oneplus.opwlb took:4412 calssname:android.app.ActivityThread$H callback:android.app.-$$Lambda$LoadedApk$ReceiverDispatcher$Args$_BumDX2UKsnxLVrE6UJsJZkotuA@e3bf873 what:0
10-11 10:01:36.669 23325 23388 I 110     :  OptJank - total:327 frameGap:433 delta#283#33#7#26#1#8
10-11 10:02:18.971 13701 13701 I 100     : Open /data/app/~~WkLg-Mizasd2usY_NnkYvw==/com.huawei.health-xEUynZe6LtoXQAS3LPCmHw==/base.apk took:215ms
10-11 10:03:10.864  1644  2568 I 300     : 96
10-11 10:03:24.752 23325 23388 I 110     :  OptJank - total:152 frameGap:503 delta#133#16#13#2#0#2
10-11 10:03:36.362 26051 27748 I 101     : #276
10-11 10:03:44.918  1644  1808 I 300     : 87
10-11 10:03:48.711  1644  1801 I 322     : com.whatsapp#-1#162
10-11 10:03:56.223 14639 14662 I 100     : Open /data/app/~~5GFc4NDCXrRsnnkqI9eJvw==/com.google.android.gms-4y1NvTCNY1iGYN4u0m6fzw==/base.apk took:51ms
10-11 10:04:00.204 24026 24101 I 111     :  OptJank - continuously drops frames:4
10-11 10:04:00.329 26051 17624 I 101     : #300
10-11 10:04:01.989 12625 14756 I 110     :  OptJank - total:226 frameGap:229 delta#0#214#0#214#0#12
10-11 10:04:26.752 24026 24101 I 111     :  OptJank - continuously drops frames:4
10-11 10:04:26.795 24026 24101 I 111     :  OptJank - continuously drops frames:4
10-11 10:04:26.841 24026 24101 I 111     :  OptJank - continuously drops frames:4
10-11 10:04:26.960 24026 24101 I 111     :  OptJank - high percentage:0.65
10-11 10:04:27.025 24026 24101 I 111     :  OptJank - continuously drops frames:4
10-11 10:04:27.831  1644  1801 I 322     : com.linkedin.android#-1#674
10-11 10:04:35.477 15066 15084 I 110     :  OptJank - total:28 frameGap:28 delta#22#239#10#228#0#17
10-11 10:05:10.253  1644  1801 I 322     : com.android.chrome#-1#163
10-11 10:06:10.412 16220 16220 I 100     : Open /data/app/~~_x9b6Ah4cg5mY3-lUZOreg==/com.google.android.apps.maps-tsnTmJzaNmst5qIBjvMsFw==/base.apk took:91ms
10-11 10:06:10.642 24026 24101 I 111     :  OptJank - continuously drops frames:4
10-11 10:06:13.359  1644  1808 I 300     : 233
10-11 10:06:26.904  1644  1801 I 322     : com.google.android.calendar#59#1073
10-11 10:07:15.386 16915 16915 I 100     : Open /data/app/~~DUi0JzocXGt04QfC_S6U4A==/com.google.android.projection.gearhead-xRia11ZRUqoi0DdPLVXjHw==/base.apk took:68ms
10-11 10:07:16.301 17036 17036 I 100     : Open /data/app/~~Pr3HyaJjYMeaPSdL5UvdiQ==/com.amazon.dee.app-a_FGyxpiSztqmWnL0ZZChA==/base.apk took:63ms
10-11 10:07:27.797  1644  1808 I 300     : 111
10-11 10:08:37.131 24217 18441 I 101     : #168
10-11 10:08:45.844  1644  1808 I 300     : 109
10-11 10:08:48.902 24026 24101 I 111     :  OptJank - continuously drops frames:4
10-11 10:08:49.369  1644  1801 I 322     : com.whatsapp#-1#245
10-11 10:10:15.013 26051 11460 I 101     : #191
10-11 10:12:57.288 26048  9065 I 101     : #328
10-11 10:41:27.415 24214 20396 I 100     : Open /system/framework/com.android.location.provider.jar took:58ms
10-11 10:52:48.632 24219 24219 I 100     : Open /data/app/~~DUqsUO2G9w-BHFqOPJD1IQ==/com.csam.icici.bank.imobile-ecPVwtCZrDaBg6tlxu3I-w==/base.apk took:64ms
10-11 11:02:11.301 21076 21076 I 309     : package:com.amazon.dee.app took:1446 calssname:android.app.ActivityThread$H callback:null what:110
10-11 11:05:16.928  1644  1808 I 300     : 127
10-11 11:05:17.323 24026 24101 I 111     :  OptJank - continuously drops frames:4
10-11 11:05:18.506 24026 24101 I 110     :  OptJank - total:127 frameGap:127 delta#111#12#1#10#0#6
10-11 11:05:18.825 22535 22535 I 100     : Open /data/app/~~kpTJluHGf_J050qWeugyVA==/net.one97.paytm-EzAJUEk29STh5Th9qBXmYQ==/base.apk took:158ms
10-11 11:05:20.186 22535 22535 I 309     : package:net.one97.paytm took:1609 calssname:android.app.ActivityThread$H callback:null what:110
10-11 11:05:20.822 22856 22856 I 100     : Open /data/app/~~yy6wH3UlPkCAgcVt3EqeGQ==/com.myntra.android-htU5pM_ZTkBAMDv8cfp9lA==/base.apk took:136ms
10-11 11:05:20.934 24026 24101 I 111     :  OptJank - continuously drops frames:4
10-11 11:05:21.700 22856 22856 I 309     : package:com.myntra.android took:1143 calssname:android.app.ActivityThread$H callback:null what:110
10-11 11:05:21.858 23087 23087 I 100     : Open /data/app/~~dg6LbFUbhmY9mTwnSoLZvA==/com.facebook.katana-8_AQHbSyzZkmTNWawufTDA==/base.apk took:117ms
10-11 11:05:22.411 23190 23190 I 100     : Open /data/app/~~ylJgVMBE0IwzoiGq2jaj0A==/com.ril.ajio-HWimE7JwDGuXYFOF7V5rtA==/base.apk took:149ms
10-11 11:05:22.885 24026 24101 I 111     :  OptJank - continuously drops frames:4
10-11 11:05:23.012 24026 24101 I 111     :  OptJank - high percentage:0.7
10-11 11:05:23.194 24026 24101 I 111     :  OptJank - continuously drops frames:4
10-11 11:05:23.233 24026 24101 I 111     :  OptJank - high percentage:0.45
10-11 11:05:23.413 24026 24101 I 110     :  OptJank - total:109 frameGap:109 delta#0#109#2#6#0#1
10-11 11:05:23.413 24026 24101 I 111     : OptJank - big and big
10-11 11:05:23.757  1644  1801 I 322     : com.whatsapp#-1#408
10-11 11:05:24.088 23190 23190 I 309     : package:com.ril.ajio took:1856 calssname:android.app.ActivityThread$H callback:null what:110
10-11 11:05:24.245 22535 22580 I 101     : #170
10-11 11:05:24.572 10883 22628 I 101     : #187
10-11 11:05:24.918 23087 23226 I 100     : Open /system/framework/QPerformance.jar took:112ms
10-11 11:05:26.099 23491 23545 I 100     : Open /data/user_de/0/com.google.android.gms/app_chimera/m/00000374/dl-AdsFdrDynamite.integ_223104600100000.apk took:105ms
10-11 11:05:26.384 10887 22829 I 101     : #1046
10-11 11:05:27.060 23491 23491 I 309     : package:com.mventus.selfcare.activity took:2358 calssname:android.app.ActivityThread$H callback:null what:110
10-11 11:05:27.857 10883 22628 I 101     : #235
10-11 11:05:28.432 22856 22931 I 101     : #2520
10-11 11:05:28.827 23087 23229 I 101     : #4144
10-11 11:05:28.827 23087 23115 I 101     : #2921
10-11 11:05:28.828 23087 23154 I 101     : #1855
10-11 11:05:29.945 10887 22829 I 101     : #494
10-11 11:05:31.326 23087 23154 I 101     : #2166
10-11 11:05:33.160 23912 23912 I 100     : Open /data/app/~~BosF71LDSFGA_crgKzJzAQ==/com.google.android.apps.fitness-UwDPZlBucXDJR79Y0rC-mA==/base.apk took:63ms
10-11 11:06:03.729 26051 19035 I 101     : #315
10-11 11:06:18.696  1644  1801 I 322     : com.google.android.gms#100#631
10-11 11:06:46.226  1644  1801 I 322     : com.whatsapp#-1#221
10-11 11:06:48.495  1644  1801 I 322     : com.whatsapp#-1#189
10-11 11:06:49.892  1644  1801 I 322     : com.whatsapp#-1#206
10-11 11:08:12.702 26051 23358 I 101     : #328
10-11 11:08:31.778  1644  1801 I 322     : com.google.android.gm#-1#201
10-11 11:09:58.534  5830 18290 I 111     :  OptJank - continuously drops frames:4
10-11 11:10:11.968 26700 26700 I 100     : Open /system/product/priv-app/OPChargingPillar/OPChargingPillar.apk took:72ms
10-11 11:11:46.188  1644  1808 I 300     : 82
10-11 11:11:46.730  5830 18290 I 110     :  OptJank - total:67 frameGap:67 delta#0#25#8#0#0#67
10-11 11:11:46.951 27189 27189 I 100     : Open /data/app/~~DuHuDsUkuk35L-mI1wqHpQ==/com.instagram.android-Z0ekkFOH1ZxtOamdyqQO5w==/base.apk took:74ms
10-11 11:11:56.428  1644  1801 I 322     : com.whatsapp#-1#241
10-11 11:11:59.567 24026 24101 I 111     :  OptJank - continuously drops frames:4
10-11 11:11:59.708 24026 24101 I 111     :  OptJank - continuously drops frames:4
10-11 11:11:59.784 24026 24101 I 111     :  OptJank - continuously drops frames:4
10-11 11:11:59.861 24026 24101 I 111     :  OptJank - continuously drops frames:4
10-11 11:11:59.861 24026 24101 I 111     :  OptJank - high percentage:0.65
10-11 11:11:59.970 24026 24101 I 111     :  OptJank - continuously drops frames:4
10-11 11:12:00.181 24026 24101 I 110     :  OptJank - total:110 frameGap:111 delta#0#108#0#2#0#1
10-11 11:12:00.300 24026 24101 I 110     :  OptJank - total:106 frameGap:115 delta#0#105#0#66#0#1
10-11 11:12:00.538  1644  1801 I 322     : com.google.android.gm#-1#451
10-11 11:12:00.890 27463 27587 I 100     : Open /system/framework/org.apache.http.legacy.jar took:63ms
10-11 11:12:06.209 26051 17624 I 101     : #280
10-11 11:12:09.509  5830 18290 I 110     :  OptJank - total:128 frameGap:143 delta#111#12#10#0#0#4
10-11 11:12:16.784  5830 18290 I 110     :  OptJank - total:144 frameGap:2352 delta#55#75#5#65#0#12
10-11 11:15:23.559  1644  1808 I 300     : 315
10-11 11:15:26.932  1644  1801 I 322     : com.android.settings#-1#483
10-11 12:02:13.286  2262  2262 I 100     : Open /data/app/~~g8HZBXLnVDQaxtnwkIRAKA==/com.twitter.android-Aako8Ud2lNnLhjet2p8jKQ==/base.apk took:230ms
10-11 12:02:14.966  2262  2262 I 309     : package:com.twitter.android took:1977 calssname:android.app.ActivityThread$H callback:null what:110
10-11 12:02:15.631  2373  2459 I 100     : Open /data/user_de/0/com.google.android.gms/app_chimera/m/00000384/dl-BrellaDynamite.optional_223616100400.apk took:93ms
10-11 12:02:16.007  2262  2614 I 100     : Open /system/framework/com.android.location.provider.jar took:458ms
10-11 12:02:16.074  2373  2459 I 101     : #420
10-11 12:02:16.192  2262  2614 I 100     : Open /data/app/~~5GFc4NDCXrRsnnkqI9eJvw==/com.google.android.gms-4y1NvTCNY1iGYN4u0m6fzw==/base.apk took:145ms
10-11 12:02:16.233 18831  1707 I 101     : #437
10-11 12:02:18.796  2373  2447 I 101     : #175
10-11 12:24:01.968 24026 24101 I 110     :  OptJank - total:77 frameGap:90 delta#11#60#5#54#0#5
10-11 12:24:05.413 24026 24101 I 110     :  OptJank - total:85 frameGap:89 delta#0#78#74#2#0#7
10-11 12:24:05.840  6144  6144 I 100     : Open /data/app/~~ylJgVMBE0IwzoiGq2jaj0A==/com.ril.ajio-HWimE7JwDGuXYFOF7V5rtA==/base.apk took:133ms
10-11 12:24:06.682  6209  6209 I 100     : Open /data/app/~~dg6LbFUbhmY9mTwnSoLZvA==/com.facebook.katana-8_AQHbSyzZkmTNWawufTDA==/base.apk took:165ms
10-11 12:24:06.785  6144  6144 I 309     : package:com.ril.ajio took:1135 calssname:android.app.ActivityThread$H callback:null what:110
10-11 12:24:07.917  1644  1801 I 322     : com.whatsapp#-1#307
10-11 12:24:08.994  6209  6228 I 101     : #173
10-11 12:24:10.198 17301 17301 I 309     : package:com.oneplus.opwlb took:6104 calssname:android.app.ActivityThread$H callback:android.app.-$$Lambda$LoadedApk$ReceiverDispatcher$Args$_BumDX2UKsnxLVrE6UJsJZkotuA@7d47524 what:0
10-11 12:24:16.580  1644  1801 I 322     : com.whatsapp#-1#227
10-11 12:24:19.281  1644  1801 I 322     : com.whatsapp#-1#154
10-11 12:24:32.512  1644  1801 I 322     : com.whatsapp#-1#184
10-11 12:24:33.338  1644  1801 I 322     : com.whatsapp#-1#189
10-11 12:24:34.868  1644  1801 I 322     : com.whatsapp#-1#170
10-11 12:24:45.897  1644  1801 I 322     : com.whatsapp#-1#138
10-11 12:24:48.749 26051 17664 I 111     :  OptJank - continuously drops frames:4
10-11 12:24:54.614 26051  1914 I 101     : #410
10-11 12:25:34.661 18834  7017 I 101     : #208
10-11 12:30:02.397  1644  2857 I 300     : 311
10-11 12:54:40.920  1644  1808 I 300     : 85
10-11 12:54:43.723  1644  1801 I 322     : com.whatsapp#-1#236
10-11 12:54:45.591  8761  8796 I 100     : Open /data/user_de/0/com.google.android.gms/app_chimera/m/00000374/dl-AdsFdrDynamite.integ_223104600100000.apk took:53ms
10-11 12:54:45.876  8761  8761 I 309     : package:com.mventus.selfcare.activity took:1061 calssname:android.app.ActivityThread$H callback:null what:110
10-11 12:55:21.011  1644  1801 I 322     : com.whatsapp#-1#181
10-11 12:55:25.466 24026 24101 I 110     :  OptJank - total:184 frameGap:187 delta#166#12#10#0#0#4
10-11 12:55:26.992  1644  1801 I 322     : com.linkedin.android#-1#380
10-11 12:55:29.516 26051 17624 I 101     : #296
10-11 12:55:43.578  9301  9322 I 101     : #248
10-11 12:55:47.299  1644  1801 I 322     : com.miHoYo.GenshinImpact#74#812
10-11 12:55:58.159 17301 17301 I 309     : package:com.oneplus.opwlb took:4556 calssname:android.app.ActivityThread$H callback:android.app.-$$Lambda$LoadedApk$ReceiverDispatcher$Args$_BumDX2UKsnxLVrE6UJsJZkotuA@a581890 what:0
10-11 12:56:03.484  1644  1801 I 322     : com.miHoYo.GenshinImpact#-1#128
10-11 12:56:05.905  1644  2352 I 106     : System spent 236.3ms processing the last motion event: MotionEvent#DOWN
10-11 12:56:05.949  1644  2352 I 106     : System spent 204.3ms processing the last motion event: MotionEvent#MOVE
10-11 12:56:05.949  1644  2352 I 106     : System spent 196.4ms processing the last motion event: MotionEvent#MOVE
10-11 12:56:05.949  1644  2352 I 106     : System spent 187.6ms processing the last motion event: MotionEvent#MOVE
10-11 12:56:05.949  1644  2352 I 106     : System spent 179.1ms processing the last motion event: MotionEvent#MOVE
10-11 12:56:05.953  1644  2352 I 106     : System spent 171.4ms processing the last motion event: MotionEvent#UP
10-11 13:03:46.795 16761  4175 I 110     :  OptJank - total:198 frameGap:202 delta#177#8#4#2#2#10
10-11 13:03:47.452 16761  4175 I 110     :  OptJank - total:129 frameGap:129 delta#133#12#7#5#0#1
10-11 13:03:55.059  1644  1801 I 322     : com.instagram.android#89#1287
10-11 13:03:55.358 24366 10660 I 110     :  OptJank - total:86 frameGap:92 delta#11#71#2#3#0#3
10-11 13:04:04.531  1644  1801 I 322     : com.instagram.android#-1#312
10-11 13:04:07.736 24366 10660 I 110     :  OptJank - total:74 frameGap:169 delta#0#12#3#4#0#62
10-11 13:05:53.371  1644  1801 I 322     : com.instagram.android#-1#220
10-11 13:06:28.738 24366 10660 I 110     :  OptJank - total:130 frameGap:188 delta#99#26#0#25#0#4
10-11 13:06:33.838 24366 10660 I 111     :  OptJank - continuously drops frames:4
10-11 13:07:18.424 12078 12078 I 100     : Open /data/app/~~_9J_XstHOe1kiyH0xp6eGg==/com.google.android.apps.photos-M9KXI85lWcoYl8livkaUvQ==/base.apk took:59ms
10-11 13:08:19.894 24026 24101 I 110     :  OptJank - total:78 frameGap:78 delta#77#13#7#6#0#5
10-11 13:08:20.428 12299 12299 I 100     : Open /system/product/priv-app/OPChargingPillar/OPChargingPillar.apk took:132ms
10-11 13:10:44.882  1644  1808 I 300     : 277
10-11 13:10:46.541 24026 24101 I 110     :  OptJank - total:93 frameGap:98 delta#44#44#11#31#1#3
10-11 13:10:46.633 12596 12596 I 309     : package:com.google.android.gsf took:1086 calssname:android.app.ActivityThread$H callback:null what:110
10-11 13:10:53.109  2566 13055 I 100     : Open /system/framework/com.android.location.provider.jar took:54ms
10-11 13:10:53.810  1644  1801 I 322     : com.google.android.youtube#61#1138
10-11 13:10:54.054  2566 13066 I 110     :  OptJank - total:242 frameGap:242 delta#122#116#1#30#0#10
10-11 13:11:03.965  2566 13066 I 110     :  OptJank - total:162 frameGap:165 delta#133#26#3#23#0#1
10-11 13:11:04.883  2566 13066 I 110     :  OptJank - total:154 frameGap:521 delta#33#117#1#115#0#3
10-11 13:13:30.963  1644  1801 I 322     : com.android.systemui#-1#140
10-11 13:13:33.702 16761  4175 I 110     :  OptJank - total:135 frameGap:139 delta#111#9#7#2#6#7
10-11 13:13:34.074 16761  4175 I 110     :  OptJank - total:120 frameGap:120 delta#111#14#7#7#0#1
10-11 13:13:39.664  1644  1801 I 322     : org.mozilla.firefox#57#647
10-11 13:15:41.838  2572 14016 I 110     :  OptJank - total:104 frameGap:166 delta#88#12#11#0#0#2
10-11 13:17:45.315 15851 15851 I 100     : Open /data/app/~~yy6wH3UlPkCAgcVt3EqeGQ==/com.myntra.android-htU5pM_ZTkBAMDv8cfp9lA==/base.apk took:63ms
10-11 13:17:59.839  1644  1801 I 322     : com.google.android.youtube#53#860
10-11 13:18:01.599 17301 17301 I 309     : package:com.oneplus.opwlb took:5399 calssname:android.app.ActivityThread$H callback:android.app.-$$Lambda$LoadedApk$ReceiverDispatcher$Args$_BumDX2UKsnxLVrE6UJsJZkotuA@964a214 what:0
10-11 13:18:41.058 24364 16276 I 110     :  OptJank - total:153 frameGap:156 delta#144#3#2#0#0#5
10-11 13:18:41.540  1644  2352 I 106     : System spent 629.7ms processing the last motion event: MotionEvent#DOWN
10-11 13:18:41.540  1644  2352 I 106     : System spent 592.7ms processing the last motion event: MotionEvent#UP
10-11 13:18:52.675 17301 17301 I 309     : package:com.oneplus.opwlb took:4383 calssname:android.app.ActivityThread$H callback:android.app.-$$Lambda$LoadedApk$ReceiverDispatcher$Args$_BumDX2UKsnxLVrE6UJsJZkotuA@3b00f61 what:0
10-11 13:21:13.172 16916 16916 I 100     : Open /data/app/~~Qr_L2BwgDWQ41HXBXiXptQ==/com.google.android.gm-5N9_GETy31pbxFisZB6eoA==/base.apk took:85ms
10-11 13:21:13.438  2573 16966 I 100     : Open /data/app/~~5GFc4NDCXrRsnnkqI9eJvw==/com.google.android.gms-4y1NvTCNY1iGYN4u0m6fzw==/base.apk took:62ms
10-11 13:21:15.806 16916 17156 I 101     : #217
10-11 13:21:18.375  2573 16962 I 101     : #163
10-11 13:22:42.553 17297 17297 I 100     : Open /data/app/~~ISD-4lo5coiQ903ib_6Xpg==/com.discord-hIE9WcjN4H7DV2XHb1-ARQ==/base.apk took:68ms
10-11 13:26:12.407 24364 16276 I 111     :  OptJank - continuously drops frames:4
10-11 13:26:28.054 24364 16276 I 110     :  OptJank - total:218 frameGap:222 delta#88#126#5#118#0#2
10-11 13:26:51.061 24364 16276 I 110     :  OptJank - total:128 frameGap:139 delta#44#79#7#67#0#4
10-11 13:26:53.813 24364 16276 I 110     :  OptJank - total:146 frameGap:146 delta#66#76#0#74#0#3
10-11 13:26:59.480 24364 16276 I 110     :  OptJank - total:137 frameGap:148 delta#44#88#7#74#0#4
10-11 13:27:02.824 24364 16276 I 110     :  OptJank - total:138 frameGap:138 delta#66#73#2#69#0#3
10-11 13:27:59.050 24364 16276 I 110     :  OptJank - total:136 frameGap:146 delta#55#76#2#68#0#3
10-11 13:28:00.133 24364 16276 I 110     :  OptJank - total:213 frameGap:651 delta#66#143#5#129#0#3
10-11 13:29:29.826 24364 16276 I 111     :  OptJank - continuously drops frames:4
10-11 13:30:21.108 24364 16276 I 111     :  OptJank - continuously drops frames:4
10-11 13:30:21.152 24364 16276 I 111     :  OptJank - continuously drops frames:4
10-11 13:30:49.460 24364 16276 I 110     :  OptJank - total:79 frameGap:825 delta#66#10#2#7#0#2
10-11 13:31:01.992 24364 16276 I 110     :  OptJank - total:101 frameGap:108 delta#77#21#3#16#0#2
10-11 13:31:03.836 24364 16276 I 111     :  OptJank - continuously drops frames:4
10-11 13:31:03.965 24364 16276 I 111     :  OptJank - continuously drops frames:4
10-11 13:31:03.965 24364 16276 I 111     :  OptJank - high percentage:0.45
10-11 13:31:04.064 24364 16276 I 111     :  OptJank - continuously drops frames:4
10-11 13:31:04.167 24364 16276 I 111     :  OptJank - continuously drops frames:4
10-11 13:31:04.302 24364 16276 I 111     :  OptJank - continuously drops frames:4
10-11 13:31:04.444 24364 16276 I 111     :  OptJank - high percentage:0.65
10-11 13:31:08.385 24364 16276 I 111     :  OptJank - continuously drops frames:4
10-11 13:31:08.516 24364 16276 I 111     :  OptJank - continuously drops frames:4
10-11 13:31:08.657 24364 16276 I 111     :  OptJank - continuously drops frames:4
10-11 13:31:08.786 24364 16276 I 111     :  OptJank - continuously drops frames:4
10-11 13:31:08.915 24364 16276 I 111     :  OptJank - continuously drops frames:4
10-11 13:31:09.049 24364 16276 I 111     :  OptJank - continuously drops frames:4
10-11 13:31:09.050 24364 16276 I 111     :  OptJank - high percentage:1
10-11 13:31:09.188 24364 16276 I 111     :  OptJank - continuously drops frames:4
10-11 13:31:09.322 24364 16276 I 111     :  OptJank - continuously drops frames:4
10-11 13:31:09.456 24364 16276 I 111     :  OptJank - continuously drops frames:4
10-11 13:31:09.589 24364 16276 I 111     :  OptJank - continuously drops frames:4
10-11 13:31:09.702 24364 16276 I 111     :  OptJank - continuously drops frames:4
10-11 13:31:09.703 24364 16276 I 111     :  OptJank - high percentage:1
10-11 13:31:09.973 24364 16276 I 111     :  OptJank - continuously drops frames:4
10-11 13:31:10.087 24364 16276 I 111     :  OptJank - high percentage:0.65
10-11 13:31:10.154 24364 16276 I 111     :  OptJank - continuously drops frames:4
10-11 13:31:10.237 24364 16276 I 111     :  OptJank - continuously drops frames:4
10-11 13:31:10.414 24364 16276 I 111     :  OptJank - high percentage:0.65
10-11 13:31:10.549 24364 16276 I 111     :  OptJank - continuously drops frames:4
10-11 13:31:10.616 24364 16276 I 111     :  OptJank - continuously drops frames:4
10-11 13:31:10.683 24364 16276 I 111     :  OptJank - continuously drops frames:4
10-11 13:31:10.752 24364 16276 I 111     :  OptJank - continuously drops frames:4
10-11 13:31:10.753 24364 16276 I 111     :  OptJank - high percentage:0.95
10-11 13:31:10.835 24364 16276 I 111     :  OptJank - continuously drops frames:4
10-11 13:31:10.952 24364 16276 I 111     :  OptJank - continuously drops frames:4
10-11 13:31:13.914 24364 16276 I 111     :  OptJank - continuously drops frames:4
10-11 13:31:13.992 24364 16276 I 111     :  OptJank - high percentage:0.7
10-11 13:34:23.593 18197 18197 I 100     : Open /data/app/~~_JxEge7Coq0_j0VLVH_sHg==/tv.twitch.android.app-DlGDEpAVsZb81-acYYgFNA==/base.apk took:74ms
10-11 13:34:24.753 18197 18197 I 309     : package:tv.twitch.android.app took:1268 calssname:android.app.ActivityThread$H callback:null what:110
10-11 13:36:44.242 18498 18498 I 100     : Open /data/app/~~ylJgVMBE0IwzoiGq2jaj0A==/com.ril.ajio-HWimE7JwDGuXYFOF7V5rtA==/base.apk took:76ms
10-11 13:44:08.691 24364 16276 I 110     :  OptJank - total:238 frameGap:248 delta#66#167#7#149#0#3
10-11 13:44:08.828 24364 16276 I 111     :  OptJank - continuously drops frames:4
10-11 13:44:12.988 24026 24101 I 111     :  OptJank - continuously drops frames:4
10-11 13:44:13.103 24026 24101 I 111     :  OptJank - continuously drops frames:4
10-11 13:44:13.178 24026 24101 I 111     :  OptJank - continuously drops frames:4
10-11 13:44:13.207 24026 24101 I 111     :  OptJank - high percentage:0.7
10-11 13:44:50.084 24364 16276 I 110     :  OptJank - total:128 frameGap:128 delta#88#34#11#23#1#3
10-11 13:44:50.849 24364 16276 I 110     :  OptJank - total:112 frameGap:333 delta#33#74#0#74#0#3
10-11 13:45:52.907 24364 16276 I 111     :  OptJank - continuously drops frames:4
10-11 13:45:52.939 24364 16276 I 111     :  OptJank - high percentage:0.55
10-11 13:45:53.595 24364 16276 I 110     :  OptJank - total:176 frameGap:179 delta#0#173#0#172#0#2
10-11 13:45:53.595 24364 16276 I 111     : OptJank - big and big
10-11 13:46:23.976 24364 16276 I 110     :  OptJank - total:112 frameGap:114 delta#77#31#5#25#0#2
10-11 13:46:24.800 24364 16276 I 110     :  OptJank - total:110 frameGap:617 delta#11#86#3#82#1#11
10-11 13:46:58.755 24364 16276 I 110     :  OptJank - total:91 frameGap:398 delta#22#65#8#46#0#3
10-11 13:47:12.029 24364 16276 I 110     :  OptJank - total:82 frameGap:86 delta#66#10#8#1#0#4
10-11 13:47:13.145 24364 16276 I 111     :  OptJank - continuously drops frames:4
10-11 13:47:16.876 24364 16276 I 111     :  OptJank - continuously drops frames:4
10-11 13:47:19.674 24364 16276 I 111     :  OptJank - continuously drops frames:4
10-11 13:47:43.594 24364 16276 I 110     :  OptJank - total:91 frameGap:96 delta#77#3#1#2#0#10
10-11 13:47:46.877 24364 16276 I 111     :  OptJank - continuously drops frames:4
10-11 13:47:55.118 24026 24101 I 111     :  OptJank - continuously drops frames:4
10-11 13:47:55.167 24026 24101 I 111     :  OptJank - continuously drops frames:4
10-11 13:47:55.252 24026 24101 I 111     :  OptJank - high percentage:0.6
10-11 13:47:55.341 24026 24101 I 111     :  OptJank - continuously drops frames:4
10-11 13:47:55.492 24026 24101 I 111     :  OptJank - high percentage:0.6
10-11 13:47:56.240  1644  1801 I 322     : com.instagram.android#-1#766
10-11 13:47:56.366  2570 19614 I 110     :  OptJank - total:124 frameGap:124 delta#22#76#6#70#0#25
10-11 13:47:57.826  1644  1801 I 322     : com.instagram.android#-1#222
10-11 13:48:22.569  2570 19614 I 111     :  OptJank - continuously drops frames:4
10-11 13:48:33.928  2570 19614 I 110     :  OptJank - total:98 frameGap:101 delta#88#6#6#0#0#2
10-11 13:48:34.714  1644  1801 I 322     : com.instagram.android#-1#278
10-11 13:49:31.385  2570 19614 I 110     :  OptJank - total:96 frameGap:165 delta#0#7#2#3#0#88
10-11 13:49:32.600  2570 19614 I 111     :  OptJank - continuously drops frames:4
10-11 13:49:43.570  2570 19614 I 111     :  OptJank - continuously drops frames:4
10-11 13:49:43.753  2570 19614 I 111     :  OptJank - high percentage:0.5
10-11 13:49:45.793 16761  4175 I 110     :  OptJank - total:113 frameGap:113 delta#99#13#11#0#6#5
10-11 13:49:47.215  1644  1801 I 322     : com.google.android.gm#-1#430
10-11 13:49:50.387 17301 17301 I 309     : package:com.oneplus.opwlb took:4772 calssname:android.app.ActivityThread$H callback:android.app.-$$Lambda$LoadedApk$ReceiverDispatcher$Args$_BumDX2UKsnxLVrE6UJsJZkotuA@b1492b1 what:0
10-11 13:49:57.238  1644  1801 I 322     : com.google.android.play.games#-1#500
10-11 13:49:57.732  1644  1801 I 322     : com.google.android.play.games#-1#290
10-11 13:50:04.338  1644  1801 I 322     : org.chromium.webapk.aa856e4b15d1f2cbf_v2#63#296
10-11 13:50:05.977  1644  1801 I 322     : com.android.chrome#-1#1430
10-11 13:50:15.469 17301 17301 I 309     : package:com.oneplus.opwlb took:4536 calssname:android.app.ActivityThread$H callback:android.app.-$$Lambda$LoadedApk$ReceiverDispatcher$Args$_BumDX2UKsnxLVrE6UJsJZkotuA@aee8aa3 what:0
10-11 13:50:21.666 21736 21736 I 309     : package:com.android.providers.downloads took:1112 calssname:android.app.ActivityThread$H callback:null what:110
10-11 13:50:25.654 21780 21780 I 100     : Open /data/app/~~1r9DxuKQhJDcQRlxYa_LRw==/com.paytmmoney-0G-woLmo96F8O6rGw41mZg==/base.apk took:79ms
10-11 13:50:26.596 21780 21780 I 309     : package:com.paytmmoney took:1050 calssname:android.app.ActivityThread$H callback:null what:110
10-11 13:50:31.660 17301 17301 I 309     : package:com.oneplus.opwlb took:4215 calssname:android.app.ActivityThread$H callback:android.app.-$$Lambda$LoadedApk$ReceiverDispatcher$Args$_BumDX2UKsnxLVrE6UJsJZkotuA@51dadeb what:0
10-11 13:51:20.610 16916 16960 I 101     : #284
10-11 13:51:20.967 24026 24101 I 111     :  OptJank - continuously drops frames:4
10-11 13:51:21.013 24026 24101 I 111     :  OptJank - continuously drops frames:4
10-11 13:51:21.057 24026 24101 I 111     :  OptJank - continuously drops frames:4
10-11 13:51:21.331 24026 24101 I 111     :  OptJank - continuously drops frames:4
10-11 13:51:41.920 16916 20435 I 111     :  OptJank - continuously drops frames:4
10-11 13:51:46.418 22468 22468 I 100     : Open /system/product/priv-app/OPChargingPillar/OPChargingPillar.apk took:60ms
10-11 13:53:04.646  1644  2352 I 106     : System spent 241.4ms processing the last key event: KeyEvent#134
10-11 13:53:04.797  1644  1808 I 300     : 351
10-11 13:53:14.409  1644  1801 I 322     : com.google.android.packageinstaller#69#261
10-11 13:53:14.948 23008 23008 I 100     : Open /data/app/~~_9J_XstHOe1kiyH0xp6eGg==/com.google.android.apps.photos-M9KXI85lWcoYl8livkaUvQ==/base.apk took:71ms
10-11 13:53:17.819 17301 17301 I 309     : package:com.oneplus.opwlb took:1002 calssname:android.app.ActivityThread$H callback:android.app.-$$Lambda$LoadedApk$ReceiverDispatcher$Args$_BumDX2UKsnxLVrE6UJsJZkotuA@c5dc9e1 what:0
10-11 13:53:18.062 12983 12983 I 100     : Open /data/app/~~tTGA7vqRfcpISEBRgsITzQ==/com.google.android.apps.docs-_GNyFEAaqoMJcH3aTpboYg==/base.apk took:55ms
10-11 13:53:20.750 23450 23450 I 100     : Open /data/app/~~3UXQUx0XQ64Vw--s1hvC1A==/com.google.android.apps.docs.editors.docs-nnCADRwfBhjzo6FcqK_hWw==/base.apk took:88ms
10-11 13:53:21.320  1644  1801 I 322     : com.google.android.apps.docs#-1#819
10-11 13:53:21.826 23450 23450 I 309     : package:com.google.android.apps.docs.editors.docs took:1201 calssname:android.app.ActivityThread$H callback:null what:110
10-11 13:53:23.722 17301 17301 I 309     : package:com.oneplus.opwlb took:4066 calssname:android.app.ActivityThread$H callback:android.app.-$$Lambda$LoadedApk$ReceiverDispatcher$Args$_BumDX2UKsnxLVrE6UJsJZkotuA@771569a what:0
10-11 13:53:25.998 24086 24086 I 100     : Open /data/app/~~_x9b6Ah4cg5mY3-lUZOreg==/com.google.android.apps.maps-tsnTmJzaNmst5qIBjvMsFw==/base.apk took:90ms
10-11 13:53:29.928 24312 24312 I 100     : Open /data/app/~~GXFRLOOauKwIxpnZc70weQ==/com.jio.myjio-whHCblppCxF50DvvBY_aRg==/base.apk took:110ms
10-11 13:54:03.577  1644  1801 I 322     : com.oneplus.filemanager#91#576
10-11 13:54:04.799  1644  1801 I 322     : com.oneplus.filemanager#-1#145
10-11 13:54:12.404  1644  1801 I 322     : com.google.android.packageinstaller#-1#220
10-11 13:54:12.620  1644  1801 I 322     : com.google.android.packageinstaller#-1#190
10-11 13:54:12.958  1644  1801 I 322     : com.google.android.packageinstaller#-1#126
10-11 13:54:14.903 20712 20712 I 309     : package:com.android.vending took:1152 calssname:android.app.ActivityThread$H callback:android.app.LoadedApk$ServiceDispatcher$RunConnection@7bbc53c what:0
10-11 13:54:17.066  1644  1801 I 322     : com.android.vending#-1#269
10-11 13:54:19.081  1644  1801 I 322     : com.google.android.packageinstaller#-1#92
10-11 13:54:20.505 17301 17301 I 309     : package:com.oneplus.opwlb took:1231 calssname:android.app.ActivityThread$H callback:android.app.-$$Lambda$LoadedApk$ReceiverDispatcher$Args$_BumDX2UKsnxLVrE6UJsJZkotuA@9bbe2d8 what:0
10-11 13:54:21.013  1644  1801 I 322     : org.test.musiclights#190#565
10-11 13:54:23.146  1644  1801 I 322     : com.android.vending#-1#198
10-11 13:54:23.686 17301 17301 I 309     : package:com.oneplus.opwlb took:3180 calssname:android.app.ActivityThread$H callback:android.app.-$$Lambda$LoadedApk$ReceiverDispatcher$Args$_BumDX2UKsnxLVrE6UJsJZkotuA@1deeb15 what:0
10-11 13:54:24.429 17227 17227 F libc    : Fatal signal 11 (SIGSEGV), code 1 (SEGV_MAPERR), fault addr 0x4 in tid 17227 (est.musiclights), pid 17227 (est.musiclights)
10-11 13:54:24.671 25155 25155 F DEBUG   : *** *** *** *** *** *** *** *** *** *** *** *** *** *** *** ***
10-11 13:54:24.671 25155 25155 F DEBUG   : Build fingerprint: 'OnePlus/OnePlus7Pro/OnePlus7Pro:11/RKQ1.201022.002/2206171030:user/release-keys'
10-11 13:54:24.671 25155 25155 F DEBUG   : Revision: '0'
10-11 13:54:24.671 25155 25155 F DEBUG   : ABI: 'arm64'
10-11 13:54:24.672 25155 25155 F DEBUG   : Timestamp: 2022-10-11 13:54:24+0530
10-11 13:54:24.672 25155 25155 F DEBUG   : pid: 17227, tid: 17227, name: est.musiclights  >>> org.test.musiclights <<<
10-11 13:54:24.672 25155 25155 F DEBUG   : uid: 10622
10-11 13:54:24.672 25155 25155 F DEBUG   : signal 11 (SIGSEGV), code 1 (SEGV_MAPERR), fault addr 0x4
10-11 13:54:24.672 25155 25155 F DEBUG   : Cause: null pointer dereference
10-11 13:54:24.672 25155 25155 F DEBUG   :     x0  0000007b2b7556b8  x1  0000007fe8124de0  x2  0000007d9e5d8c95  x3  0000007fe81249e8
10-11 13:54:24.672 25155 25155 F DEBUG   :     x4  0000007fe81249e0  x5  0000000000000004  x6  0000007da2a43000  x7  0000007fe8124d19
10-11 13:54:24.672 25155 25155 F DEBUG   :     x8  0000000000000000  x9  0000000000000004  x10 0000000000000088  x11 0000000000000000
10-11 13:54:24.672 25155 25155 F DEBUG   :     x12 0000000000000000  x13 0000007fe8124cb8  x14 0000007aaaa3e780  x15 0000000000000000
10-11 13:54:24.672 25155 25155 F DEBUG   :     x16 0000007d9e67a460  x17 0000007d9e9b1910  x18 0000007da1a50000  x19 0000007fe8124e70
10-11 13:54:24.672 25155 25155 F DEBUG   :     x20 0000007b2b75de50  x21 0000000000000001  x22 0000007da18dc000  x23 0000007bab6e9fd8
10-11 13:54:24.672 25155 25155 F DEBUG   :     x24 0000007da18dc000  x25 0000007da18dc000  x26 0000000000000129  x27 0000007aaafb6000
10-11 13:54:24.672 25155 25155 F DEBUG   :     x28 0000000000000000  x29 0000007fe8124df0
10-11 13:54:24.673 25155 25155 F DEBUG   :     lr  0000007d9e649ae0  sp  0000007fe8124dd0  pc  0000007d9e9b1918  pst 0000000000000000
10-11 13:54:37.126  1644  1801 I 322     : org.test.musiclights#69#272
10-11 13:54:47.521  1644  1801 I 322     : org.test.musiclights#69#277
10-11 13:55:24.297 25620 25620 I 100     : Open /data/app/~~g8HZBXLnVDQaxtnwkIRAKA==/com.twitter.android-Aako8Ud2lNnLhjet2p8jKQ==/base.apk took:113ms
10-11 13:58:32.868  1644  1808 I 300     : 222
10-11 13:58:33.539 25897 25897 I 100     : Open /data/app/~~DuHuDsUkuk35L-mI1wqHpQ==/com.instagram.android-Z0ekkFOH1ZxtOamdyqQO5w==/base.apk took:134ms
10-11 13:58:34.956 26092 26092 I 100     : Open /data/app/~~dg6LbFUbhmY9mTwnSoLZvA==/com.facebook.katana-8_AQHbSyzZkmTNWawufTDA==/base.apk took:71ms
10-11 13:58:36.365 25897 25897 I 309     : package:com.instagram.android took:3023 calssname:android.app.ActivityThread$H callback:null what:110
10-11 13:58:36.802 26312 26312 I 100     : Open /data/app/~~DuHuDsUkuk35L-mI1wqHpQ==/com.instagram.android-Z0ekkFOH1ZxtOamdyqQO5w==/base.apk took:61ms
10-11 13:58:37.133 26422 26422 I 100     : Open /data/app/~~HbqOf1TxGOMZJoMiWBQfNg==/com.google.android.videos-RUI7z4SkLqKkDIQdnOGflA==/base.apk took:64ms
10-11 13:58:37.795 26352 26352 I 309     : package:com.discord took:1022 calssname:android.app.ActivityThread$H callback:null what:110
10-11 13:58:38.926 26823 26823 I 100     : Open /data/app/~~UyO69wpW5-uzmXS51WzWpQ==/com.google.android.apps.chromecast.app-dLVcNGto-icgdGQ42LRfMQ==/base.apk took:52ms
10-11 13:58:38.931 24168 24280 I 101     : #156
10-11 13:58:39.177 25897 25947 I 101     : #535
10-11 13:58:39.179 26859 26859 I 100     : Open /data/app/~~7Ab9dJiVdEnmZmYrgEZK9Q==/com.bt.bms-AkGqXiTaXOwxecVzqA485A==/base.apk took:52ms
10-11 13:58:40.133 26859 26859 I 309     : package:com.bt.bms took:1059 calssname:android.app.ActivityThread$H callback:null what:110
10-11 13:58:40.382 26870 27219 I 100     : Open /data/app/~~5GFc4NDCXrRsnnkqI9eJvw==/com.google.android.gms-4y1NvTCNY1iGYN4u0m6fzw==/base.apk took:75ms
10-11 13:58:47.274 27445 27519 I 101     : #236
10-11 14:01:38.496 16916 16960 I 101     : #333
10-11 14:06:34.940 29142 29142 I 100     : Open /data/app/~~BosF71LDSFGA_crgKzJzAQ==/com.google.android.apps.fitness-UwDPZlBucXDJR79Y0rC-mA==/base.apk took:57ms
10-11 14:07:28.890 29360 29360 I 100     : Open /data/app/~~yy6wH3UlPkCAgcVt3EqeGQ==/com.myntra.android-htU5pM_ZTkBAMDv8cfp9lA==/base.apk took:62ms
10-11 14:09:34.470 17229 28951 I 101     : #158
10-11 14:14:05.391 30642 30642 I 100     : Open /data/app/~~_x9b6Ah4cg5mY3-lUZOreg==/com.google.android.apps.maps-tsnTmJzaNmst5qIBjvMsFw==/base.apk took:160ms
10-11 14:14:05.414 30328 30328 I 309     : package:com.instagram.android took:2190 calssname:android.app.ActivityThread$H callback:null what:110
10-11 14:14:05.775 30717 30717 I 100     : Open /data/app/~~DuHuDsUkuk35L-mI1wqHpQ==/com.instagram.android-Z0ekkFOH1ZxtOamdyqQO5w==/base.apk took:57ms
10-11 14:14:06.183 30642 30642 I 309     : package:com.google.android.apps.maps took:1026 calssname:android.app.ActivityThread$H callback:null what:110
10-11 14:14:06.543 30834 30834 I 100     : Open /data/app/~~_x9b6Ah4cg5mY3-lUZOreg==/com.google.android.apps.maps-tsnTmJzaNmst5qIBjvMsFw==/base.apk took:92ms
