10-11 16:35:02.329 19047 19047 I 309     : package:com.mihoyo.hoyolab took:1002 calssname:android.os.Handler callback:DispatchedContinuation[Dispatchers.Main, Continuation at com.mihoyo.router.core.HoYoRouterHandler$executeTasksThenInitialize$1$1$1$1$deferred$1.invokeSuspend(HoYoRouterHandler.kt)@8845750] what:0
10-11 16:35:03.401 19418 19418 I 100     : Open /data/app/~~VNRQTBgv8c_qwhxvdDvBAw==/com.snapchat.android-FRyt1K7OgWZZ1ndEp7XZVA==/split_config.xxxhdpi.apk took:53ms
10-11 16:35:04.022 19418 19418 I 309     : package:com.snapchat.android took:1104 calssname:android.app.ActivityThread$H callback:null what:110
10-11 16:35:05.049  5144  5144 I 309     : package:com.android.settings took:3962 calssname:android.app.ActivityThread$H callback:android.app.-$$Lambda$LoadedApk$ReceiverDispatcher$Args$_BumDX2UKsnxLVrE6UJsJZkotuA@a4c7508 what:0
10-11 16:35:05.664 29894 18748 I 101     : #832
10-11 16:35:05.772 19564 19564 I 100     : Open /data/app/~~g8HZBXLnVDQaxtnwkIRAKA==/com.twitter.android-Aako8Ud2lNnLhjet2p8jKQ==/base.apk took:167ms
10-11 16:35:06.063 19210 19254 I 101     : #581
10-11 16:35:06.901  5144  5144 I 309     : package:com.android.settings took:1852 calssname:android.app.ActivityThread$H callback:android.app.-$$Lambda$LoadedApk$ReceiverDispatcher$Args$_BumDX2UKsnxLVrE6UJsJZkotuA@a6674a1 what:0
10-11 16:35:07.296 19564 19564 I 309     : package:com.twitter.android took:1760 calssname:android.app.ActivityThread$H callback:null what:110
10-11 16:35:07.497 19564 19648 I 100     : Open /system/framework/com.android.media.remotedisplay.jar took:57ms
10-11 16:35:07.624 19564 19648 I 100     : Open /system/framework/com.android.location.provider.jar took:124ms
10-11 16:35:07.743 19564 19648 I 100     : Open /data/app/~~5GFc4NDCXrRsnnkqI9eJvw==/com.google.android.gms-4y1NvTCNY1iGYN4u0m6fzw==/base.apk took:115ms
10-11 16:35:08.698 19691 19691 I 100     : Open /data/app/~~WWIAXQRSvcWDZFBGy0HY-A==/com.truecaller-Ky08Mf3_uF25jSCDepPJvQ==/base.apk took:233ms
10-11 16:35:08.755 19564 19648 I 101     : #933
10-11 16:35:08.764  5144  5144 I 309     : package:com.android.settings took:1863 calssname:android.app.ActivityThread$H callback:android.app.-$$Lambda$LoadedApk$ReceiverDispatcher$Args$_BumDX2UKsnxLVrE6UJsJZkotuA@aaee6c6 what:0
10-11 16:35:08.799 19418 19459 I 101     : #294
10-11 16:35:09.446 19691 19742 I 100     : Open /data/user_de/0/com.google.android.gms/app_chimera/m/00000374/dl-AdsFdrDynamite.integ_223104600100000.apk took:110ms
10-11 16:35:10.188 19691 19691 I 309     : package:com.truecaller took:1807 calssname:android.app.ActivityThread$H callback:null what:110
10-11 16:35:11.714 31979 31979 I 309     : package:com.oneplus.opwlb took:14457 calssname:android.app.ActivityThread$H callback:android.app.-$$Lambda$LoadedApk$ReceiverDispatcher$Args$_BumDX2UKsnxLVrE6UJsJZkotuA@90c231d what:0
10-11 16:35:11.723 19564 19587 I 101     : #851
10-11 16:35:12.103 19418 19459 I 101     : #1174
10-11 16:35:12.841 19691 19811 I 101     : #2381
10-11 16:35:12.852 19691 19778 I 101     : #595
10-11 16:35:13.254 19967 19967 I 100     : Open /data/app/~~BosF71LDSFGA_crgKzJzAQ==/com.google.android.apps.fitness-UwDPZlBucXDJR79Y0rC-mA==/base.apk took:74ms
10-11 16:35:14.292 19691 19731 I 101     : #494
--------- beginning of system
10-11 16:35:15.639  1644  1644 W Looper  : Slow delivery took 252ms main h=com.android.server.job.controllers.ConnectivityController$CcHandler c=null m=1
10-11 16:35:15.650  1644  1663 D PowerManagerService: acquire PROXIMITY_SCREEN_OFF_WAKE_LOCK from com.oneplus.dialer
10-11 16:35:15.678  1644  1663 D ConnectivityService: requestNetwork for uid/pid:10144/19691 NetworkRequest [ TRACK_DEFAULT id=40007, [ Capabilities: INTERNET&NOT_RESTRICTED&TRUSTED Uid: 10144 AdministratorUids: [] RequestorUid: 10144 RequestorPackageName: com.truecaller] ]
10-11 16:35:15.678  1644  2377 D ConnectivityService: NetReassign [40007 : null  1591]
10-11 16:35:15.682  1644  1644 W Looper  : Drained
10-11 16:35:15.682  1644  1644 D PowerManagerService: acquire PROXIMITY_SCREEN_OFF_WAKE_LOCK from com.oneplus.dialer
10-11 16:35:15.682  1644  1644 I chatty  : uid=1000(system) Binder:1644_3 identical 1 line
10-11 16:35:15.683  1644  1644 D PowerManagerService: acquire PROXIMITY_SCREEN_OFF_WAKE_LOCK from com.oneplus.dialer
10-11 16:35:15.685  1644  3509 D PowerManagerService: acquire PROXIMITY_SCREEN_OFF_WAKE_LOCK from com.oneplus.dialer
10-11 16:35:15.700 20099 20273 E ActivityThread: Failed to find provider info for mms-external
10-11 16:35:15.705  1644  2857 D PowerManagerService: acquire PROXIMITY_SCREEN_OFF_WAKE_LOCK from com.oneplus.dialer
10-11 16:35:15.798  1644  1644 W Looper  : Slow dispatch took 102ms main h=com.android.server.job.JobSchedulerService$JobHandler c=null m=3
10-11 16:35:15.804  1644  1644 D PowerManagerService: acquire PROXIMITY_SCREEN_OFF_WAKE_LOCK from com.oneplus.dialer
10-11 16:35:15.828  1644  2856 D PowerManagerService: acquire PROXIMITY_SCREEN_OFF_WAKE_LOCK from com.oneplus.dialer
10-11 16:35:15.838  1644  3397 W ProcessStats: setState index out of bounds. index: -1 length: 20
10-11 16:35:15.838  1644  3397 W ProcessStats: setState index out of bounds. index: -1 length: 20
10-11 16:35:15.839  1644  3397 W ActivityManager: Scheduling restart of crashed service com.oneplus.opwlb/.services.WLBTileService in 1000ms for connection
10-11 16:35:15.890  1644  1644 D PowerManagerService: acquire PROXIMITY_SCREEN_OFF_WAKE_LOCK from com.oneplus.dialer
10-11 16:35:15.934  1644  6181 D PowerManagerService: acquire PROXIMITY_SCREEN_OFF_WAKE_LOCK from com.oneplus.dialer
10-11 16:35:15.981  1644  3397 D PowerManagerService: acquire PROXIMITY_SCREEN_OFF_WAKE_LOCK from com.oneplus.dialer
10-11 16:35:15.990  1644  5307 D PowerManagerService: acquire PROXIMITY_SCREEN_OFF_WAKE_LOCK from com.oneplus.dialer
10-11 16:35:16.036  1644  5307 D PowerManagerService: acquire PROXIMITY_SCREEN_OFF_WAKE_LOCK from com.oneplus.dialer
10-11 16:35:16.037  1644  2857 D PowerManagerService: acquire PROXIMITY_SCREEN_OFF_WAKE_LOCK from com.oneplus.dialer
10-11 16:35:16.049  1644  2857 D PowerManagerService: acquire PROXIMITY_SCREEN_OFF_WAKE_LOCK from com.oneplus.dialer
10-11 16:35:16.072  1644  6181 D ConnectivityService: requestNetwork for uid/pid:10144/19691 NetworkRequest [ TRACK_DEFAULT id=40008, [ Capabilities: INTERNET&NOT_RESTRICTED&TRUSTED Uid: 10144 AdministratorUids: [] RequestorUid: 10144 RequestorPackageName: com.truecaller] ]
10-11 16:35:16.073  1644  2377 D ConnectivityService: NetReassign [40008 : null  1591]
10-11 16:35:16.083  1644  1644 D PowerManagerService: acquire PROXIMITY_SCREEN_OFF_WAKE_LOCK from com.oneplus.dialer
10-11 16:35:16.105  1644  5307 W ActivityManager: Unable to start service Intent { act=com.android.vending.contentfilters.IContentFiltersService.BIND pkg=com.android.vending } U=999: not found
10-11 16:35:16.105  1644  2857 D PowerManagerService: acquire PROXIMITY_SCREEN_OFF_WAKE_LOCK from com.oneplus.dialer
10-11 16:35:16.159  1644  5231 D PowerManagerService: acquire PROXIMITY_SCREEN_OFF_WAKE_LOCK from com.oneplus.dialer
10-11 16:35:16.162  1644  2857 D PowerManagerService: acquire PROXIMITY_SCREEN_OFF_WAKE_LOCK from com.oneplus.dialer
10-11 16:35:16.163  1644  5307 D PowerManagerService: acquire PROXIMITY_SCREEN_OFF_WAKE_LOCK from com.oneplus.dialer
10-11 16:35:16.165  1644  5307 D PowerManagerService: acquire PROXIMITY_SCREEN_OFF_WAKE_LOCK from com.oneplus.dialer
10-11 16:35:16.417  1644  5306 D PowerManagerService: acquire PROXIMITY_SCREEN_OFF_WAKE_LOCK from com.oneplus.dialer
10-11 16:35:16.421  1644  2568 D PowerManagerService: acquire PROXIMITY_SCREEN_OFF_WAKE_LOCK from com.oneplus.dialer
10-11 16:35:16.437  1644  1663 D PowerManagerService: acquire PROXIMITY_SCREEN_OFF_WAKE_LOCK from com.oneplus.dialer
10-11 16:35:16.468  1644  5231 D PowerManagerService: acquire PROXIMITY_SCREEN_OFF_WAKE_LOCK from com.oneplus.dialer
10-11 16:35:16.472  1644  1662 D PowerManagerService: acquire PROXIMITY_SCREEN_OFF_WAKE_LOCK from com.oneplus.dialer
10-11 16:35:16.473  1644  5231 D PowerManagerService: acquire PROXIMITY_SCREEN_OFF_WAKE_LOCK from com.oneplus.dialer
10-11 16:35:16.479  1644  1662 D PowerManagerService: acquire PROXIMITY_SCREEN_OFF_WAKE_LOCK from com.oneplus.dialer
10-11 16:35:16.509  1644  5306 D ConnectivityService: requestNetwork for uid/pid:10036/9513 NetworkRequest [ TRACK_DEFAULT id=40009, [ Capabilities: INTERNET&NOT_RESTRICTED&TRUSTED Uid: 10036 AdministratorUids: [] RequestorUid: 10036 RequestorPackageName: com.google.android.gms] ]
10-11 16:35:16.510  1644  2377 D ConnectivityService: NetReassign [40009 : null  1591]
10-11 16:35:16.534  1644  2857 W ActivityManager: Unable to start service Intent { act=com.android.vending.contentfilters.IContentFiltersService.BIND pkg=com.android.vending } U=999: not found
10-11 16:35:16.549  1644  2857 D PowerManagerService: acquire PROXIMITY_SCREEN_OFF_WAKE_LOCK from com.oneplus.dialer
10-11 16:35:16.556  1644  5231 D PowerManagerService: acquire PROXIMITY_SCREEN_OFF_WAKE_LOCK from com.oneplus.dialer
10-11 16:35:16.556  1644  5231 D PowerManagerService: acquire PROXIMITY_SCREEN_OFF_WAKE_LOCK from com.oneplus.dialer
10-11 16:35:16.583  1644  2857 D PowerManagerService: acquire PROXIMITY_SCREEN_OFF_WAKE_LOCK from com.oneplus.dialer
10-11 16:35:16.585  1644  6181 D PowerManagerService: acquire PROXIMITY_SCREEN_OFF_WAKE_LOCK from com.oneplus.dialer
10-11 16:35:16.587  1644  2568 D PowerManagerService: acquire PROXIMITY_SCREEN_OFF_WAKE_LOCK from com.oneplus.dialer
10-11 16:35:16.589  1644  3508 D PowerManagerService: acquire PROXIMITY_SCREEN_OFF_WAKE_LOCK from com.oneplus.dialer
10-11 16:35:16.594  1644  3508 D PowerManagerService: acquire PROXIMITY_SCREEN_OFF_WAKE_LOCK from com.oneplus.dialer
10-11 16:35:16.595  1644  1663 D PowerManagerService: acquire PROXIMITY_SCREEN_OFF_WAKE_LOCK from com.oneplus.dialer
10-11 16:35:16.633  1644  1662 D PowerManagerService: acquire PROXIMITY_SCREEN_OFF_WAKE_LOCK from com.oneplus.dialer
10-11 16:35:16.634  1644  1662 D PowerManagerService: acquire PROXIMITY_SCREEN_OFF_WAKE_LOCK from com.oneplus.dialer
10-11 16:35:16.671  1644  1785 D ExtBatteryStatsService: ext-flush too soon, skip
10-11 16:35:16.684  1644  1644 D PowerManagerService: acquire PROXIMITY_SCREEN_OFF_WAKE_LOCK from com.oneplus.dialer
10-11 16:35:16.706  1644  6181 D PowerManagerService: acquire PROXIMITY_SCREEN_OFF_WAKE_LOCK from com.oneplus.dialer
10-11 16:35:16.725  1644  6181 D PowerManagerService: acquire PROXIMITY_SCREEN_OFF_WAKE_LOCK from com.oneplus.dialer
10-11 16:35:16.747  1644  1662 D PowerManagerService: acquire PROXIMITY_SCREEN_OFF_WAKE_LOCK from com.oneplus.dialer
10-11 16:35:16.786  1644  1662 I chatty  : uid=1000(system) Binder:1644_1 identical 2 lines
10-11 16:35:16.788  1644  1662 D PowerManagerService: acquire PROXIMITY_SCREEN_OFF_WAKE_LOCK from com.oneplus.dialer
10-11 16:35:16.803  1644  2857 D PowerManagerService: acquire PROXIMITY_SCREEN_OFF_WAKE_LOCK from com.oneplus.dialer
10-11 16:35:16.818  1644  5306 D PowerManagerService: acquire PROXIMITY_SCREEN_OFF_WAKE_LOCK from com.oneplus.dialer
10-11 16:35:16.850  1644  2857 D PowerManagerService: acquire PROXIMITY_SCREEN_OFF_WAKE_LOCK from com.oneplus.dialer
10-11 16:35:16.850  1644  2857 D PowerManagerService: acquire PROXIMITY_SCREEN_OFF_WAKE_LOCK from com.oneplus.dialer
10-11 16:35:16.852  1644  5306 D PowerManagerService: acquire PROXIMITY_SCREEN_OFF_WAKE_LOCK from com.oneplus.dialer
10-11 16:35:16.853  1644  5306 D PowerManagerService: acquire PROXIMITY_SCREEN_OFF_WAKE_LOCK from com.oneplus.dialer
10-11 16:35:16.862  1644  1662 D PowerManagerService: acquire PROXIMITY_SCREEN_OFF_WAKE_LOCK from com.oneplus.dialer
10-11 16:35:16.926  1644  1662 I chatty  : uid=1000(system) Binder:1644_1 identical 1 line
10-11 16:35:16.926  1644  1662 D PowerManagerService: acquire PROXIMITY_SCREEN_OFF_WAKE_LOCK from com.oneplus.dialer
10-11 16:35:16.940  1644  1663 D PowerManagerService: acquire PROXIMITY_SCREEN_OFF_WAKE_LOCK from com.oneplus.dialer
10-11 16:35:16.941  1644  1662 D PowerManagerService: acquire PROXIMITY_SCREEN_OFF_WAKE_LOCK from com.oneplus.dialer
10-11 16:35:16.948  1644  1663 D PowerManagerService: acquire PROXIMITY_SCREEN_OFF_WAKE_LOCK from com.oneplus.dialer
10-11 16:35:17.013  1644  2568 D PowerManagerService: acquire PROXIMITY_SCREEN_OFF_WAKE_LOCK from com.oneplus.dialer
10-11 16:35:17.020  1644  5307 D PowerManagerService: acquire PROXIMITY_SCREEN_OFF_WAKE_LOCK from com.oneplus.dialer
10-11 16:35:17.024  1644  1644 D PowerManagerService: acquire PROXIMITY_SCREEN_OFF_WAKE_LOCK from com.oneplus.dialer
10-11 16:35:17.042  1644  5306 D PowerManagerService: acquire PROXIMITY_SCREEN_OFF_WAKE_LOCK from com.oneplus.dialer
10-11 16:35:17.069  1644  1663 D CompatibilityChangeReporter: Compat change id reported: 135634846; UID 10036; state: DISABLED
10-11 16:35:17.069  1644  1663 D CompatibilityChangeReporter: Compat change id reported: 135754954; UID 10036; state: ENABLED
10-11 16:35:17.069  1644  1773 D CompatibilityChangeReporter: Compat change id reported: 143937733; UID 10036; state: ENABLED
10-11 16:35:17.097  1644  6181 D PowerManagerService: acquire PROXIMITY_SCREEN_OFF_WAKE_LOCK from com.oneplus.dialer
10-11 16:35:17.099  1644  6181 D PowerManagerService: acquire PROXIMITY_SCREEN_OFF_WAKE_LOCK from com.oneplus.dialer
10-11 16:35:17.100  1644  2568 D PowerManagerService: acquire PROXIMITY_SCREEN_OFF_WAKE_LOCK from com.oneplus.dialer
10-11 16:35:17.117  1644  5307 D PowerManagerService: acquire PROXIMITY_SCREEN_OFF_WAKE_LOCK from com.oneplus.dialer
10-11 16:35:17.117  1644  5307 D PowerManagerService: acquire PROXIMITY_SCREEN_OFF_WAKE_LOCK from com.oneplus.dialer
10-11 16:35:17.139  1644  1773 W ActivityManager: Slow operation: 71ms so far, now at startProcess: done updating battery stats
10-11 16:35:17.140  1644  1773 W ActivityManager: Slow operation: 71ms so far, now at startProcess: building log message
10-11 16:35:17.140  1644  1773 I ActivityManager: Start proc 20387:com.google.android.webview:sandboxed_process0:org.chromium.content.app.SandboxedProcessService0:0/u0i201 for  {com.google.android.gms/org.chromium.content.app.SandboxedProcessService0:0}
10-11 16:35:17.140  1644  1773 W ActivityManager: Slow operation: 72ms so far, now at startProcess: starting to update pids map
10-11 16:35:17.140  1644  1773 W ActivityManager: Slow operation: 72ms so far, now at startProcess: done updating pids map
10-11 16:35:17.140  1644  1773 W ActivityManager: Slow operation: 52ms so far, now at startProcess: asking zygote to start proc
10-11 16:35:17.147  1644  1662 D PowerManagerService: acquire PROXIMITY_SCREEN_OFF_WAKE_LOCK from com.oneplus.dialer
10-11 16:35:17.155  1644  1662 D PowerManagerService: acquire PROXIMITY_SCREEN_OFF_WAKE_LOCK from com.oneplus.dialer
10-11 16:35:17.186  1644  1757 W Looper  : Slow dispatch took 111ms android.fg h=com.android.server.AppStateTracker$MyHandler c=null m=0
10-11 16:35:17.186  1644  1644 W Looper  : Slow dispatch took 112ms main h=com.android.server.job.JobSchedulerService$JobHandler c=null m=6
10-11 16:35:17.187  1644  1785 D ExtBatteryStatsService: ext-flush too soon, skip
10-11 16:35:17.188  1644  1773 W ActivityManager: Slow operation: 100ms so far, now at startProcess: returned from zygote!
10-11 16:35:17.189  1644  1773 W ActivityManager: Slow operation: 100ms so far, now at startProcess: done updating battery stats
10-11 16:35:17.189  1644  1773 W ActivityManager: Slow operation: 100ms so far, now at startProcess: building log message
10-11 16:35:17.189  1644  1773 I ActivityManager: Start proc 20411:com.google.android.webview:sandboxed_process0:org.chromium.content.app.SandboxedProcessService0:0/u0i202 for  {com.google.android.gms/org.chromium.content.app.SandboxedProcessService0:0}
10-11 16:35:17.189  1644  1773 W ActivityManager: Slow operation: 100ms so far, now at startProcess: starting to update pids map
10-11 16:35:17.189  1644  1773 W ActivityManager: Slow operation: 101ms so far, now at startProcess: done updating pids map
10-11 16:35:17.285  1644  2857 D ConnectivityService: requestNetwork for uid/pid:10036/9513 NetworkRequest [ TRACK_DEFAULT id=40010, [ Capabilities: INTERNET&NOT_RESTRICTED&TRUSTED Uid: 10036 AdministratorUids: [] RequestorUid: 10036 RequestorPackageName: com.google.android.gms] ]
10-11 16:35:17.286  1644  2377 D ConnectivityService: NetReassign [40010 : null  1591]
10-11 16:35:17.290  1644  2377 D ConnectivityService: NetReassign [no changes]
10-11 16:35:17.371  1644  6181 I ActivityManager: Killing 20387:com.google.android.webview:sandboxed_process0:org.chromium.content.app.SandboxedProcessService0:0/u0a36i201 (adj 905): isolated not needed
10-11 16:35:17.479  1644  6181 W ProcessStats: setState index out of bounds. index: -1 length: 20
10-11 16:35:17.480  1644  6181 W ProcessStats: setState index out of bounds. index: -1 length: 20
10-11 16:35:17.644  1644  1808 D DisplayPowerController.MotionCheck: mPickUpPhoneEvent:false
10-11 16:35:17.645  1644  1644 V SettingsProvider: Notifying for 0: content://settings/system/display_ctrl_psensor_positive
10-11 16:35:17.647  1644  3509 D PowerManagerService: acquire PROXIMITY_SCREEN_OFF_WAKE_LOCK from com.oneplus.dialer
10-11 16:35:18.046  1644  1808 I DisplayPowerController: useProximityForceSuspend = true
10-11 16:35:18.046  1644  1808 I DisplayPowerController: mProximity = Positive
10-11 16:35:18.046  1644  1808 I DisplayPowerController: brightnessState(m):0.10852731
10-11 16:35:18.046  1644  1808 I DisplayPowerController: smtbrn:0.5 0.10852731 (49.49598) --> 0.053301193(25.54003)
10-11 16:35:18.046  1644  1808 I RampAnimator: target:0.053301193 rate:0.7058823 mCurrentValue:0.053301193 mTargetValue:0.053301193
10-11 16:35:18.047  1644  1808 I PowerManagerService: onProximityPositiveForceSuspend
10-11 16:35:18.047  1644  1808 I PowerManagerService: Going to sleep due to 11 (uid 1000)...
10-11 16:35:18.049  1644  1808 D PowerManagerService: acquire PROXIMITY_SCREEN_OFF_WAKE_LOCK from com.oneplus.dialer
10-11 16:35:18.050  1644  1808 I DisplayPowerController: useProximityForceSuspend = true
10-11 16:35:18.065  1644  1644 V SettingsProvider: Notifying for 0: content://settings/secure/reminder_exp_learning_time_elapsed
10-11 16:35:18.070 24026 24089 D ViewRootImpl: support adaptive color gamut feature!
10-11 16:35:18.113  1644  1644 D PowerManagerService: acquire PROXIMITY_SCREEN_OFF_WAKE_LOCK from com.oneplus.dialer
10-11 16:35:18.204  1644  1808 I DisplayPowerController: brightnessState(m):0.10852731
10-11 16:35:18.204  1644  1808 I DisplayPowerController: smtbrn:0.5 0.10852731 (49.49598) --> 0.053301193(25.54003)
10-11 16:35:18.211  1644  1644 D PowerManagerService: acquire PROXIMITY_SCREEN_OFF_WAKE_LOCK from com.oneplus.dialer
10-11 16:35:18.221  1644  1808 I DisplayPowerController: useProximityForceSuspend = true
10-11 16:35:18.221  1644  1808 D OpColorDisplayService: screenStateChange
10-11 16:35:18.221  1644  1789 D OpColorDisplayService: processScreenOn   false
10-11 16:35:18.221  1644  1808 I DisplayPowerController: Blocking screen off
10-11 16:35:18.222  1644  1808 I DisplayPowerController: Unblocked screen off after 1 ms
10-11 16:35:18.353  1644  1808 E BatteryStatsImpl: All kernel wakelocks were set stale. new version=171701
10-11 16:35:18.359  1644  1808 D ActivityTaskManager: Top Process State changed to PROCESS_STATE_TOP_SLEEPING
10-11 16:35:18.359  1644  1808 D PowerManagerService: acquire PROXIMITY_SCREEN_OFF_WAKE_LOCK from com.oneplus.dialer
10-11 16:35:18.360  1644  1768 I FastCharge: read mChargeType = 0
10-11 16:35:18.371  2517  2517 W ContextImpl: Calling a method in the system process without a qualified user: android.app.ContextImpl.sendBroadcast:1122 android.content.ContextWrapper.sendBroadcast:468 com.oneplus.coreservice.BroadcastDispatch.xne$mab.onReceive:122 android.app.LoadedApk$ReceiverDispatcher$Args.lambda$getRunnable$0$LoadedApk$ReceiverDispatcher$Args:1566 android.app.-$$Lambda$LoadedApk$ReceiverDispatcher$Args$_BumDX2UKsnxLVrE6UJsJZkotuA.run:2
10-11 16:35:18.431  1644  5231 D PowerManagerService: acquire PROXIMITY_SCREEN_OFF_WAKE_LOCK from com.oneplus.dialer
10-11 16:35:18.445  1644  1808 I RampAnimator: POLICY CHANGING!
10-11 16:35:18.445  1644  1808 I RampAnimator: target:0.0 rate:0.0 mCurrentValue:0.053301193 mTargetValue:0.053301193
10-11 16:35:18.446  1644  1808 V DisplayPowerController: Brightness [-1.0] reason changing to: 'screen_off', previous reason: 'manual [ low_pwr ]'.
10-11 16:35:18.453  1644  2426 D OpMotorManagerService: notifyScreenOff
10-11 16:35:18.453  1644  1808 I DisplayPowerController: useProximityForceSuspend = true
10-11 16:35:18.453  1644  1808 I RampAnimator: target:0.0 rate:0.0 mCurrentValue:0.0 mTargetValue:0.0
10-11 16:35:18.457  1644  1808 I DisplayPowerController: useProximityForceSuspend = true
10-11 16:35:18.457  1644  1808 I DisplayPowerController: mProximity = Negative
10-11 16:35:18.458  1644  1808 I RampAnimator: target:0.0 rate:0.0 mCurrentValue:0.0 mTargetValue:0.0
10-11 16:35:18.458  1644  1808 I PowerManagerService: onProximityNegativeForceSuspend
10-11 16:35:18.458  1644  1808 I PowerManagerService: Waking up from Dozing (uid=1000, reason=WAKE_REASON_WAKE_MOTION, details=wakeUp)...
10-11 16:35:18.465  1644  1808 E AppOps  : noteOperation
10-11 16:35:18.465  1644  1808 E AppOps  : java.lang.SecurityException: Specified package INCALL_UI under uid 1000 but it is really -1
10-11 16:35:18.465  1644  1808 E AppOps  :      at com.android.server.appop.AppOpsService.verifyAndGetBypass(AppOpsService.java:3958)
10-11 16:35:18.465  1644  1808 E AppOps  :      at com.android.server.appop.AppOpsService.noteOperationUnchecked(AppOpsService.java:3092)
10-11 16:35:18.465  1644  1808 E AppOps  :      at com.android.server.appop.AppOpsService.noteOperationImpl(AppOpsService.java:3080)
10-11 16:35:18.465  1644  1808 E AppOps  :      at com.android.server.appop.AppOpsService.noteOperation(AppOpsService.java:3063)
10-11 16:35:18.465  1644  1808 E AppOps  :      at android.app.AppOpsManager.noteOpNoThrow(AppOpsManager.java:7559)
10-11 16:35:18.465  1644  1808 E AppOps  :      at android.app.AppOpsManager.noteOpNoThrow(AppOpsManager.java:7505)
10-11 16:35:18.465  1644  1808 E AppOps  :      at com.android.server.power.Notifier.onWakeUp(Notifier.java:653)
10-11 16:35:18.465  1644  1808 E AppOps  :      at com.android.server.power.PowerManagerService.wakeUpNoUpdateLocked(PowerManagerService.java:1991)
10-11 16:35:18.465  1644  1808 E AppOps  :      at com.android.server.power.PowerManagerService.wakeUpInternal(PowerManagerService.java:1925)
10-11 16:35:18.465  1644  1808 E AppOps  :      at com.android.server.power.PowerManagerService.access$3300(PowerManagerService.java:145)
10-11 16:35:18.465  1644  1808 E AppOps  :      at com.android.server.power.PowerManagerService$1.onProximityNegativeForceSuspend(PowerManagerService.java:3454)
10-11 16:35:18.465  1644  1808 E AppOps  :      at com.android.server.display.DisplayPowerController$8.run(DisplayPowerController.java:2734)
10-11 16:35:18.465  1644  1808 E AppOps  :      at android.os.Handler.handleCallback(Handler.java:938)
10-11 16:35:18.465  1644  1808 E AppOps  :      at android.os.Handler.dispatchMessage(Handler.java:99)
10-11 16:35:18.465  1644  1808 E AppOps  :      at android.os.Looper.loop(Looper.java:233)
10-11 16:35:18.465  1644  1808 E AppOps  :      at android.os.HandlerThread.run(HandlerThread.java:67)
10-11 16:35:18.465  1644  1808 E AppOps  :      at com.android.server.ServiceThread.run(ServiceThread.java:44)
10-11 16:35:18.466  1644  1808 D PowerManagerService: acquire PROXIMITY_SCREEN_OFF_WAKE_LOCK from com.oneplus.dialer
10-11 16:35:18.466  1644  1808 I DisplayPowerController: useProximityForceSuspend = true
10-11 16:35:18.466  1644  1808 D OpColorDisplayService: screenStateChange
10-11 16:35:18.466  1644  1789 D OpColorDisplayService: processScreenOn   true
10-11 16:35:18.501  1644  1808 I DisplayPowerController: Blocking screen on until initial contents have been drawn.
10-11 16:35:18.502  1644  1808 D ActivityTaskManager: Top Process State changed to PROCESS_STATE_TOP
10-11 16:35:18.508  1644  1768 I FastCharge: read mChargeType = 0
10-11 16:35:18.528  1644  1808 D PowerManagerService: acquire PROXIMITY_SCREEN_OFF_WAKE_LOCK from com.oneplus.dialer
10-11 16:35:18.529  1644  3510 D PowerManagerService: acquire PROXIMITY_SCREEN_OFF_WAKE_LOCK from com.oneplus.dialer
10-11 16:35:18.530  1644  1799 I OpMotorManagerService: notifyActivityChanged: mBackgroudPkg = com.oneplus.dialer mFocusPkg = com.oneplus.dialer mIsSplitMode = false mBackActivity = com.android.incallui.InCallActivity mFocusActivity = com.android.incallui.InCallActivity
10-11 16:35:18.545  1644  1808 D OpProximityController: noteFrontPackageChanged pkg:com.oneplus.dialer uid:10466 lpkg:SCREEN OFF luid:0
10-11 16:35:18.545  1644  3161 E OPCS    : [Cap] [End] use mLastCapRemaining: 1988 instead.
10-11 16:35:18.545  1644  1808 D OemSceneModeActivityStack: [scene] evaluateGameModes :  gameMsg.arg1=0 gameMsg.arg2=1
10-11 16:35:18.545  1644  3161 E OPCS    : [Cap] [Start] remainCap is abnormal: 0
10-11 16:35:18.545  1644  3161 E OPCS    : [Cap] [Start] use mLastCapRemaining: 1988 instead.
10-11 16:35:18.545  1644  1808 E OpScreenModeService: getAppToken ActivityRecord{10a6560 u0 com.oneplus.dialer/com.android.incallui.InCallActivity t27462}
10-11 16:35:18.545  1644  1808 E OpScreenModeService: setRefreshRate token ActivityRecord{10a6560 u0 com.oneplus.dialer/com.android.incallui.InCallActivity t27462} request refresh rate=-1 tmpRate -1
10-11 16:35:18.545  1644  1808 E OpScreenModeService: setRefreshRate token ActivityRecord{10a6560 u0 com.oneplus.dialer/com.android.incallui.InCallActivity t27462} app request rateid=1 fps=90.0
10-11 16:35:18.545  1644  1808 D OpQuickReply: setQuickReplyResumed focusedApp ActivityRecord{10a6560 u0 com.oneplus.dialer/com.android.incallui.InCallActivity t27462} pkgName com.oneplus.dialer
10-11 16:35:18.557  1644  2317 D PowerManagerService: acquire PROXIMITY_SCREEN_OFF_WAKE_LOCK from com.oneplus.dialer
10-11 16:35:18.568  1644  5231 D PowerManagerService: acquire PROXIMITY_SCREEN_OFF_WAKE_LOCK from com.oneplus.dialer
10-11 16:35:18.577  1644  1760 I DisplayManagerService: Display device changed state: "Built-in Screen", OFF
10-11 16:35:18.580  1644  1809 D OpPowerControllerService: SCREEN is OFF
10-11 16:35:18.580  1644  3161 D PowerManagerService: acquire PROXIMITY_SCREEN_OFF_WAKE_LOCK from com.oneplus.dialer
10-11 16:35:18.581  1644  3161 E OPCS    : [Cap] [End] use mLastCapRemaining: 1988 instead.
10-11 16:35:18.581  1644  1808 I DisplayPowerController: brightnessState(m):0.10852731
10-11 16:35:18.581  1644  1808 I DisplayPowerController: smtbrn:0.5 0.10852731 (49.49598) --> 0.053301193(25.54003)
10-11 16:35:18.581  1644  1808 I RampAnimator: POLICY CHANGING!
10-11 16:35:18.581  1644  1808 I RampAnimator: target:0.053301193 rate:0.0 mCurrentValue:0.0 mTargetValue:0.0
10-11 16:35:18.582  1644  3161 E OPCS    : AccurateCounter getCurAccurateLevel error, err:11 16:35:18 curPower:0.0 fullCharge:0.0 powerLevel:43
10-11 16:35:18.582  1644  3161 I OPCS    : AccurateCounter startCount err, tag:ScreenOffDischarge mLastAccurateLevel:27.526811829704258
10-11 16:35:18.582  1644  3161 E OPCS    : AccurateCounter getCurAccurateLevel error, err:11 16:35:18 curPower:0.0 fullCharge:0.0 powerLevel:43
10-11 16:35:18.582  1644  3161 I OPCS    : AccurateCounter stopCount err, tag:ScreenOnDischarge cur:-1.0 lastLevel:27.526811829704258 mLastAccurateLevel:27.526811829704258
10-11 16:35:18.582  1644  1809 D OpPowerControllerService: SCREEN is OFF
10-11 16:35:18.582  1644  1809 D OpPowerControllerService: mScreenOffStart=2022-10-11 16:35:18
10-11 16:35:18.634  1644  1808 V DisplayPowerController: Brightness [0.053301193] reason changing to: 'manual [ low_pwr ]', previous reason: 'screen_off'.
10-11 16:35:18.634  1644  3161 D PowerManagerService: acquire PROXIMITY_SCREEN_OFF_WAKE_LOCK from com.oneplus.dialer
10-11 16:35:18.634  1644  1808 I DisplayPowerController: useProximityForceSuspend = true
10-11 16:35:18.635  1644  1808 I DisplayPowerController: brightnessState(m):0.10852731
10-11 16:35:18.635  1644  1808 I DisplayPowerController: smtbrn:0.5 0.10852731 (49.49598) --> 0.053301193(25.54003)
10-11 16:35:18.635  1644  1808 I RampAnimator: target:0.053301193 rate:0.0 mCurrentValue:0.053301193 mTargetValue:0.053301193
10-11 16:35:18.635  1644  2426 D OpMotorManagerService: notifyScreenOn ScreenOn
10-11 16:35:18.635  1644  2426 D OpMotorManagerService: isUpMotorOrNot
10-11 16:35:18.635  1644  1808 I DisplayPowerController: Unblocked screen on after 133 ms
10-11 16:35:18.635  1644  1808 I DisplayPowerController: useProximityForceSuspend = true
10-11 16:35:18.635  1644  1758 W Looper  : Slow dispatch took 189ms android.ui h=com.android.server.am.ActivityManagerService$UiHandler c=null m=53
10-11 16:35:18.636  1644  1760 D OpRestartProcessManager: updateSelf :  com.oneplus.dialer, size : 30
10-11 16:35:18.636  1644  1760 D OpScreenModeService: updateRefreshRate token ActivityRecord{10a6560 u0 com.oneplus.dialer/com.android.incallui.InCallActivity t27462} rate=1
10-11 16:35:18.638  1644  1808 I DisplayPowerController: brightnessState(m):0.10852731
10-11 16:35:18.638  1644  1808 I DisplayPowerController: smtbrn:0.5 0.10852731 (49.49598) --> 0.053301193(25.54003)
10-11 16:35:18.638  1644  1808 I RampAnimator: target:0.053301193 rate:0.7058823 mCurrentValue:0.053301193 mTargetValue:0.053301193
10-11 16:35:18.653  1644  1809 W ContextImpl: Calling a method in the system process without a qualified user: android.app.ContextImpl.sendBroadcast:1122 com.android.server.power.Notifier.sendGoToSleepBroadcast:850 com.android.server.power.Notifier.sendNextBroadcast:797 com.android.server.power.Notifier.access$500:96 com.android.server.power.Notifier$NotifierHandler.handleMessage:956
10-11 16:35:18.681  1644  1644 V SettingsProvider: Notifying for 0: content://settings/system/display_ctrl_psensor_positive
10-11 16:35:18.681  1644  1644 W Looper  : Slow dispatch took 229ms main h=com.android.providers.settings.SettingsProvider$SettingsRegistry$MyHandler c=null m=1
10-11 16:35:18.717  1644  1789 I OpColorDisplayService: isKeyguard =  true
10-11 16:35:18.717  1644  1789 I OpColorDisplayService: mHasFingerprint = true
10-11 16:35:18.723  1644  5306 D PowerManagerService: acquire PROXIMITY_SCREEN_OFF_WAKE_LOCK from com.oneplus.dialer
10-11 16:35:18.726  1644  6181 D PowerManagerService: acquire PROXIMITY_SCREEN_OFF_WAKE_LOCK from com.oneplus.dialer
10-11 16:35:18.733  1644  5240 D PowerManagerService: acquire PROXIMITY_SCREEN_OFF_WAKE_LOCK from com.oneplus.dialer
10-11 16:35:18.739  1644  1808 I DisplayPowerController: useProximityForceSuspend = true
10-11 16:35:18.739  1644  1808 I DisplayPowerController: brightnessState(m):0.10852731
10-11 16:35:18.739  1644  1808 I DisplayPowerController: smtbrn:0.5 0.10852731 (49.49598) --> 0.053301193(25.54003)
10-11 16:35:18.739  1644  1808 I RampAnimator: target:0.053301193 rate:0.7058823 mCurrentValue:0.053301193 mTargetValue:0.053301193
10-11 16:35:18.759  1644  5240 D PowerManagerService: acquire PROXIMITY_SCREEN_OFF_WAKE_LOCK from com.oneplus.dialer
10-11 16:35:18.759  1644  5240 W PowerManagerService: Screen on took 300 ms
10-11 16:35:18.759  1644  5240 I 300     : 300
10-11 16:35:18.773  1644  5306 D PowerManagerService: acquire PROXIMITY_SCREEN_OFF_WAKE_LOCK from com.oneplus.dialer
10-11 16:35:18.780  1644  5306 D PowerManagerService: acquire PROXIMITY_SCREEN_OFF_WAKE_LOCK from com.oneplus.dialer
10-11 16:35:18.791  1644  1760 I DisplayManagerService: Display device changed state: "Built-in Screen", ON
10-11 16:35:18.803  1644  5233 D PowerManagerService: acquire PROXIMITY_SCREEN_OFF_WAKE_LOCK from com.oneplus.dialer
10-11 16:35:18.804  1644  2856 D PowerManagerService: acquire PROXIMITY_SCREEN_OFF_WAKE_LOCK from com.oneplus.dialer
10-11 16:35:18.805  1644  2856 D PowerManagerService: acquire PROXIMITY_SCREEN_OFF_WAKE_LOCK from com.oneplus.dialer
10-11 16:35:18.808  1644  2318 D PowerManagerService: acquire PROXIMITY_SCREEN_OFF_WAKE_LOCK from com.oneplus.dialer
10-11 16:35:18.817  1644  6333 D PowerManagerService: acquire PROXIMITY_SCREEN_OFF_WAKE_LOCK from com.oneplus.dialer
10-11 16:35:18.820  1644  6333 I chatty  : uid=1000(system) Binder:1644_21 identical 1 line
10-11 16:35:18.821  1644  6333 D PowerManagerService: acquire PROXIMITY_SCREEN_OFF_WAKE_LOCK from com.oneplus.dialer
10-11 16:35:18.822  1644  3460 D PowerManagerService: acquire PROXIMITY_SCREEN_OFF_WAKE_LOCK from com.oneplus.dialer
10-11 16:35:18.822  1644  5306 D PowerManagerService: acquire PROXIMITY_SCREEN_OFF_WAKE_LOCK from com.oneplus.dialer
10-11 16:35:18.823  1644  2856 D PowerManagerService: acquire PROXIMITY_SCREEN_OFF_WAKE_LOCK from com.oneplus.dialer
10-11 16:35:18.824  1644  5231 D PowerManagerService: acquire PROXIMITY_SCREEN_OFF_WAKE_LOCK from com.oneplus.dialer
10-11 16:35:18.832  1644  2318 D PowerManagerService: acquire PROXIMITY_SCREEN_OFF_WAKE_LOCK from com.oneplus.dialer
10-11 16:35:18.838  1644  5240 D PowerManagerService: acquire PROXIMITY_SCREEN_OFF_WAKE_LOCK from com.oneplus.dialer
10-11 16:35:18.839  1644  2318 D PowerManagerService: acquire PROXIMITY_SCREEN_OFF_WAKE_LOCK from com.oneplus.dialer
10-11 16:35:18.839  1644  5240 D PowerManagerService: acquire PROXIMITY_SCREEN_OFF_WAKE_LOCK from com.oneplus.dialer
10-11 16:35:18.842  1644  5306 D PowerManagerService: acquire PROXIMITY_SCREEN_OFF_WAKE_LOCK from com.oneplus.dialer
10-11 16:35:18.849  1644  2317 D PowerManagerService: acquire PROXIMITY_SCREEN_OFF_WAKE_LOCK from com.oneplus.dialer
10-11 16:35:18.850  1644  2317 D PowerManagerService: acquire PROXIMITY_SCREEN_OFF_WAKE_LOCK from com.oneplus.dialer
10-11 16:35:18.853  1644  3137 D PowerManagerService: acquire PROXIMITY_SCREEN_OFF_WAKE_LOCK from com.oneplus.dialer
10-11 16:35:18.858  1644  5240 D PowerManagerService: acquire PROXIMITY_SCREEN_OFF_WAKE_LOCK from com.oneplus.dialer
10-11 16:35:18.892  1644  5307 D PowerManagerService: acquire PROXIMITY_SCREEN_OFF_WAKE_LOCK from com.oneplus.dialer
10-11 16:35:18.894  1644  2318 D PowerManagerService: acquire PROXIMITY_SCREEN_OFF_WAKE_LOCK from com.oneplus.dialer
10-11 16:35:18.902  1644  5306 D PowerManagerService: acquire PROXIMITY_SCREEN_OFF_WAKE_LOCK from com.oneplus.dialer
10-11 16:35:18.904  1644  5306 D PowerManagerService: acquire PROXIMITY_SCREEN_OFF_WAKE_LOCK from com.oneplus.dialer
10-11 16:35:18.916  1644  1644 W Looper  : Slow delivery took 229ms main h=com.android.providers.settings.SettingsProvider$SettingsRegistry$MyHandler c=null m=2
10-11 16:35:18.916  1644  1644 W Looper  : Slow dispatch took 235ms main h=com.android.providers.settings.SettingsProvider$SettingsRegistry$MyHandler c=null m=2
10-11 16:35:18.975  1644  3510 D PowerManagerService: acquire PROXIMITY_SCREEN_OFF_WAKE_LOCK from com.oneplus.dialer
10-11 16:35:18.976  1644  3137 D PowerManagerService: acquire PROXIMITY_SCREEN_OFF_WAKE_LOCK from com.oneplus.dialer
10-11 16:35:18.982  1644  3510 D PowerManagerService: acquire PROXIMITY_SCREEN_OFF_WAKE_LOCK from com.oneplus.dialer
10-11 16:35:18.990  1644  5307 D PowerManagerService: acquire PROXIMITY_SCREEN_OFF_WAKE_LOCK from com.oneplus.dialer
10-11 16:35:19.001  1644  3137 D PowerManagerService: acquire PROXIMITY_SCREEN_OFF_WAKE_LOCK from com.oneplus.dialer
10-11 16:35:19.019  1644  3510 D PowerManagerService: acquire PROXIMITY_SCREEN_OFF_WAKE_LOCK from com.oneplus.dialer
10-11 16:35:19.027  1644  1644 W Looper  : Slow dispatch took 110ms main h=com.android.server.job.JobSchedulerService$JobHandler c=null m=3
10-11 16:35:19.046  1644  1760 D OemSceneModeActivityStack: [scene] handleEvaluateGameMode enabled: false
10-11 16:35:19.107  1644  5306 D PowerManagerService: acquire PROXIMITY_SCREEN_OFF_WAKE_LOCK from com.oneplus.dialer
10-11 16:35:19.108  1644  5306 I chatty  : uid=1000(system) Binder:1644_1D identical 2 lines
10-11 16:35:19.114  1644  5306 D PowerManagerService: acquire PROXIMITY_SCREEN_OFF_WAKE_LOCK from com.oneplus.dialer
10-11 16:35:19.143  1644  1644 W Looper  : Slow dispatch took 114ms main h=com.android.server.job.JobSchedulerService$JobHandler c=null m=3
10-11 16:35:19.149  1644  1644 V SettingsProvider: Notifying for 0: content://settings/secure/reminder_exp_learning_time_elapsed
10-11 16:35:19.150  1644  1644 I Telecom : CallsManager: onServiceStateChanged networkType: 16
10-11 16:35:19.150  1644  1644 I Telecom : LocationDetector: onReceive() - The switch button is closed which for countrycode adding function.
10-11 16:35:19.150  1644  1644 D PowerManagerService: acquire PROXIMITY_SCREEN_OFF_WAKE_LOCK from com.oneplus.dialer
10-11 16:35:19.152  1644  1644 V SettingsProvider: Notifying for 0: content://settings/system/rading_mode_status_auto
10-11 16:35:19.152  1644  1644 D PowerManagerService: acquire PROXIMITY_SCREEN_OFF_WAKE_LOCK from com.oneplus.dialer
10-11 16:35:19.153  1644  1644 W Looper  : Drained
10-11 16:35:19.159  1644  2318 D PowerManagerService: acquire PROXIMITY_SCREEN_OFF_WAKE_LOCK from com.oneplus.dialer
10-11 16:35:19.174  1644  2317 D PowerManagerService: acquire PROXIMITY_SCREEN_OFF_WAKE_LOCK from com.oneplus.dialer
10-11 16:35:19.220  2517 21400 I OIMC    : notified , mode ColorReadMode changeTo 2
10-11 16:35:19.221  2517  2534 I OIMC    : notified , mode ReadMode changeTo 2
10-11 16:35:19.221  2517  2711 I OIMC_CORE: handleMessage:   MODE_EXIT, arg1: 0, arg2: 0, obj: com.oneplus.server.oimc.gwy@edee883
10-11 16:35:19.221  2517  2711 I OIMC_CORE: The mode: ColorReadMode is not entered
10-11 16:35:19.221  2517  2711 I OIMC_CORE: handleMessage:   MODE_EXIT, arg1: 0, arg2: 0, obj: com.oneplus.server.oimc.gwy@8131a00
10-11 16:35:19.221  2517  2711 I OIMC_CORE: The mode: ReadMode is not entered
10-11 16:35:19.222  1644  1804 D ExtBatteryStatsService: ==MSG_SCREEN_OFF== at 2615913074
10-11 16:35:19.223  1644  1644 V SettingsProvider: Notifying for 0: content://settings/system/rading_mode_status_auto
10-11 16:35:19.226  1644  2370 D PowerManagerService: acquire PROXIMITY_SCREEN_OFF_WAKE_LOCK from com.oneplus.dialer
10-11 16:35:19.232  1644  1644 D OPSA    : ======BE_IMFORMED_SCREEN_ON======
10-11 16:35:19.238  1644  5307 D PowerManagerService: acquire PROXIMITY_SCREEN_OFF_WAKE_LOCK from com.oneplus.dialer
10-11 16:35:19.242  1644  2370 D PowerManagerService: acquire PROXIMITY_SCREEN_OFF_WAKE_LOCK from com.oneplus.dialer
10-11 16:35:19.341  1644  5307 D PowerManagerService: acquire PROXIMITY_SCREEN_OFF_WAKE_LOCK from com.oneplus.dialer
10-11 16:35:19.380  1644  3137 D PowerManagerService: acquire PROXIMITY_SCREEN_OFF_WAKE_LOCK from com.oneplus.dialer
10-11 16:35:19.383  1644  2318 D PowerManagerService: acquire PROXIMITY_SCREEN_OFF_WAKE_LOCK from com.oneplus.dialer
10-11 16:35:19.405  1644  5306 D PowerManagerService: acquire PROXIMITY_SCREEN_OFF_WAKE_LOCK from com.oneplus.dialer
10-11 16:35:19.409  1644  5307 D PowerManagerService: acquire PROXIMITY_SCREEN_OFF_WAKE_LOCK from com.oneplus.dialer
10-11 16:35:19.412  1644  1644 D OPBF    : # eventChangeReceiver # onReceive # action=android.intent.action.SCREEN_OFF
10-11 16:35:19.425  1644  3137 D PowerManagerService: acquire PROXIMITY_SCREEN_OFF_WAKE_LOCK from com.oneplus.dialer
10-11 16:35:19.427  1644  3137 D PowerManagerService: acquire PROXIMITY_SCREEN_OFF_WAKE_LOCK from com.oneplus.dialer
10-11 16:35:19.429  1644  5307 D PowerManagerService: acquire PROXIMITY_SCREEN_OFF_WAKE_LOCK from com.oneplus.dialer
10-11 16:35:19.431  1644  2317 D PowerManagerService: acquire PROXIMITY_SCREEN_OFF_WAKE_LOCK from com.oneplus.dialer
10-11 16:35:19.432  1644  1772 W BroadcastQueue: Permission Denial: broadcasting Intent { act=android.net.conn.CONNECTIVITY_CHANGE flg=0x4200010 (has extras) } from null (pid=-1, uid=-1) requires com.facebook.permission.prod.FB_APP_COMMUNICATION due to registered receiver BroadcastFilter{47becdb 10158/u0 ReceiverList{80c21ea 19210 com.facebook.katana/10158/u0 remote:a7cd5d5}}
10-11 16:35:19.434  1644  5306 D PowerManagerService: acquire PROXIMITY_SCREEN_OFF_WAKE_LOCK from com.oneplus.dialer
10-11 16:35:19.435  1644  2317 D PowerManagerService: acquire PROXIMITY_SCREEN_OFF_WAKE_LOCK from com.oneplus.dialer
10-11 16:35:19.435  1644  3510 D PowerManagerService: acquire PROXIMITY_SCREEN_OFF_WAKE_LOCK from com.oneplus.dialer
10-11 16:35:19.682  1644  3137 D PowerManagerService: acquire PROXIMITY_SCREEN_OFF_WAKE_LOCK from com.oneplus.dialer
10-11 16:35:19.685  1644  3137 D PowerManagerService: acquire PROXIMITY_SCREEN_OFF_WAKE_LOCK from com.oneplus.dialer
10-11 16:35:19.737  1644  2317 D PowerManagerService: acquire PROXIMITY_SCREEN_OFF_WAKE_LOCK from com.oneplus.dialer
10-11 16:35:19.738  1644  3137 D PowerManagerService: acquire PROXIMITY_SCREEN_OFF_WAKE_LOCK from com.oneplus.dialer
10-11 16:35:19.742  1644  2317 D PowerManagerService: acquire PROXIMITY_SCREEN_OFF_WAKE_LOCK from com.oneplus.dialer
10-11 16:35:19.743  1644  3460 D PowerManagerService: acquire PROXIMITY_SCREEN_OFF_WAKE_LOCK from com.oneplus.dialer
10-11 16:35:19.800  1644  2318 D PowerManagerService: acquire PROXIMITY_SCREEN_OFF_WAKE_LOCK from com.oneplus.dialer
10-11 16:35:19.801  1644  2857 D PowerManagerService: acquire PROXIMITY_SCREEN_OFF_WAKE_LOCK from com.oneplus.dialer
10-11 16:35:19.803  1644  2857 D PowerManagerService: acquire PROXIMITY_SCREEN_OFF_WAKE_LOCK from com.oneplus.dialer
10-11 16:35:19.807  1644  3137 D PowerManagerService: acquire PROXIMITY_SCREEN_OFF_WAKE_LOCK from com.oneplus.dialer
10-11 16:35:19.809  1644  6333 D PowerManagerService: acquire PROXIMITY_SCREEN_OFF_WAKE_LOCK from com.oneplus.dialer
10-11 16:35:19.810  1644  6333 I chatty  : uid=1000(system) Binder:1644_21 identical 1 line
10-11 16:35:19.811  1644  6333 D PowerManagerService: acquire PROXIMITY_SCREEN_OFF_WAKE_LOCK from com.oneplus.dialer
10-11 16:35:19.813  1644  3137 D PowerManagerService: acquire PROXIMITY_SCREEN_OFF_WAKE_LOCK from com.oneplus.dialer
10-11 16:35:19.877  1644  2857 D PowerManagerService: acquire PROXIMITY_SCREEN_OFF_WAKE_LOCK from com.oneplus.dialer
10-11 16:35:19.883  1644  2318 D PowerManagerService: acquire PROXIMITY_SCREEN_OFF_WAKE_LOCK from com.oneplus.dialer
10-11 16:35:19.886  1644  3137 D PowerManagerService: acquire PROXIMITY_SCREEN_OFF_WAKE_LOCK from com.oneplus.dialer
10-11 16:35:19.890  1644  1785 D ExtBatteryStatsService: @@@@ awaitUninterruptibly in 165 ms
10-11 16:35:19.896  1644  3510 D PowerManagerService: acquire PROXIMITY_SCREEN_OFF_WAKE_LOCK from com.oneplus.dialer
10-11 16:35:19.897  1644  6333 D PowerManagerService: acquire PROXIMITY_SCREEN_OFF_WAKE_LOCK from com.oneplus.dialer
10-11 16:35:19.898  1644  3510 D PowerManagerService: acquire PROXIMITY_SCREEN_OFF_WAKE_LOCK from com.oneplus.dialer
10-11 16:35:19.899  1644  3137 D PowerManagerService: acquire PROXIMITY_SCREEN_OFF_WAKE_LOCK from com.oneplus.dialer
10-11 16:35:19.899  1644  2318 D PowerManagerService: acquire PROXIMITY_SCREEN_OFF_WAKE_LOCK from com.oneplus.dialer
10-11 16:35:19.899  1644  2318 D PowerManagerService: acquire PROXIMITY_SCREEN_OFF_WAKE_LOCK from com.oneplus.dialer
10-11 16:35:19.900  1644  6333 D PowerManagerService: acquire PROXIMITY_SCREEN_OFF_WAKE_LOCK from com.oneplus.dialer
10-11 16:35:19.966  1644  1809 D OpPowerControllerService: SCREEN is OFF
10-11 16:35:19.967  1644  1809 D OpPowerControllerService: SCREEN is ON
10-11 16:35:19.967  1644  1809 D OpPowerControllerService: screen off duration: 1385
10-11 16:35:19.968  1644  3161 D PowerManagerService: acquire PROXIMITY_SCREEN_OFF_WAKE_LOCK from com.oneplus.dialer
10-11 16:35:19.969  1644  3161 E OPCS    : [Cap] [Start] remainCap is abnormal: 0
10-11 16:35:19.969  1644  3161 E OPCS    : [Cap] [Start] use mLastCapRemaining: 1988 instead.
10-11 16:35:19.970  1644  3161 E OPCS    : AccurateCounter getCurAccurateLevel error, err:11 16:35:19 curPower:0.0 fullCharge:0.0 powerLevel:43
10-11 16:35:19.970  1644  3161 I OPCS    : AccurateCounter stopCount err, tag:ScreenOffDischarge cur:-1.0 lastLevel:27.526811829704258 mLastAccurateLevel:27.526811829704258
10-11 16:35:19.972  1644  3161 E OPCS    : AccurateCounter getCurAccurateLevel error, err:11 16:35:19 curPower:0.0 fullCharge:0.0 powerLevel:43
10-11 16:35:19.972  1644  3161 I OPCS    : AccurateCounter startCount err, tag:ScreenOnDischarge mLastAccurateLevel:27.526811829704258
10-11 16:35:19.973  1644  3161 D PowerManagerService: acquire PROXIMITY_SCREEN_OFF_WAKE_LOCK from com.oneplus.dialer
10-11 16:35:19.973  1644  1809 W ContextImpl: Calling a method in the system process without a qualified user: android.app.ContextImpl.sendBroadcast:1122 com.android.server.power.Notifier.sendWakeUpBroadcast:817 com.android.server.power.Notifier.sendNextBroadcast:795 com.android.server.power.Notifier.access$500:96 com.android.server.power.Notifier$7.onReceive:863
10-11 16:35:20.010  1644  1644 D OPSA    : ======BE_IMFORMED_SCREEN_ON======
10-11 16:35:20.029  2517  2517 I TWSReceiver: onReceive: android.intent.action.SCREEN_ON
10-11 16:35:20.029  2517  2517 I TWSReceiver: bind service
10-11 16:35:20.030  2517  3771 W ContextImpl: Calling a method in the system process without a qualified user: android.app.ContextImpl.startService:1690 android.content.ContextWrapper.startService:720 xne.xne.xne.xne.xne$mab.run:35 java.util.concurrent.ThreadPoolExecutor.runWorker:1167 java.util.concurrent.ThreadPoolExecutor$Worker.run:641
10-11 16:35:20.032  1644  2377 D ConnectivityService: releasing NetworkRequest [ TRACK_DEFAULT id=40002, [ Capabilities: INTERNET&NOT_RESTRICTED&TRUSTED Uid: 10582 AdministratorUids: [] RequestorUid: 10582 RequestorPackageName: com.snapchat.android] ] (release request)
10-11 16:35:20.035  1644  1644 D OPBF    : # eventChangeReceiver # onReceive # action=android.intent.action.SCREEN_ON
10-11 16:35:20.040  1644  1663 D ConnectivityService: requestNetwork for uid/pid:10582/19418 NetworkRequest [ TRACK_DEFAULT id=40012, [ Capabilities: INTERNET&NOT_RESTRICTED&TRUSTED Uid: 10582 AdministratorUids: [] RequestorUid: 10582 RequestorPackageName: com.snapchat.android] ]
10-11 16:35:20.042  1644  2377 D ConnectivityService: NetReassign [40012 : null  1591]
10-11 16:35:20.065  1644  3510 D PowerManagerService: acquire PROXIMITY_SCREEN_OFF_WAKE_LOCK from com.oneplus.dialer
10-11 16:35:20.067  1644  3510 D PowerManagerService: acquire PROXIMITY_SCREEN_OFF_WAKE_LOCK from com.oneplus.dialer
10-11 16:35:20.069  1644  3460 D PowerManagerService: acquire PROXIMITY_SCREEN_OFF_WAKE_LOCK from com.oneplus.dialer
10-11 16:35:20.076  1644  3460 I chatty  : uid=1000(system) Binder:1644_14 identical 1 line
10-11 16:35:20.079  1644  3460 D PowerManagerService: acquire PROXIMITY_SCREEN_OFF_WAKE_LOCK from com.oneplus.dialer
10-11 16:35:20.081  1644  3137 D PowerManagerService: acquire PROXIMITY_SCREEN_OFF_WAKE_LOCK from com.oneplus.dialer
10-11 16:35:20.097  1644  2318 E SparseMappingTable: can't store negative values key=0xcf00118 index=0 value=-9901 -- SparseMappingTable.Table{mSequence=165 mParent.mSequence=165 mParent.mLongs.size()=3 mSize=11 mTable=[0x0/0x1/0xfb0, 0x2/0x1/0xfaf, 0x3/0x1/0xfaa, 0x4/0x1/0xfb1, 0x14/0x1/0xcfd, 0x16/0x1/0xcfc, 0x17/0x1/0xce2, 0x18/0x1/0xcf0, 0x19/0x2/0xa2, 0x1b/0x2/0xa1, 0x1d/0x2/0xa3, 0x0/0x0/0x0, 0x0/0x0/0x0, 0x0/0x0/0x0, 0x0/0x0/0x0, 0x0/0x0/0x0, 0x0/0x0/0x0, 0x0/0x0/0x0, 0x0/0x0/0x0] clazz=com.android.internal.app.procstats.DurationsTable}
10-11 16:35:20.097  1644  2318 E SparseMappingTable: java.lang.RuntimeException: Stack trace
10-11 16:35:20.097  1644  2318 E SparseMappingTable:    at com.android.internal.app.procstats.SparseMappingTable.logOrThrow(SparseMappingTable.java:657)
10-11 16:35:20.097  1644  2318 E SparseMappingTable:    at com.android.internal.app.procstats.SparseMappingTable.access$400(SparseMappingTable.java:46)
10-11 16:35:20.097  1644  2318 E SparseMappingTable:    at com.android.internal.app.procstats.SparseMappingTable$Table.setValue(SparseMappingTable.java:286)
10-11 16:35:20.097  1644  2318 E SparseMappingTable:    at com.android.internal.app.procstats.SparseMappingTable$Table.setValue(SparseMappingTable.java:271)
10-11 16:35:20.097  1644  2318 E SparseMappingTable:    at com.android.internal.app.procstats.DurationsTable.addDuration(DurationsTable.java:49)
10-11 16:35:20.097  1644  2318 E SparseMappingTable:    at com.android.internal.app.procstats.ServiceState.setForeground(ServiceState.java:380)
10-11 16:35:20.097  1644  2318 E SparseMappingTable:    at com.android.server.am.ActiveServices.setServiceForegroundInnerLocked(ActiveServices.java:1766)
10-11 16:35:20.097  1644  2318 E SparseMappingTable:    at com.android.server.am.ActiveServices.setServiceForegroundLocked(ActiveServices.java:1191)
10-11 16:35:20.097  1644  2318 E SparseMappingTable:    at com.android.server.am.ActivityManagerService.setServiceForeground(ActivityManagerService.java:16862)
10-11 16:35:20.097  1644  2318 E SparseMappingTable:    at android.app.IActivityManager$Stub.onTransact(IActivityManager.java:3198)
10-11 16:35:20.097  1644  2318 E SparseMappingTable:    at com.android.server.am.ActivityManagerService.onTransact(ActivityManagerService.java:3300)
10-11 16:35:20.097  1644  2318 E SparseMappingTable:    at android.os.Binder.execTransactInternal(Binder.java:1170)
10-11 16:35:20.097  1644  2318 E SparseMappingTable:    at android.os.Binder.execTransact(Binder.java:1134)
10-11 16:35:20.101  1644  2317 I Telecom : Event: RecordEntry TC@289: REQUEST_DISCONNECT, internal: ICA.dC(cod)@VCk
10-11 16:35:20.101  1644  2317 I Telecom : Call: Send disconnect to connection service for call: [Call id=TC@289, state=DISCONNECTING, tpac=ComponentInfo{com.android.phone/com.android.services.telephony.TelephonyConnectionService}, ***, UserHandle{0}, cmgr=ComponentInfo{com.android.phone/com.android.services.telephony.TelephonyConnectionService}, ***, UserHandle{0}, handle=tel:*************, vidst=A, childs(0), has_parent(false), cap=[ hld sup_hld mut !v2a spd_aud], prop=[]]: ICA.dC(cod)@VCk
