10-10 11:50:33.517 21971 21971 I 309     : package:com.google.android.gsf took:1661 calssname:android.app.ActivityThread$H callback:null what:110
10-10 11:50:36.605 24026 24101 I 111     :  OptJank - continuously drops frames:4
10-10 11:50:36.683 24026 24101 I 111     :  OptJank - continuously drops frames:4
10-10 11:50:36.728 24026 24101 I 111     :  OptJank - continuously drops frames:4
10-10 11:50:36.774 24026 24101 I 111     :  OptJank - continuously drops frames:4
10-10 11:50:36.780 24026 24101 I 111     :  OptJank - high percentage:0.85
10-10 11:50:36.838 24026 24101 I 111     :  OptJank - continuously drops frames:4
10-10 11:50:36.891 24026 24101 I 111     :  OptJank - continuously drops frames:4
10-10 11:50:36.966 24026 24101 I 111     :  OptJank - continuously drops frames:4
10-10 11:50:36.993 24026 24101 I 111     :  OptJank - high percentage:0.7
10-10 11:50:37.450  1644  1801 I 322     : com.whatsapp#-1#336
10-10 11:50:48.404 15494  6539 I 101     : #262
10-10 11:50:54.757 27723 27723 I 100     : Open /data/app/~~5FooY2gBUzZKy8tN7nP3IQ==/org.telegram.messenger-7etYFfCBgjjg3Pc8uPpYeQ==/base.apk took:62ms
10-10 11:56:43.490 23393 23420 I 101     : #213
10-10 12:03:28.030  1644  1808 I 300     : 73
10-10 12:03:32.004 24026 24101 I 110     :  OptJank - total:116 frameGap:120 delta#99#8#7#0#0#7
10-10 12:03:36.103 15494 15506 I 101     : #324
10-10 12:03:41.000  8649 25956 I 110     :  OptJank - total:171 frameGap:178 delta#99#67#60#6#1#2
10-10 12:03:41.426  8649 25956 I 110     :  OptJank - total:295 frameGap:298 delta#288#4#3#0#0#2
10-10 12:03:41.651  8649 25956 I 110     :  OptJank - total:118 frameGap:224 delta#99#14#3#10#0#4
10-10 12:03:42.910  8649 25956 I 110     :  OptJank - total:84 frameGap:1249 delta#44#21#6#15#0#17
10-10 12:03:43.520  8649 25956 I 110     :  OptJank - total:247 frameGap:252 delta#222#3#3#0#0#21
10-10 12:03:43.800  8649 25956 I 110     :  OptJank - total:248 frameGap:279 delta#233#8#7#0#0#6
10-10 12:03:50.348  1644  1801 I 322     : com.oneplus.gallery#-1#128
10-10 12:04:12.062  1644  1801 I 322     : com.oneplus.gallery#-1#128
10-10 12:05:16.152  1644  3413 I 300     : 62
10-10 12:05:20.198 24026 24101 I 111     :  OptJank - continuously drops frames:4
10-10 12:05:20.267 24026 24101 I 111     :  OptJank - continuously drops frames:4
10-10 12:05:20.331 24026 24101 I 111     :  OptJank - continuously drops frames:4
10-10 12:05:20.384 24026 24101 I 111     :  OptJank - high percentage:0.65
10-10 12:05:20.854  1644  1801 I 322     : com.whatsapp#-1#289
10-10 12:05:30.831 15494 25618 I 101     : #384
10-10 12:05:47.437 22086 22086 I 309     : package:com.instagram.android took:1034 calssname:android.app.ActivityThread$H callback:null what:114
10-10 12:05:47.814  3743  3789 I 101     : #204
10-10 12:05:53.426 24026 24101 I 111     :  OptJank - continuously drops frames:4
10-10 12:05:54.053 28080 28080 I 100     : Open /data/app/~~3UXQUx0XQ64Vw--s1hvC1A==/com.google.android.apps.docs.editors.docs-nnCADRwfBhjzo6FcqK_hWw==/base.apk took:63ms
10-10 12:05:54.537  1644  1801 I 322     : com.google.android.apps.docs#-1#779
10-10 12:05:55.170 28080 28080 I 309     : package:com.google.android.apps.docs.editors.docs took:1213 calssname:android.app.ActivityThread$H callback:null what:110
10-10 12:05:56.755 23618 23618 I 309     : package:com.oneplus.opwlb took:3986 calssname:android.app.ActivityThread$H callback:android.app.-$$Lambda$LoadedApk$ReceiverDispatcher$Args$_BumDX2UKsnxLVrE6UJsJZkotuA@22ff693 what:0
10-10 12:05:59.950  1644  1801 I 322     : com.google.android.apps.docs#-1#69
10-10 12:06:00.212  1644  1801 I 322     : com.google.android.apps.docs.editors.sheets#-1#192
10-10 12:06:00.613  1644  1801 I 322     : com.google.android.apps.docs.editors.sheets#-1#366
10-10 12:06:06.874 28387 28595 I 111     :  OptJank - high percentage:0.45
10-10 12:06:15.881 28387 28595 I 111     :  OptJank - continuously drops frames:4
10-10 12:06:15.938 28387 28595 I 111     :  OptJank - continuously drops frames:4
10-10 12:06:15.994 28387 28595 I 111     :  OptJank - continuously drops frames:4
10-10 12:06:16.050 28387 28595 I 111     :  OptJank - continuously drops frames:4
10-10 12:06:16.050 28387 28595 I 111     :  OptJank - high percentage:0.85
10-10 12:06:16.115 28387 28595 I 111     :  OptJank - continuously drops frames:4
10-10 12:06:16.167 28387 28595 I 111     :  OptJank - continuously drops frames:4
10-10 12:06:16.221 28387 28595 I 111     :  OptJank - continuously drops frames:4
10-10 12:06:16.288 28387 28595 I 111     :  OptJank - continuously drops frames:4
10-10 12:06:16.779 28387 28595 I 111     :  OptJank - high percentage:0.85
10-10 12:06:22.047 28387 28595 I 111     :  OptJank - continuously drops frames:4
10-10 12:06:22.594 28387 28595 I 111     :  OptJank - continuously drops frames:4
10-10 12:06:22.648 28387 28595 I 111     :  OptJank - continuously drops frames:4
10-10 12:06:22.667 28387 28595 I 111     :  OptJank - high percentage:0.5
10-10 12:06:22.711 28387 28595 I 111     :  OptJank - continuously drops frames:4
10-10 12:06:22.768 28387 28595 I 111     :  OptJank - continuously drops frames:4
10-10 12:06:22.823 28387 28595 I 111     :  OptJank - continuously drops frames:4
10-10 12:06:22.872 28387 28595 I 111     :  OptJank - continuously drops frames:4
10-10 12:06:22.925 28387 28595 I 111     :  OptJank - continuously drops frames:4
10-10 12:06:22.938 28387 28595 I 111     :  OptJank - high percentage:1
10-10 12:06:22.979 28387 28595 I 111     :  OptJank - continuously drops frames:4
10-10 12:06:23.033 28387 28595 I 111     :  OptJank - continuously drops frames:4
10-10 12:06:23.091 28387 28595 I 111     :  OptJank - continuously drops frames:4
10-10 12:06:23.149 28387 28595 I 111     :  OptJank - continuously drops frames:4
10-10 12:06:23.207 28387 28595 I 111     :  OptJank - continuously drops frames:4
10-10 12:06:23.221 28387 28595 I 111     :  OptJank - high percentage:1
10-10 12:06:23.349 28387 28595 I 111     :  OptJank - continuously drops frames:4
10-10 12:06:23.408 28387 28595 I 111     :  OptJank - continuously drops frames:4
10-10 12:06:23.472 28387 28595 I 111     :  OptJank - continuously drops frames:4
10-10 12:06:23.496 28387 28595 I 111     :  OptJank - high percentage:0.85
10-10 12:06:24.895 28387 28595 I 111     :  OptJank - continuously drops frames:4
10-10 12:06:24.934 28387 28595 I 111     :  OptJank - high percentage:0.45
10-10 12:06:41.254 28814 28814 I 100     : Open /data/app/~~ylJgVMBE0IwzoiGq2jaj0A==/com.ril.ajio-HWimE7JwDGuXYFOF7V5rtA==/base.apk took:77ms
10-10 12:10:09.195  1644  1808 I 300     : 242
10-10 12:10:12.081 24026 24101 I 110     :  OptJank - total:108 frameGap:108 delta#111#30#10#13#0#1
10-10 12:10:12.990 24026 24101 I 111     :  OptJank - continuously drops frames:4
10-10 12:10:13.096 24026 24101 I 111     :  OptJank - continuously drops frames:4
10-10 12:10:29.243  1644  1801 I 322     : com.android.chrome#-1#1476
10-10 12:10:31.423 27770 29486 I 110     :  OptJank - total:114 frameGap:254 delta#0#111#0#15#0#2
10-10 12:10:40.527 23325 23388 I 110     :  OptJank - total:344 frameGap:482 delta#316#22#5#16#0#4
10-10 12:10:43.607 24026 24101 I 110     :  OptJank - total:110 frameGap:194 delta#33#72#9#62#0#4
10-10 12:10:48.121 23325 23388 I 110     :  OptJank - total:386 frameGap:531 delta#333#40#13#27#1#11
10-10 12:10:55.194 27770 29486 I 110     :  OptJank - total:71 frameGap:1010 delta#0#1#0#0#0#70
10-10 12:11:18.235 28387 28595 I 111     :  OptJank - continuously drops frames:4
10-10 12:11:26.340 28387 28595 I 110     :  OptJank - total:123 frameGap:161 delta#111#10#10#0#0#1
10-10 12:11:35.451  1644  1801 I 322     : com.google.android.apps.docs#-1#57
10-10 12:11:35.713  1644  1801 I 322     : com.google.android.apps.docs.editors.sheets#-1#254
10-10 12:11:43.022 28387 28595 I 111     :  OptJank - continuously drops frames:4
10-10 12:11:46.249 28387 28595 I 111     :  OptJank - continuously drops frames:4
10-10 12:11:50.830 24026 24101 I 111     :  OptJank - continuously drops frames:4
10-10 12:12:08.260  1644  1801 I 322     : com.whatsapp#-1#243
10-10 12:13:04.555 15494 29396 I 101     : #359
10-10 12:13:43.166 24026 24101 I 111     :  OptJank - continuously drops frames:4
10-10 12:14:29.980  1644  1808 I 300     : 232
10-10 12:14:47.104 26821 29971 I 110     :  OptJank - total:200 frameGap:709 delta#88#96#2#88#0#14
10-10 12:14:47.104 26821 29971 I 111     : OptJank - big and big
10-10 12:15:29.716  3743  4015 I 110     :  OptJank - total:436 frameGap:436 delta#22#614#2#611#2#13
10-10 12:15:32.775  3743  4015 I 110     :  OptJank - total:303 frameGap:303 delta#11#514#11#503#3#4
10-10 12:15:33.750  3743  4015 I 110     :  OptJank - total:584 frameGap:948 delta#0#573#0#572#2#8
10-10 12:15:33.750  3743  4015 I 111     : OptJank - big and big
10-10 12:15:34.978  1644  1801 I 322     : com.linkedin.android#-1#229
10-10 12:19:00.519  3743  4015 I 110     :  OptJank - total:78 frameGap:83 delta#66#9#6#0#0#2
10-10 12:19:05.901  1644  1808 I 300     : 273
10-10 12:19:09.740 24026 24101 I 111     :  OptJank - continuously drops frames:4
10-10 12:19:09.849 24026 24101 I 111     :  OptJank - continuously drops frames:4
10-10 12:19:09.888 24026 24101 I 111     :  OptJank - high percentage:0.65
10-10 12:19:10.000 24026 24101 I 111     :  OptJank - continuously drops frames:4
10-10 12:19:10.103 24026 24101 I 111     :  OptJank - high percentage:0.5
10-10 12:19:10.425  1644  1801 I 322     : com.whatsapp#-1#227
10-10 12:19:51.218  1644  1801 I 322     : com.oneplus.camera#84#530
10-10 12:19:55.995 15494 15506 I 101     : #384
10-10 12:21:27.617 15494 15506 I 101     : #383
10-10 12:21:31.277 15494 20366 I 110     :  OptJank - total:125 frameGap:130 delta#0#118#0#3#0#6
10-10 12:21:34.375  1644  1801 I 322     : com.whatsapp#-1#343
10-10 12:21:43.078  1644  1801 I 322     : com.whatsapp#-1#126
10-10 12:21:44.368  1644  1801 I 322     : com.whatsapp#-1#376
10-10 12:21:46.208  1644  1801 I 322     : com.whatsapp#-1#336
10-10 12:22:13.699 15494 31201 I 101     : #907
10-10 12:22:18.884  1644  1808 I 300     : 134
10-10 12:22:49.601  1644  1808 I 300     : 259
10-10 12:24:09.980  1644  1808 I 300     : 220
10-10 12:24:13.954  1644  1801 I 322     : com.whatsapp#-1#188
10-10 12:24:18.266 24026 24101 I 111     :  OptJank - continuously drops frames:4
10-10 12:24:22.699 15494 15506 I 101     : #463
10-10 12:25:52.489  1644  1808 I 300     : 232
10-10 12:26:05.328  1644  1801 I 322     : com.whatsapp#-1#188
10-10 12:26:07.105  1644  1801 I 322     : com.whatsapp#-1#129
10-10 12:26:15.181 15494 30671 I 101     : #392
10-10 12:26:26.781  3743  4015 I 111     :  OptJank - continuously drops frames:4
10-10 12:26:27.383  3743  4015 I 110     :  OptJank - total:453 frameGap:453 delta#0#659#6#653#2#8
10-10 12:26:27.464  3743  4015 I 111     :  OptJank - continuously drops frames:4
10-10 12:26:28.980  3743  4015 I 110     :  OptJank - total:451 frameGap:1411 delta#0#443#9#434#3#3
10-10 12:26:29.069  1644  1801 I 322     : com.linkedin.android#-1#557
10-10 12:26:59.013  3743  4015 I 110     :  OptJank - total:109 frameGap:206 delta#11#81#9#71#10#6
10-10 12:26:59.696  3743  4015 I 110     :  OptJank - total:101 frameGap:566 delta#22#75#8#67#0#2
10-10 12:27:04.025  3743  4015 I 111     :  OptJank - continuously drops frames:4
10-10 12:27:04.178  3743  4015 I 111     :  OptJank - continuously drops frames:4
10-10 12:27:04.541  1644  1801 I 322     : com.linkedin.android#-1#155
10-10 12:27:10.614  3743  4015 I 110     :  OptJank - total:193 frameGap:1048 delta#44#142#6#135#0#5
10-10 12:27:12.861  1644  1801 I 322     : com.linkedin.android#-1#96
10-10 12:27:15.030  3743  4015 I 110     :  OptJank - total:302 frameGap:302 delta#44#274#4#269#6#2
10-10 12:27:59.369  1644  1808 I 300     : 270
10-10 12:28:01.061 24026 24101 I 110     :  OptJank - total:216 frameGap:217 delta#177#36#9#13#0#2
10-10 12:28:02.411  3743  4015 I 110     :  OptJank - total:112 frameGap:112 delta#0#105#4#100#1#9
10-10 12:28:02.411  3743  4015 I 111     : OptJank - big and big
10-10 12:30:02.269  5170  5170 I 100     : Open /data/app/~~h-6r8sm96TxE-1Ss2OFmaw==/com.oneplus.account-Fb_iCWSjb2ed0zkT-pfmHw==/base.apk took:57ms
10-10 12:30:03.154 22086 22086 I 309     : package:com.instagram.android took:1179 calssname:android.app.ActivityThread$H callback:null what:114
10-10 12:33:46.959  5991  5991 I 100     : Open /data/app/~~WkLg-Mizasd2usY_NnkYvw==/com.huawei.health-xEUynZe6LtoXQAS3LPCmHw==/base.apk took:274ms
10-10 12:34:03.836  5991  6012 I 101     : #151
10-10 12:36:36.578  6428  6428 I 100     : Open /data/app/~~rykvof-3UwAIupu6J0-Wag==/com.bt.bms-Nrsi5MsEXhBvB6hJm3ozeg==/base.apk took:65ms
10-10 12:36:37.226  6428  6571 I 100     : Open /data/app/~~5GFc4NDCXrRsnnkqI9eJvw==/com.google.android.gms-4y1NvTCNY1iGYN4u0m6fzw==/base.apk took:75ms
10-10 12:36:37.545  6428  6428 I 309     : package:com.bt.bms took:1079 calssname:android.app.ActivityThread$H callback:null what:110
10-10 12:36:39.143  6586  6606 I 100     : Open /system/framework/com.android.location.provider.jar took:52ms
10-10 12:36:39.291  6586  6606 I 100     : Open /data/app/~~5GFc4NDCXrRsnnkqI9eJvw==/com.google.android.gms-4y1NvTCNY1iGYN4u0m6fzw==/base.apk took:145ms
10-10 12:36:39.897  6586  6606 I 101     : #601
10-10 12:41:20.628  8650 27743 I 101     : #436
10-10 12:45:02.157  1644  1808 I 300     : 203
10-10 12:45:09.643  5016  7821 I 110     :  OptJank - total:156 frameGap:161 delta#0#154#0#0#0#2
10-10 12:54:19.807  8231  8231 I 100     : Open /data/app/~~CrFfL8uiEpMg2Gq2nwTXuQ==/com.oneplus.opsports-IyWpj5OlRp-eO8Vp5yTIXQ==/base.apk took:79ms
10-10 12:55:38.305  1644  1808 I 300     : 128
10-10 12:55:38.794 24026 24101 I 110     :  OptJank - total:104 frameGap:104 delta#88#29#5#22#1#20
10-10 12:55:39.521  3743  4015 I 110     :  OptJank - total:183 frameGap:192 delta#177#4#3#0#0#1
10-10 12:55:39.690  3743  4015 I 110     :  OptJank - total:84 frameGap:92 delta#77#5#4#0#0#1
10-10 12:55:42.003 23618 23618 I 309     : package:com.oneplus.opwlb took:1179 calssname:android.app.ActivityThread$H callback:android.app.-$$Lambda$LoadedApk$ReceiverDispatcher$Args$_BumDX2UKsnxLVrE6UJsJZkotuA@1f0a663 what:0
10-10 12:55:46.134 24026 24101 I 111     :  OptJank - continuously drops frames:4
10-10 12:55:46.232 24026 24101 I 111     :  OptJank - continuously drops frames:4
10-10 12:55:46.267 24026 24101 I 111     :  OptJank - high percentage:0.6
10-10 12:55:46.276 24026 24101 I 111     :  OptJank - continuously drops frames:4
10-10 12:55:46.737  1644  1801 I 322     : com.whatsapp#-1#305
10-10 12:55:54.293  1644  1801 I 322     : com.whatsapp#-1#118
10-10 12:56:01.128  8715  8715 I 100     : Open /data/app/~~g8HZBXLnVDQaxtnwkIRAKA==/com.twitter.android-Aako8Ud2lNnLhjet2p8jKQ==/base.apk took:120ms
10-10 12:56:02.065  8715  8715 I 309     : package:com.twitter.android took:1088 calssname:android.app.ActivityThread$H callback:null what:110
10-10 12:56:19.947  1644  1801 I 322     : com.whatsapp#-1#210
10-10 12:56:42.549  1644  1801 I 322     : com.whatsapp#-1#208
10-10 12:56:44.035  1644  1801 I 322     : com.whatsapp#-1#152
10-10 12:56:47.404  1644  1801 I 322     : com.whatsapp#-1#167
10-10 12:56:52.156  1644  1801 I 322     : com.whatsapp#-1#144
10-10 12:57:04.289 15494  8643 I 101     : #580
10-10 12:57:04.711 15494 15506 I 101     : #420
10-10 13:06:24.191  1644  3216 I 300     : 110
10-10 13:06:25.544 19328 19328 I 100     : Open /data/app/~~kpTJluHGf_J050qWeugyVA==/net.one97.paytm-EzAJUEk29STh5Th9qBXmYQ==/base.apk took:55ms
10-10 13:06:26.360  1644  1801 I 322     : net.one97.paytm#114#1013
10-10 13:06:27.114 19328 10319 I 110     :  OptJank - total:180 frameGap:188 delta#0#177#0#176#0#3
10-10 13:06:28.159 10399 10399 I 309     : package:com.rapido.passenger took:1344 calssname:android.app.ActivityThread$H callback:null what:110
10-10 13:06:28.568 10399 10649 I 100     : Open /data/app/~~5GFc4NDCXrRsnnkqI9eJvw==/com.google.android.gms-4y1NvTCNY1iGYN4u0m6fzw==/base.apk took:77ms
10-10 13:06:32.601 15494 10363 I 101     : #393
10-10 13:06:50.561 19328 10319 I 111     :  OptJank - continuously drops frames:4
10-10 13:06:50.746 19328 10319 I 111     :  OptJank - continuously drops frames:4
10-10 13:06:52.268 19328 10319 I 111     :  OptJank - continuously drops frames:4
10-10 13:07:02.618 19328 10319 I 111     :  OptJank - continuously drops frames:4
10-10 13:07:02.783 19328 10319 I 111     :  OptJank - high percentage:0.45
10-10 13:07:02.974 19328 10319 I 111     :  OptJank - continuously drops frames:4
10-10 13:07:04.258 19328 10319 I 111     :  OptJank - continuously drops frames:4
10-10 13:07:04.490 19328 10319 I 111     :  OptJank - continuously drops frames:4
10-10 13:07:04.749 19328 10319 I 111     :  OptJank - continuously drops frames:4
10-10 13:07:04.976 19328 10319 I 111     :  OptJank - high percentage:0.65
10-10 13:07:05.865 19328 10319 I 111     :  OptJank - high percentage:0.55
10-10 13:07:19.335 19328 10319 I 111     :  OptJank - continuously drops frames:4
10-10 13:07:19.490 19328 10319 I 111     :  OptJank - continuously drops frames:4
10-10 13:07:19.781 19328 10319 I 111     :  OptJank - continuously drops frames:4
10-10 13:07:19.825 19328 10319 I 111     :  OptJank - high percentage:0.8
10-10 13:07:20.123 19328 10319 I 111     :  OptJank - continuously drops frames:4
10-10 13:07:36.743 19328 10319 I 111     :  OptJank - continuously drops frames:4
10-10 13:07:36.897 19328 10319 I 111     :  OptJank - continuously drops frames:4
10-10 13:07:37.065 19328 10319 I 111     :  OptJank - continuously drops frames:4
10-10 13:07:37.554 19328 10319 I 111     :  OptJank - high percentage:0.75
10-10 13:07:37.669 19328 10319 I 111     :  OptJank - continuously drops frames:4
10-10 13:07:37.910 19328 10319 I 111     :  OptJank - continuously drops frames:4
10-10 13:07:38.059 19328 10319 I 111     :  OptJank - high percentage:0.7
10-10 13:07:38.429 19328 10319 I 111     :  OptJank - continuously drops frames:4
10-10 13:07:38.607 19328 10319 I 111     :  OptJank - high percentage:0.5
10-10 13:10:22.084  1644  1808 I 300     : 132
10-10 13:10:22.489 24026 24101 I 110     :  OptJank - total:60 frameGap:60 delta#0#83#0#19#0#2
10-10 13:10:22.492 24026 24101 I 110     :  OptJank - total:2 frameGap:2 delta#0#84#0#20#0#2
10-10 13:10:25.665 10940 11592 I 110     :  OptJank - total:282 frameGap:282 delta#88#223#8#212#0#6
10-10 13:10:26.309  1644  1801 I 322     : com.oneplus.dialer#-1#117
10-10 13:10:28.649  1644  1801 I 322     : com.oneplus.contacts#-1#235
10-10 13:10:31.218  1644  1801 I 322     : com.oneplus.dialer#-1#248
10-10 13:10:33.458 11916 11916 I 100     : Open /data/app/~~25avYT_HzZusnJ-HxO4q7A==/com.jio.myjio-HaZ4G4uCacya1rRnrsokkQ==/base.apk took:111ms
10-10 13:11:43.170  1644  1808 I 300     : 241
10-10 13:11:51.006 24026 24101 I 111     :  OptJank - continuously drops frames:4
10-10 13:11:51.050 24026 24101 I 111     :  OptJank - continuously drops frames:4
10-10 13:11:51.092 24026 24101 I 111     :  OptJank - continuously drops frames:4
10-10 13:11:51.157 24026 24101 I 111     :  OptJank - high percentage:0.8
10-10 13:11:51.521 24026 24101 I 110     :  OptJank - total:96 frameGap:99 delta#0#94#0#3#0#1
10-10 13:11:53.146  8715 12540 I 110     :  OptJank - total:260 frameGap:267 delta#0#254#0#254#0#5
10-10 13:12:48.646 12360 16047 I 110     :  OptJank - total:78 frameGap:78 delta#66#12#4#8#0#4
10-10 13:12:49.417 12360 16047 I 110     :  OptJank - total:96 frameGap:104 delta#55#34#10#23#0#6
10-10 13:13:06.437  8650 27743 I 101     : #522
10-10 13:13:18.394 12360 16047 I 110     :  OptJank - total:69 frameGap:72 delta#0#51#0#50#1#17
10-10 13:13:53.501  1644  1801 I 322     : com.instagram.android#-1#331
10-10 13:13:55.029  1644  1801 I 322     : com.instagram.android#-1#225
10-10 13:14:25.412 12360 16047 I 110     :  OptJank - total:81 frameGap:84 delta#55#10#1#8#0#15
10-10 13:14:29.404  1644  1808 I 300     : 243
10-10 13:14:30.726 13828 13828 I 100     : Open /data/app/~~_x9b6Ah4cg5mY3-lUZOreg==/com.google.android.apps.maps-tsnTmJzaNmst5qIBjvMsFw==/base.apk took:94ms
10-10 13:14:31.700 13936 13936 I 100     : Open /data/app/~~AwWEfla5NCZsFoiwAeCGZQ==/com.jio.jioplay.tv-xKRxtto4CJKkTTm6v-lZYA==/base.apk took:99ms
10-10 13:14:32.860 13850 14074 I 101     : #241
10-10 13:14:33.488 13850 14074 I 101     : #330
10-10 13:14:33.831 13828 13913 I 101     : #527
10-10 13:14:34.542 13828 13920 I 100     : Open /data/user_de/0/com.google.android.gms/app_chimera/m/00000384/dl-BrellaDynamite.optional_223616100400.apk took:142ms
10-10 13:14:35.024 13828 13920 I 101     : #409
10-10 13:14:36.064 13850 13877 I 101     : #325
10-10 13:14:36.498 13828 13883 I 101     : #723
10-10 13:14:38.193 14747 14747 I 100     : Open /system/priv-app/DownloadProvider/DownloadProvider.apk took:65ms
10-10 13:14:40.078 14882 14882 I 309     : package:com.oneplus.opwlb took:1009 calssname:android.app.ActivityThread$H callback:null what:110
10-10 13:14:42.228 14747 14747 I 309     : package:com.android.providers.downloads took:4356 calssname:android.app.ActivityThread$H callback:null what:110
10-10 13:14:58.996 15390 15390 I 100     : Open /data/app/~~PRlRSRWDv9uwVqrLOCTqYA==/com.google.android.googlequicksearchbox-7aOj7wG0nzPWjrbrZ0bWYA==/base.apk took:118ms
10-10 13:16:49.360 19331 19331 I 100     : Open /data/app/~~VNRQTBgv8c_qwhxvdDvBAw==/com.snapchat.android-FRyt1K7OgWZZ1ndEp7XZVA==/base.apk took:77ms
10-10 13:16:54.840 19331 15779 I 101     : #182
10-10 13:16:59.397 24026 24101 I 111     :  OptJank - continuously drops frames:4
10-10 13:23:01.041 16611 16611 I 100     : Open /data/app/~~yy6wH3UlPkCAgcVt3EqeGQ==/com.myntra.android-htU5pM_ZTkBAMDv8cfp9lA==/base.apk took:62ms
10-10 13:23:01.503 16696 16696 I 100     : Open /data/app/~~XHMZ93KYrW-oUmOXrIS15Q==/com.facebook.katana-kdvTbZo0_fLbfZmGrdj8Gw==/base.apk took:56ms
10-10 13:23:02.837 16696 16723 I 100     : Open /system/framework/com.android.media.remotedisplay.jar took:72ms
10-10 13:28:27.597 28178 28178 I 100     : Open /data/app/~~CJiXwriAR0GDI1Se0h14tQ==/in.redbus.android-1vk7Mq-7YhWa9P2KlBqdWQ==/base.apk took:67ms
10-10 13:28:29.206 28178 28178 I 309     : package:in.redbus.android took:1717 calssname:android.app.ActivityThread$H callback:null what:110
10-10 13:30:03.221 17880 17880 I 100     : Open /data/app/~~_x9b6Ah4cg5mY3-lUZOreg==/com.google.android.apps.maps-tsnTmJzaNmst5qIBjvMsFw==/base.apk took:63ms
10-10 13:30:04.778 18013 18013 I 100     : Open /data/app/~~f8lTYgFhC11DN8G9Hw1AlA==/com.google.android.apps.tachyon-IyaQfcHfWicPMrjIb-9WWg==/base.apk took:59ms
10-10 13:30:08.939 18350 18350 I 100     : Open /data/app/~~HbqOf1TxGOMZJoMiWBQfNg==/com.google.android.videos-RUI7z4SkLqKkDIQdnOGflA==/base.apk took:84ms
10-10 13:30:09.694 18433 18433 I 100     : Open /data/app/~~wLIEWVFXYIxd3SbTGbP7Pg==/com.google.android.marvin.talkback-wY5ZNsEfe55sNKy-l8DEgQ==/base.apk took:54ms
10-10 13:30:11.986 18644 18644 I 100     : Open /data/app/~~BosF71LDSFGA_crgKzJzAQ==/com.google.android.apps.fitness-UwDPZlBucXDJR79Y0rC-mA==/base.apk took:59ms
10-10 13:30:12.593 18682 18682 I 100     : Open /data/app/~~_9J_XstHOe1kiyH0xp6eGg==/com.google.android.apps.photos-M9KXI85lWcoYl8livkaUvQ==/base.apk took:68ms
10-10 13:30:14.246 18818 18818 I 100     : Open /data/app/~~UyO69wpW5-uzmXS51WzWpQ==/com.google.android.apps.chromecast.app-dLVcNGto-icgdGQ42LRfMQ==/base.apk took:89ms
10-10 13:30:15.368 18992 18992 I 100     : Open /data/app/~~CHsOGxLw1KOL_MgQwiSWZA==/com.google.android.calendar-0pvu85yXJ68d2NLg_UjjZQ==/base.apk took:86ms
10-10 13:30:16.345 18992 18992 I 309     : package:com.google.android.calendar took:1109 calssname:android.app.ActivityThread$H callback:null what:110
10-10 13:31:41.064 28173 28173 I 100     : Open /data/app/~~25avYT_HzZusnJ-HxO4q7A==/com.jio.myjio-HaZ4G4uCacya1rRnrsokkQ==/base.apk took:169ms
10-10 13:31:42.195 28173 28173 I 309     : package:com.jio.myjio took:1350 calssname:android.app.ActivityThread$H callback:null what:110
10-10 13:32:52.063  1644  1808 I 300     : 315
10-10 13:32:52.945 24026 24101 I 111     :  OptJank - continuously drops frames:4
10-10 13:32:52.989 24026 24101 I 111     :  OptJank - continuously drops frames:4
10-10 13:32:53.045 24026 24101 I 111     :  OptJank - continuously drops frames:4
10-10 13:32:53.132 24026 24101 I 111     :  OptJank - high percentage:0.6
10-10 13:32:53.635 28173 28173 I 309     : package:com.jio.myjio took:1042 calssname:android.app.ActivityThread$H callback:null what:116
10-10 13:32:54.167 20215 20215 I 309     : package:com.google.android.gms took:1549 calssname:android.app.ActivityThread$H callback:null what:110
10-10 13:32:54.630 24026 24101 I 110     :  OptJank - total:112 frameGap:112 delta#66#31#5#23#0#17
10-10 13:32:54.832 20353 20353 I 100     : Open /data/app/~~DuHuDsUkuk35L-mI1wqHpQ==/com.instagram.android-Z0ekkFOH1ZxtOamdyqQO5w==/base.apk took:94ms
10-10 13:32:57.823  1644  1801 I 322     : com.whatsapp#-1#477
10-10 13:33:13.132 24026 24101 I 111     :  OptJank - continuously drops frames:4
10-10 13:33:16.655 15494 20544 I 101     : #385
10-10 13:33:17.687 20693 20693 I 100     : Open /data/app/~~VNRQTBgv8c_qwhxvdDvBAw==/com.snapchat.android-FRyt1K7OgWZZ1ndEp7XZVA==/base.apk took:71ms
10-10 13:33:18.023 20693 20722 I 100     : Open /system/framework/com.android.location.provider.jar took:99ms
10-10 13:33:20.422 24026 24101 I 111     :  OptJank - continuously drops frames:4
10-10 13:33:22.812 24026 24101 I 111     :  OptJank - continuously drops frames:4
10-10 13:33:22.854 24026 24101 I 111     :  OptJank - continuously drops frames:4
10-10 13:33:22.960 24026 24101 I 111     :  OptJank - high percentage:0.65
10-10 13:33:23.787  1644  1801 I 322     : com.google.android.gm#-1#513
10-10 13:33:32.549  1644  1801 I 322     : com.android.chrome#-1#633
10-10 13:34:07.953 24026 24101 I 111     :  OptJank - continuously drops frames:4
10-10 13:34:07.998 24026 24101 I 111     :  OptJank - continuously drops frames:4
10-10 13:34:08.045 24026 24101 I 111     :  OptJank - continuously drops frames:4
10-10 13:34:08.087 24026 24101 I 111     :  OptJank - continuously drops frames:4
10-10 13:34:08.131 24026 24101 I 111     :  OptJank - continuously drops frames:4
10-10 13:34:08.163 24026 24101 I 111     :  OptJank - high percentage:0.95
10-10 13:34:08.763  1644  1801 I 322     : com.whatsapp#-1#289
10-10 13:34:12.627  1644  1801 I 322     : com.whatsapp#-1#223
10-10 13:34:18.897 19328 10319 I 110     :  OptJank - total:84 frameGap:101 delta#0#46#0#45#32#5
10-10 13:34:18.967 19328 10319 I 111     :  OptJank - continuously drops frames:4
10-10 13:34:19.069 19328 10319 I 111     :  OptJank - continuously drops frames:4
10-10 13:34:19.102 19328 10319 I 111     :  OptJank - high percentage:0.55
10-10 13:34:19.135 19328 10319 I 111     :  OptJank - continuously drops frames:4
10-10 13:34:19.201 19328 10319 I 111     :  OptJank - continuously drops frames:4
10-10 13:34:19.273 19328 10319 I 111     :  OptJank - continuously drops frames:4
10-10 13:34:19.337 19328 10319 I 111     :  OptJank - continuously drops frames:4
10-10 13:34:19.388 19328 10319 I 111     :  OptJank - continuously drops frames:4
10-10 13:34:19.411 19328 10319 I 111     :  OptJank - high percentage:1
10-10 13:34:19.418 15494 15506 I 101     : #444
10-10 13:34:22.888  1644  1801 I 322     : net.one97.paytm#-1#113
10-10 13:34:28.613  1644  1801 I 322     : net.one97.paytm#-1#194
10-10 13:34:30.867  1644  1801 I 322     : net.one97.paytm#-1#463
10-10 13:34:43.856  1644  1801 I 322     : net.one97.paytm#-1#664
10-10 13:34:47.651  1644  1801 I 322     : net.one97.paytm#-1#400
10-10 13:34:54.748  1644  1801 I 322     : net.one97.paytm#-1#234
10-10 13:34:57.325 24026 24101 I 111     :  OptJank - continuously drops frames:4
10-10 13:35:27.530  1644  1801 I 322     : com.miHoYo.GenshinImpact#-1#203
10-10 13:36:36.700 22827 22827 I 100     : Open /data/app/~~PRlRSRWDv9uwVqrLOCTqYA==/com.google.android.googlequicksearchbox-7aOj7wG0nzPWjrbrZ0bWYA==/base.apk took:110ms
10-10 13:36:39.196 22983 22983 I 100     : Open /data/app/~~f8lTYgFhC11DN8G9Hw1AlA==/com.google.android.apps.tachyon-IyaQfcHfWicPMrjIb-9WWg==/base.apk took:72ms
10-10 13:37:29.557 23286 23286 I 100     : Open /system/product/priv-app/OPWorkLifeBalance/OPWorkLifeBalance.apk took:86ms
10-10 13:37:33.748 14163 14163 I 309     : package:net.oneplus.launcher took:1286 calssname:android.app.ActivityThread$H callback:null what:159
10-10 13:37:43.661 14163  7576 I 110     :  OptJank - total:83 frameGap:302 delta#77#3#3#0#0#2
10-10 13:37:44.405 31794 27431 I 111     :  OptJank - continuously drops frames:4
10-10 13:37:44.449 31794 27431 I 111     :  OptJank - continuously drops frames:4
10-10 13:37:44.514 31794 27431 I 111     :  OptJank - continuously drops frames:4
10-10 13:37:44.514 31794 27431 I 111     :  OptJank - high percentage:0.8
10-10 13:37:44.583 31794 27431 I 111     :  OptJank - continuously drops frames:4
10-10 13:37:44.742 31794 27431 I 111     :  OptJank - high percentage:0.45
10-10 13:37:48.432 31794 27431 I 111     :  OptJank - continuously drops frames:4
10-10 13:37:48.432 31794 27431 I 111     :  OptJank - high percentage:0.45
10-10 13:37:48.479 31794 27431 I 111     :  OptJank - continuously drops frames:4
10-10 13:37:48.566 24026 24101 I 110     :  OptJank - total:82 frameGap:1986 delta#44#32#0#32#0#4
10-10 13:37:49.601 31794 27431 I 110     :  OptJank - total:705 frameGap:801 delta#0#148#0#147#3#553
10-10 13:37:50.709 31794 27431 I 111     :  OptJank - continuously drops frames:4
10-10 13:38:01.033 23916 23916 I 100     : Open /data/app/~~PRlRSRWDv9uwVqrLOCTqYA==/com.google.android.googlequicksearchbox-7aOj7wG0nzPWjrbrZ0bWYA==/base.apk took:65ms
10-10 13:38:02.085 24046 24046 I 100     : Open /data/app/~~f8lTYgFhC11DN8G9Hw1AlA==/com.google.android.apps.tachyon-IyaQfcHfWicPMrjIb-9WWg==/base.apk took:66ms
10-10 13:38:04.463 31794 27431 I 111     :  OptJank - continuously drops frames:4
10-10 13:38:05.246 31794 27431 I 111     :  OptJank - continuously drops frames:4
10-10 13:38:27.313 24427 24466 I 100     : Open /data/user_de/0/com.google.android.gms/app_chimera/m/0000037c/MeasurementDynamite.apk took:69ms
10-10 13:38:32.020 24377 24415 I 101     : #469
10-10 13:40:58.446 24837 24837 I 100     : Open /data/app/~~ylJgVMBE0IwzoiGq2jaj0A==/com.ril.ajio-HWimE7JwDGuXYFOF7V5rtA==/base.apk took:93ms
10-10 13:40:59.032 24892 24892 I 100     : Open /data/app/~~XHMZ93KYrW-oUmOXrIS15Q==/com.facebook.katana-kdvTbZo0_fLbfZmGrdj8Gw==/base.apk took:94ms
10-10 13:41:00.561 24892 24917 I 100     : Open /system/framework/com.android.media.remotedisplay.jar took:73ms
10-10 13:41:00.632 24892 24917 I 100     : Open /system/framework/com.android.location.provider.jar took:56ms
10-10 13:41:00.723 24892 24917 I 100     : Open /data/app/~~5GFc4NDCXrRsnnkqI9eJvw==/com.google.android.gms-4y1NvTCNY1iGYN4u0m6fzw==/base.apk took:78ms
10-10 13:41:08.796 24026 24101 I 111     :  OptJank - continuously drops frames:4
10-10 13:41:09.374 24026 24101 I 110     :  OptJank - total:85 frameGap:94 delta#0#82#0#9#0#2
10-10 13:41:10.257 12360 16047 I 110     :  OptJank - total:80 frameGap:80 delta#11#58#4#53#0#20
10-10 13:41:10.257 12360 16047 I 111     : OptJank - big and big
10-10 13:41:11.386  1644  1801 I 322     : com.instagram.android#-1#188
10-10 13:41:29.598  1644  1801 I 322     : com.instagram.android#-1#171
10-10 13:41:32.270 25798 25798 I 100     : Open /data/app/~~PRlRSRWDv9uwVqrLOCTqYA==/com.google.android.googlequicksearchbox-7aOj7wG0nzPWjrbrZ0bWYA==/base.apk took:102ms
10-10 13:41:33.214  1644  1801 I 322     : com.instagram.android#-1#371
10-10 13:41:56.433 12360 16047 I 110     :  OptJank - total:87 frameGap:95 delta#11#19#5#13#0#56
10-10 13:41:56.898  1644  1801 I 322     : com.instagram.android#-1#320
10-10 13:42:01.176 26147 26147 I 100     : Open /data/app/~~WkLg-Mizasd2usY_NnkYvw==/com.huawei.health-xEUynZe6LtoXQAS3LPCmHw==/base.apk took:70ms
10-10 13:42:01.472 12360 16047 I 111     :  OptJank - continuously drops frames:4
10-10 13:42:01.525 12360 16047 I 111     :  OptJank - continuously drops frames:4
10-10 13:42:01.685 26187 26187 I 100     : Open /data/app/~~PRlRSRWDv9uwVqrLOCTqYA==/com.google.android.googlequicksearchbox-7aOj7wG0nzPWjrbrZ0bWYA==/base.apk took:101ms
10-10 13:42:02.624 26261 26261 I 100     : Open /data/app/~~DUi0JzocXGt04QfC_S6U4A==/com.google.android.projection.gearhead-xRia11ZRUqoi0DdPLVXjHw==/base.apk took:128ms
10-10 13:42:03.031  1644  1801 I 322     : com.instagram.android#-1#288
10-10 13:42:03.889 26147 26147 I 309     : package:com.huawei.health took:2307 calssname:android.app.ActivityThread$H callback:null what:114
10-10 13:42:04.650 26518 26518 I 100     : Open /data/app/~~Pr3HyaJjYMeaPSdL5UvdiQ==/com.amazon.dee.app-a_FGyxpiSztqmWnL0ZZChA==/base.apk took:112ms
10-10 13:42:06.007 26518 26518 I 309     : package:com.amazon.dee.app took:1561 calssname:android.app.ActivityThread$H callback:null what:110
10-10 13:42:06.257 26714 26714 I 100     : Open /data/app/~~85cVSHo4TFAd4PZ9O3Feug==/com.microsoft.teams-KtsMZyLdskvj-fU11KNZ3Q==/base.apk took:106ms
10-10 13:42:07.157 26714 26714 I 309     : package:com.microsoft.teams took:1051 calssname:android.app.ActivityThread$H callback:null what:110
10-10 13:42:24.769 27358 27358 I 100     : Open /data/app/~~EdSEiFPurnfxvocYpgAjSA==/com.linkedin.android-d8TPdPXD-9jzu9hRu_EctQ==/base.apk took:57ms
10-10 13:42:25.873 27358 27358 I 309     : package:com.linkedin.android took:1197 calssname:android.app.ActivityThread$H callback:null what:110
10-10 13:42:45.105 12360 16047 I 111     :  OptJank - continuously drops frames:4
10-10 13:42:50.068 12360 16047 I 111     :  OptJank - continuously drops frames:4
10-10 13:43:09.632 12360 16047 I 110     :  OptJank - total:75 frameGap:223 delta#0#7#0#4#0#67
10-10 13:43:36.296 27996 27996 I 100     : Open /data/app/~~BosF71LDSFGA_crgKzJzAQ==/com.google.android.apps.fitness-UwDPZlBucXDJR79Y0rC-mA==/base.apk took:51ms
10-10 13:43:43.809 24026 24101 I 110     :  OptJank - total:82 frameGap:589 delta#33#42#7#34#0#6
10-10 13:44:09.101 31794 27431 I 111     :  OptJank - continuously drops frames:4
10-10 13:44:14.336 31794 27431 I 111     :  OptJank - high percentage:0.55
10-10 13:44:14.637 31794 27431 I 111     :  OptJank - continuously drops frames:4
10-10 13:44:15.479 31794 27431 I 111     :  OptJank - continuously drops frames:4
10-10 13:44:15.528 31794 27431 I 111     :  OptJank - high percentage:0.65
10-10 13:44:15.782 31794 27431 I 111     :  OptJank - continuously drops frames:4
10-10 13:44:16.734 31794 27431 I 111     :  OptJank - high percentage:0.65
10-10 13:44:19.130 31794 27431 I 111     :  OptJank - high percentage:0.45
10-10 13:44:19.669 31794 27431 I 111     :  OptJank - continuously drops frames:4
10-10 13:44:20.338 31794 27431 I 111     :  OptJank - high percentage:0.45
10-10 13:44:22.192 31794 27431 I 111     :  OptJank - continuously drops frames:4
10-10 13:44:22.862 31794 27431 I 111     :  OptJank - continuously drops frames:4
10-10 13:44:25.104 31794 27431 I 111     :  OptJank - continuously drops frames:4
10-10 13:44:28.137 31794 27431 I 111     :  OptJank - high percentage:0.45
10-10 13:45:07.691 31794 27431 I 111     :  OptJank - continuously drops frames:4
10-10 13:45:08.535 31794 27431 I 111     :  OptJank - continuously drops frames:4
10-10 13:45:08.897 31794 27431 I 111     :  OptJank - continuously drops frames:4
10-10 13:45:09.072 31794 27431 I 111     :  OptJank - high percentage:0.6
10-10 13:45:10.157 31794 27431 I 111     :  OptJank - continuously drops frames:4
10-10 13:45:10.265 31794 27431 I 111     :  OptJank - high percentage:0.55
10-10 13:45:29.525 31794 27431 I 111     :  OptJank - continuously drops frames:4
10-10 13:45:29.571 31794 27431 I 111     :  OptJank - continuously drops frames:4
10-10 13:45:29.669 31794 27431 I 111     :  OptJank - high percentage:0.5
10-10 13:45:31.423 31794 27431 I 111     :  OptJank - continuously drops frames:4
10-10 13:45:31.467 31794 27431 I 111     :  OptJank - continuously drops frames:4
10-10 13:45:31.477 31794 27431 I 111     :  OptJank - high percentage:0.55
10-10 13:45:39.622 24026 24101 I 111     :  OptJank - continuously drops frames:4
10-10 13:45:39.698 24026 24101 I 111     :  OptJank - continuously drops frames:4
10-10 13:45:39.709 24026 24101 I 111     :  OptJank - high percentage:0.45
10-10 13:45:40.015 24026 24101 I 111     :  OptJank - high percentage:0.45
10-10 13:45:42.583 14163  7576 I 110     :  OptJank - total:130 frameGap:130 delta#122#4#4#0#2#2
10-10 13:45:45.000  1644  1801 I 322     : com.whatsapp#-1#239
10-10 13:45:54.103 28846 28846 I 100     : Open /system/product/priv-app/OPChargingPillar/OPChargingPillar.apk took:111ms
10-10 13:45:55.260 15494 15506 I 101     : #351
10-10 13:45:55.537 26187 26207 I 101     : #303
10-10 13:48:26.962 28181 28181 I 100     : Open /data/app/~~VNRQTBgv8c_qwhxvdDvBAw==/com.snapchat.android-FRyt1K7OgWZZ1ndEp7XZVA==/base.apk took:97ms
10-10 14:01:33.620 26354 26354 I 309     : package:com.android.settings took:1156 calssname:android.app.ActivityThread$H callback:android.app.-$$Lambda$LoadedApk$ReceiverDispatcher$Args$_BumDX2UKsnxLVrE6UJsJZkotuA@eed8749 what:0
10-10 14:01:35.199 30086 30086 I 100     : Open /data/app/~~25avYT_HzZusnJ-HxO4q7A==/com.jio.myjio-HaZ4G4uCacya1rRnrsokkQ==/base.apk took:94ms
10-10 14:01:40.394  1644  1808 I 300     : 459
10-10 14:01:40.402 30086 30106 I 101     : #152
10-10 14:01:42.246 30387 30387 I 100     : Open /data/app/~~DuHuDsUkuk35L-mI1wqHpQ==/com.instagram.android-Z0ekkFOH1ZxtOamdyqQO5w==/base.apk took:152ms
10-10 14:01:42.374 30265 30265 I 309     : package:com.google.android.gsf took:1835 calssname:android.app.ActivityThread$H callback:null what:110
10-10 14:01:45.743 24026 24101 I 110     :  OptJank - total:292 frameGap:298 delta#277#12#6#1#0#1
10-10 14:01:46.087  1644  1801 I 322     : com.oneplus.dialer#-1#881
10-10 14:01:46.513 26354 26354 I 309     : package:com.android.settings took:1064 calssname:android.app.ActivityThread$H callback:android.app.-$$Lambda$LoadedApk$ReceiverDispatcher$Args$_BumDX2UKsnxLVrE6UJsJZkotuA@4dc7d6f what:0
10-10 14:01:46.520 29938 30693 I 110     :  OptJank - total:355 frameGap:437 delta#344#5#0#5#0#4
10-10 14:01:47.607 26354 26354 I 309     : package:com.android.settings took:1093 calssname:android.app.ActivityThread$H callback:android.app.-$$Lambda$LoadedApk$ReceiverDispatcher$Args$_BumDX2UKsnxLVrE6UJsJZkotuA@2f36a7c what:0
10-10 14:01:48.478 12231 30565 I 101     : #213
10-10 14:02:01.906  1644  1808 I 300     : 219
10-10 14:02:40.488 31070 31070 I 309     : package:com.linkedin.android took:1225 calssname:android.app.ActivityThread$H callback:null what:110
10-10 14:05:01.936 31263 31263 I 100     : Open /data/app/~~DUi0JzocXGt04QfC_S6U4A==/com.google.android.projection.gearhead-xRia11ZRUqoi0DdPLVXjHw==/base.apk took:70ms
10-10 14:05:02.549 31346 31346 I 100     : Open /data/app/~~Pr3HyaJjYMeaPSdL5UvdiQ==/com.amazon.dee.app-a_FGyxpiSztqmWnL0ZZChA==/base.apk took:59ms
10-10 14:05:08.329  1644  2352 I 106     : System spent 260.8ms processing the last key event: KeyEvent#134
10-10 14:05:08.483  1644  1808 I 300     : 423
10-10 14:05:10.748 31796 31796 I 100     : Open /data/app/~~85cVSHo4TFAd4PZ9O3Feug==/com.microsoft.teams-KtsMZyLdskvj-fU11KNZ3Q==/base.apk took:78ms
10-10 14:05:11.593 31796 31796 I 309     : package:com.microsoft.teams took:1019 calssname:android.app.ActivityThread$H callback:null what:110
10-10 14:05:12.949 31955 32055 I 100     : Open /system/framework/org.apache.http.legacy.jar took:90ms
10-10 14:05:13.053 32060 32060 I 100     : Open /data/app/~~XHMZ93KYrW-oUmOXrIS15Q==/com.facebook.katana-kdvTbZo0_fLbfZmGrdj8Gw==/base.apk took:60ms
10-10 14:05:13.980 32060 32096 I 100     : Open /system/framework/com.android.media.remotedisplay.jar took:116ms
10-10 14:07:17.334  1644  1808 I 300     : 139
10-10 14:07:18.536   651   651 I 100     : Open /system/priv-app/ContactsProvider/ContactsProvider.apk took:59ms
10-10 14:07:19.018   808   808 I 100     : Open /data/app/~~cBb1OAUOlvwcpN8227IQ3A==/com.mventus.selfcare.activity-haTjdQgKDsRCc_x6aNWYwQ==/base.apk took:80ms
10-10 14:07:19.849 24026 24101 I 111     :  OptJank - continuously drops frames:4
10-10 14:07:19.926   808   868 I 100     : Open /data/user_de/0/com.google.android.gms/app_chimera/m/00000374/dl-AdsFdrDynamite.integ_223104600100000.apk took:65ms
10-10 14:07:20.487   808   808 I 309     : package:com.mventus.selfcare.activity took:1629 calssname:android.app.ActivityThread$H callback:null what:110
10-10 14:07:20.610  1109  1109 I 100     : Open /data/app/~~VNRQTBgv8c_qwhxvdDvBAw==/com.snapchat.android-FRyt1K7OgWZZ1ndEp7XZVA==/base.apk took:100ms
10-10 14:07:22.647 14163  7576 I 110     :  OptJank - total:81 frameGap:85 delta#55#11#10#0#0#14
10-10 14:07:22.954 31794 27431 I 111     :  OptJank - continuously drops frames:4
10-10 14:07:23.018 31794 27431 I 111     :  OptJank - continuously drops frames:4
10-10 14:07:23.080 31794 27431 I 111     :  OptJank - continuously drops frames:4
10-10 14:07:23.156 31794 27431 I 111     :  OptJank - high percentage:0.6
10-10 14:08:09.991  1644  1808 I 300     : 314
10-10 14:08:11.030  1644  1801 I 322     : com.oneplus.camera#238#987
10-10 14:08:13.149  2459  2459 I 309     : package:com.oneplus.gallery took:1234 calssname:android.app.ActivityThread$H callback:null what:110
10-10 14:08:20.260 24026 24101 I 110     :  OptJank - total:132 frameGap:137 delta#122#4#2#2#0#4
10-10 14:12:28.883  1644  1808 I 300     : 146
10-10 14:12:31.468  1644  1801 I 322     : net.one97.paytm#-1#799
10-10 14:12:31.822  4411  4411 I 100     : Open /data/app/~~XHMZ93KYrW-oUmOXrIS15Q==/com.facebook.katana-kdvTbZo0_fLbfZmGrdj8Gw==/base.apk took:128ms
10-10 14:12:32.656  4411  4438 I 100     : Open /system/framework/com.android.media.remotedisplay.jar took:74ms
10-10 14:12:36.967  1644  1801 I 322     : net.one97.paytm#-1#319
10-10 14:12:37.734 19328 10319 I 110     :  OptJank - total:387 frameGap:387 delta#633#13#9#4#0#1
10-10 14:12:43.958  1644  1801 I 322     : net.one97.paytm#-1#198
10-10 14:12:46.636  1644  1801 I 322     : net.one97.paytm#-1#358
10-10 14:13:08.354  1644  1801 I 322     : net.one97.paytm#-1#256
10-10 14:13:13.691  1644  1801 I 322     : net.one97.paytm#-1#202
10-10 14:13:42.367  5239  5239 I 100     : Open /data/app/~~WkLg-Mizasd2usY_NnkYvw==/com.huawei.health-xEUynZe6LtoXQAS3LPCmHw==/base.apk took:61ms
10-10 14:14:49.261  1644  1808 I 300     : 152
10-10 14:14:50.949 24026 24101 I 111     :  OptJank - continuously drops frames:4
10-10 14:14:51.429  5611  5611 I 100     : Open /data/app/~~yy6wH3UlPkCAgcVt3EqeGQ==/com.myntra.android-htU5pM_ZTkBAMDv8cfp9lA==/base.apk took:75ms
10-10 14:14:56.073  1644  1801 I 322     : com.google.android.apps.classroom#95#990
10-10 14:14:59.076  1644  1801 I 322     : com.google.android.apps.classroom#-1#321
10-10 14:14:59.361 12233  5900 I 111     :  OptJank - continuously drops frames:4
10-10 14:15:01.450 28132 28132 I 309     : package:com.oneplus.opwlb took:4522 calssname:android.app.ActivityThread$H callback:android.app.-$$Lambda$LoadedApk$ReceiverDispatcher$Args$_BumDX2UKsnxLVrE6UJsJZkotuA@2dd52a what:0
10-10 14:15:20.964  6481  6481 I 100     : Open /data/app/~~ez6oQvBOVSIwdgTmZCRu9Q==/in.amazon.mShop.android.shopping-ipoQeAh0dNxhmnmwzepUXw==/base.apk took:75ms
10-10 14:15:21.916  6481  6481 I 309     : package:in.amazon.mShop.android.shopping took:1047 calssname:android.app.ActivityThread$H callback:null what:110
10-10 14:21:11.961  7668  7668 I 100     : Open /data/app/~~Qr_L2BwgDWQ41HXBXiXptQ==/com.google.android.gm-5N9_GETy31pbxFisZB6eoA==/base.apk took:135ms
10-10 14:21:13.101  7668  7668 I 309     : package:com.google.android.gm took:1336 calssname:android.app.ActivityThread$H callback:null what:110
10-10 14:21:13.692  1644  1801 I 322     : com.whatsapp#-1#413
10-10 14:21:34.682 15494 20547 I 101     : #341
10-10 14:22:01.203  1644  3161 I 300     : 120
10-10 14:22:11.050 15494 15506 I 101     : #403
10-10 14:22:37.968  1644  1808 I 300     : 114
10-10 14:22:38.790  8357  8357 I 100     : Open /data/app/~~85cVSHo4TFAd4PZ9O3Feug==/com.microsoft.teams-KtsMZyLdskvj-fU11KNZ3Q==/base.apk took:66ms
10-10 14:22:44.097  5611  5638 I 101     : #410
10-10 14:22:44.239  8357  8410 I 101     : #391
10-10 14:22:59.632 14163  7576 I 110     :  OptJank - total:122 frameGap:609 delta#99#11#10#0#0#11
10-10 14:22:59.717 14163  7576 I 110     :  OptJank - total:84 frameGap:84 delta#55#2#1#1#0#26
10-10 14:23:18.842 26354 26354 I 309     : package:com.android.settings took:1185 calssname:android.app.ActivityThread$H callback:android.app.-$$Lambda$LoadedApk$ReceiverDispatcher$Args$_BumDX2UKsnxLVrE6UJsJZkotuA@f52b562 what:0
10-10 14:23:19.932 26354 26354 I 309     : package:com.android.settings took:1088 calssname:android.app.ActivityThread$H callback:android.app.-$$Lambda$LoadedApk$ReceiverDispatcher$Args$_BumDX2UKsnxLVrE6UJsJZkotuA@54746f3 what:0
10-10 14:23:21.156  9260  9260 I 100     : Open /data/app/~~25avYT_HzZusnJ-HxO4q7A==/com.jio.myjio-HaZ4G4uCacya1rRnrsokkQ==/base.apk took:123ms
10-10 14:23:22.085 24026 24101 I 110     :  OptJank - total:156 frameGap:160 delta#0#151#0#150#0#4
10-10 14:23:22.366 24026 24101 I 111     :  OptJank - continuously drops frames:4
10-10 14:23:22.947  1644  1801 I 322     : com.oneplus.dialer#-1#995
10-10 14:23:23.015 24026 24101 I 110     :  OptJank - total:138 frameGap:503 delta#133#0#0#0#0#4
10-10 14:23:23.265 29938 30693 I 110     :  OptJank - total:332 frameGap:338 delta#277#9#2#6#0#45
10-10 14:23:24.902 29938 30693 I 111     :  OptJank - continuously drops frames:4
10-10 14:23:25.037 29938 30693 I 111     :  OptJank - high percentage:0.5
10-10 14:23:45.723  9613  9613 I 100     : Open /system/priv-app/OPSimContacts/OPSimContacts.apk took:56ms
10-10 14:25:14.293 10207 10207 I 100     : Open /data/app/~~WkLg-Mizasd2usY_NnkYvw==/com.huawei.health-xEUynZe6LtoXQAS3LPCmHw==/base.apk took:56ms
10-10 14:25:16.740 10275 10275 I 100     : Open /data/app/~~f8lTYgFhC11DN8G9Hw1AlA==/com.google.android.apps.tachyon-IyaQfcHfWicPMrjIb-9WWg==/base.apk took:89ms
10-10 14:25:16.905  1644  1808 I 300     : 453
10-10 14:25:17.568 10275 10275 I 309     : package:com.google.android.apps.tachyon took:1017 calssname:android.app.ActivityThread$H callback:null what:110
10-10 14:25:18.717 24026 24101 I 110     :  OptJank - total:122 frameGap:884 delta#111#7#4#2#0#3
10-10 14:25:20.799 24026 24101 I 110     :  OptJank - total:85 frameGap:1779 delta#55#16#11#5#0#13
10-10 14:25:21.647 24026 24101 I 110     :  OptJank - total:149 frameGap:159 delta#133#10#5#5#0#5
10-10 14:26:26.707 11071 11071 I 100     : Open /data/app/~~DUi0JzocXGt04QfC_S6U4A==/com.google.android.projection.gearhead-xRia11ZRUqoi0DdPLVXjHw==/base.apk took:56ms
10-10 14:26:36.777  1644  3161 I 300     : 114
10-10 14:26:38.425 12360 16047 I 110     :  OptJank - total:118 frameGap:118 delta#0#104#5#5#0#16
10-10 14:26:38.763 24026 24101 I 110     :  OptJank - total:135 frameGap:1455 delta#111#17#9#8#0#6
10-10 14:26:39.504  1644  1801 I 322     : com.instagram.android#-1#455
10-10 14:27:40.055 11505 11505 I 100     : Open /data/app/~~rykvof-3UwAIupu6J0-Wag==/com.bt.bms-Nrsi5MsEXhBvB6hJm3ozeg==/base.apk took:65ms
10-10 14:27:40.495 11577 11577 I 100     : Open /data/app/~~XHMZ93KYrW-oUmOXrIS15Q==/com.facebook.katana-kdvTbZo0_fLbfZmGrdj8Gw==/base.apk took:54ms
10-10 14:27:41.842 11577 11597 I 100     : Open /system/framework/com.android.media.remotedisplay.jar took:79ms
10-10 14:30:05.643 12360 16047 I 111     :  OptJank - continuously drops frames:4
10-10 14:30:34.451 12360 16047 I 111     :  OptJank - continuously drops frames:4
10-10 14:33:49.100  1644  2318 I 300     : 94
10-10 14:33:50.770 12583 12583 I 100     : Open /data/app/~~yy6wH3UlPkCAgcVt3EqeGQ==/com.myntra.android-htU5pM_ZTkBAMDv8cfp9lA==/base.apk took:80ms
10-10 14:33:57.940  1644  1801 I 322     : com.whatsapp#-1#297
10-10 14:34:19.223 15494 12790 I 101     : #671
10-10 14:35:13.603 12979 12979 I 309     : package:com.oneplus.mms took:1094 calssname:android.app.ActivityThread$H callback:null what:110
10-10 14:41:32.857  1644  1644 I 300     : 106
10-10 14:41:34.779 13357 13357 I 100     : Open /data/app/~~Qr_L2BwgDWQ41HXBXiXptQ==/com.google.android.gm-5N9_GETy31pbxFisZB6eoA==/base.apk took:116ms
10-10 14:41:35.209  1644  1801 I 322     : com.whatsapp#-1#357
10-10 14:41:36.099 13357 13357 I 309     : package:com.google.android.gm took:1490 calssname:android.app.ActivityThread$H callback:null what:110
10-10 14:41:37.778 13513 13513 I 100     : Open /data/app/~~BosF71LDSFGA_crgKzJzAQ==/com.google.android.apps.fitness-UwDPZlBucXDJR79Y0rC-mA==/base.apk took:57ms
10-10 14:41:46.486 24026 24101 I 110     :  OptJank - total:87 frameGap:91 delta#77#4#1#1#0#4
10-10 14:41:47.700 28132 28132 I 309     : package:com.oneplus.opwlb took:1316 calssname:android.app.ActivityThread$H callback:android.app.-$$Lambda$LoadedApk$ReceiverDispatcher$Args$_BumDX2UKsnxLVrE6UJsJZkotuA@b6fdc5c what:0
10-10 14:41:50.970 15494 13315 I 101     : #664
10-10 14:41:51.264 13857 13857 I 100     : Open /data/app/~~KHiWKqCfVLPwku8oZRFCUg==/com.android.vending-2vkMlYSO9ybG2gy63blZQg==/base.apk took:89ms
10-10 14:41:54.356 13857 13857 I 309     : package:com.android.vending took:1477 calssname:android.app.ActivityThread$H callback:null what:110
10-10 14:41:55.724 13857 13951 I 101     : #529
10-10 14:41:59.139 13976 13976 I 100     : Open /data/app/~~KHiWKqCfVLPwku8oZRFCUg==/com.android.vending-2vkMlYSO9ybG2gy63blZQg==/base.apk took:263ms
10-10 14:42:17.697 13976 14000 I 101     : #335
10-10 14:42:54.356  1644  6181 I 300     : 103
10-10 14:42:54.972 24026 24101 I 110     :  OptJank - total:126 frameGap:126 delta#99#30#6#23#0#2
10-10 14:42:57.020  1644  1801 I 322     : com.whatsapp#-1#407
10-10 14:43:15.190 15494  7102 I 101     : #1014
10-10 14:43:15.846 15494 15513 I 101     : #718
10-10 14:43:15.860 15494 15506 I 101     : #342
10-10 14:44:09.766  1644  1808 I 300     : 97
10-10 14:44:12.846  1644  1801 I 322     : com.whatsapp#-1#241
10-10 14:44:34.102 15494  8195 I 101     : #448
