10-11 16:35:20.102  1644  2317 I Telecom : ConnectionServiceWrapper: checkmServiceInterfaceNull finally return true: ICA.dC(cod)@VCk
10-11 16:35:20.102  1644  2317 I Telecom : ConnectionServiceWrapper: disconnect callId: TC@289_1: ICA.dC(cod)@VCk
10-11 16:35:20.102  1644  2317 I Telecom : InCallController: Sending updateCall [Call id=TC@289, state=DISCONNECTING, tpac=ComponentInfo{com.android.phone/com.android.services.telephony.TelephonyConnectionService}, ***, UserHandle{0}, cmgr=ComponentInfo{com.android.phone/com.android.services.telephony.TelephonyConnectionService}, ***, UserHandle{0}, handle=tel:*************, vidst=A, childs(0), has_parent(false), cap=[ hld sup_hld mut !v2a spd_aud], prop=[]]: ICA.dC(cod)@VCk
10-11 16:35:20.103  3361  3361 I TelecomFramework: TelephonyConnectionService: disconnect TC@289_1: (ICA.dC)->CS.d->H.CS.d(cod/cast)@E-VCk
10-11 16:35:20.103  1644  5306 D PowerManagerService: acquire PROXIMITY_SCREEN_OFF_WAKE_LOCK from com.oneplus.dialer
10-11 16:35:20.106  1644  2317 I Telecom : InCallController: Components updated: [ComponentInfo{com.oneplus.dialer/com.android.incallui.InCallServiceImpl}]: ICA.dC(cod)@VCk
10-11 16:35:20.106  1644  2317 I Telecom : BluetoothPhoneService: onCallStateChanged oldState: 5 newState 5: ICA.dC(cod)@VCk
10-11 16:35:20.106  1644  2317 I Telecom : CallAudioManager: onCallLeavingActiveDialingOrConnecting size is 1: ICA.dC(cod)@VCk
10-11 16:35:20.106  1644  2317 I Telecom : CallAudioManager: onCallEnteringActiveDialingOrConnecting size is 1: ICA.dC(cod)@VCk
10-11 16:35:20.106  1644  3578 I Telecom : CallAudioModeStateMachine: Message received: NEW_ACTIVE_OR_DIALING_CALL.: ICA.dC->CAMSM.pM_2001(cod)@VCk
10-11 16:35:20.110  1644  5233 E OpScreenModeService: getAppToken ActivityRecord{7c24583 u0 net.oneplus.launcher/.Launcher t27046}
10-11 16:35:20.110  1644  5233 E OpScreenModeService: setRefreshRate token ActivityRecord{7c24583 u0 net.oneplus.launcher/.Launcher t27046} request refresh rate=-1 tmpRate -1
10-11 16:35:20.110  1644  5233 E OpScreenModeService: setRefreshRate token ActivityRecord{7c24583 u0 net.oneplus.launcher/.Launcher t27046} app request rateid=1 fps=90.0
10-11 16:35:20.110  1644  5233 D OpQuickReply: setQuickReplyResumed focusedApp ActivityRecord{7c24583 u0 net.oneplus.launcher/.Launcher t27046} pkgName net.oneplus.launcher
10-11 16:35:20.121  1644  5233 D PowerManagerService: acquire PROXIMITY_SCREEN_OFF_WAKE_LOCK from com.oneplus.dialer
10-11 16:35:20.124  1644  1760 D OpScreenModeService: updateRefreshRate token ActivityRecord{7c24583 u0 net.oneplus.launcher/.Launcher t27046} rate=1
10-11 16:35:20.126  1644  1808 I DisplayPowerController: useProximityForceSuspend = true
10-11 16:35:20.126  1644  1808 I DisplayPowerController: mPowerRequest.useProximitySensor = false, mWaitingForNegativeProximity = true, state = 2
10-11 16:35:20.129  1644  1808 D DisplayPowerController.MotionCheck: Unregister Motion Sensor 203065141
10-11 16:35:20.130  1644  5307 D ActivityTaskManager: Top Process State changed to PROCESS_STATE_TOP_SLEEPING
10-11 16:35:20.132  1644  2317 I Telecom : IncomingCallNotifier: updateIncomingCall: foundIncomingcall = null: ICA.dC(cod)@VCk
10-11 16:35:20.132  1644  2317 I Telecom : TelecomWakeLock: WakeLock already released with id: 26: ICA.dC(cod)@VCk
10-11 16:35:20.132  1644  2317 I Telecom : InCallWakeLockController: Releasing full wake lock: ICA.dC(cod)@VCk
10-11 16:35:20.134  1644  1808 D DisplayPowerController.MotionCheck: stopListening
10-11 16:35:20.134  1644  1808 I DisplayPowerController: brightnessState(m):0.10852731
10-11 16:35:20.134  1644  1808 I DisplayPowerController: smtbrn:0.5 0.10852731 (49.49598) --> 0.053301193(25.54003)
10-11 16:35:20.134  1644  1808 I RampAnimator: target:0.053301193 rate:0.7058823 mCurrentValue:0.053301193 mTargetValue:0.053301193
10-11 16:35:20.139  1644  5307 I OemSceneModeAmHelper: [scene] handleShowOrOccludedChanged showing true, occluded false
10-11 16:35:20.139  1644  3161 E OPCS    : [Cap] [End] use mLastCapRemaining: 1988 instead.
10-11 16:35:20.139  1644  3161 E OPCS    : [Cap] [Start] remainCap is abnormal: 0
10-11 16:35:20.139  1644  3161 E OPCS    : [Cap] [Start] use mLastCapRemaining: 1988 instead.
10-11 16:35:20.184  1644  3420 W ActivityManager: Slow operation: 74ms so far, now at getContentProviderImpl: after updateOomAdj
10-11 16:35:20.184  1644  3420 W ActivityManager: Slow operation: 74ms so far, now at getContentProviderImpl: done!
10-11 16:35:20.208  1621 13165 I 111     :  OptJank - continuously drops frames:4
10-11 16:35:20.259 24026 24026 V KeyguardStatusView: refresh statusview showing:true
10-11 16:35:20.264  1644  3397 D FP_DEBUG: start authenticate: com.android.systemui, groupId= 0
10-11 16:35:20.268  1644  3397 D FP_DEBUG: go authenticateInternal
10-11 16:35:20.268  1644  3397 D FP_DEBUG: authenticateInternal: callingUserId= 0
10-11 16:35:20.355  1644  1644 V SettingsProvider: Notifying for 0: content://settings/system/display_ctrl_psensor_positive
10-11 16:35:20.355  1644  1644 W Looper  : Slow dispatch took 227ms main h=com.android.providers.settings.SettingsProvider$SettingsRegistry$MyHandler c=null m=1
10-11 16:35:20.355  1644  1644 W Looper  : Slow delivery took 227ms main h=com.android.providers.settings.SettingsProvider$SettingsRegistry$MyHandler c=null m=2
10-11 16:35:20.379  1644  1758 W Looper  : Slow dispatch took 164ms android.ui h=com.android.server.am.ActivityManagerService$UiHandler c=null m=53
10-11 16:35:20.381  1644  1644 V SettingsProvider: Notifying for 0: content://settings/secure/reminder_exp_learning_time_elapsed
10-11 16:35:20.381  1644  1644 V FingerprintService: startAuthentication(com.android.systemui)
10-11 16:35:20.382  1644  1644 V FingerprintService: starting client AuthenticationClientImpl(com.android.systemui) targetUserId: 0 currentUserId: 0 cookie: 0/0
10-11 16:35:20.382  2517  2534 I OIMC    : notified , mode FingerPrintMode changeTo 1
10-11 16:35:20.384  2517  2711 I OIMC_CORE: handleMessage:   MODE_ENTER, arg1: 0, arg2: 0, obj: com.oneplus.server.oimc.gwy@e0e4239
10-11 16:35:20.384  2517  2711 I OIMC_CORE: Entering mode FingerPrintMode
10-11 16:35:20.384  2517  2711 I OIMC_CORE: starting ONESHOT function ColorDisable
10-11 16:35:20.387  1644  1644 E FingerprintService: Exception notifySurfaceFlingerUpdate
10-11 16:35:20.388  1644  5306 I OpOIMCColorManager: ColorDisable start... mCurrentActivated = 0
10-11 16:35:20.388  1644  5306 D OpColorDisplayService: DisableColor state: 0
10-11 16:35:20.388  1644  1789 D OpColorDisplayService: resetStatus: 0
10-11 16:35:20.388  1644  5306 D ColorDisplayService: cancelAnimation
10-11 16:35:20.388  2517  2710 I OIMC_CORE: ColorDisable action 1 spent 4 ms
10-11 16:35:20.407  1644  1644 D OpFingerprintService: updateStatus , 3
10-11 16:35:20.410  1644  1789 D OpColorTintManager: disableColor
10-11 16:35:20.410  1644  1789 D OpColorTintManager: recoverColorSaturation
10-11 16:35:20.466  2517  2534 I OIMC    : notified , mode FingerPrintMode changeTo 1
10-11 16:35:20.466  2517  2711 I OIMC_CORE: handleMessage:   MODE_ENTER, arg1: 0, arg2: 0, obj: com.oneplus.server.oimc.gwy@555c07e
10-11 16:35:20.466  2517  2711 I OIMC_CORE: The mode: FingerPrintMode is already entered
10-11 16:35:20.475  1644  1644 W Looper  : Drained
10-11 16:35:20.488 24026 24101 I 111     :  OptJank - continuously drops frames:4
10-11 16:35:20.551 24026 24101 I 111     :  OptJank - continuously drops frames:4
10-11 16:35:20.640 24026 24101 I 111     :  OptJank - continuously drops frames:4
10-11 16:35:20.690 24026 24101 I 111     :  OptJank - continuously drops frames:4
10-11 16:35:20.733 24026 24101 I 111     :  OptJank - continuously drops frames:4
10-11 16:35:20.815  5144  5144 W ContextImpl: Calling a method in the system process without a qualified user: android.app.ContextImpl.sendBroadcast:1122 android.content.ContextWrapper.sendBroadcast:468 com.oneplus.security.SecureService$NetworkChangeReceive.onReceive:257 android.app.LoadedApk$ReceiverDispatcher$Args.lambda$getRunnable$0$LoadedApk$ReceiverDispatcher$Args:1566 android.app.-$$Lambda$LoadedApk$ReceiverDispatcher$Args$_BumDX2UKsnxLVrE6UJsJZkotuA.run:2
10-11 16:35:20.815 24026 24101 I 111     :  OptJank - high percentage:0.75
10-11 16:35:20.864  1644  5307 I Telecom : CallsManager: setCallState DISCONNECTING -> DISCONNECTED, call: [Call id=TC@289, state=DISCONNECTING, tpac=ComponentInfo{com.android.phone/com.android.services.telephony.TelephonyConnectionService}, ***, UserHandle{0}, cmgr=ComponentInfo{com.android.phone/com.android.services.telephony.TelephonyConnectionService}, ***, UserHandle{0}, handle=tel:*************, vidst=A, childs(0), has_parent(false), cap=[ hld sup_hld mut !v2a spd_aud], prop=[]]: CSW.sDc(cap)@VC4
10-11 16:35:20.864  1644  5307 I Telecom : Event: RecordEntry TC@289: SET_DISCONNECTED, disconnected set explicitly> DisconnectCause [ Code: (LOCAL) Label: () Description: () Reason: (LOCAL) Tone: (27) ]: CSW.sDc(cap)@VC4
10-11 16:35:20.864  1644  5307 I Telecom : CallsManager: newCanAddCall: true: CSW.sDc(cap)@VC4
10-11 16:35:20.865  1644  5307 I Telecom : InCallController: Sending updateCall [Call id=TC@289, state=DISCONNECTED, tpac=ComponentInfo{com.android.phone/com.android.services.telephony.TelephonyConnectionService}, ***, UserHandle{0}, cmgr=ComponentInfo{com.android.phone/com.android.services.telephony.TelephonyConnectionService}, ***, UserHandle{0}, handle=tel:*************, vidst=A, childs(0), has_parent(false), cap=[ hld sup_hld mut !v2a spd_aud], prop=[]]: CSW.sDc(cap)@VC4
10-11 16:35:20.865  1644  5307 I Telecom : InCallController: Components updated: [ComponentInfo{com.oneplus.dialer/com.android.incallui.InCallServiceImpl}]: CSW.sDc(cap)@VC4
10-11 16:35:20.865  1644  5307 I Telecom : BluetoothPhoneService: onCallStateChanged oldState: 5 newState 7: CSW.sDc(cap)@VC4
10-11 16:35:20.866  1644  5307 I Telecom : BluetoothPhoneService: updateHeadsetWithCallState numActive 0, numHeld 0, callState 7, ringing number ***, ringing type 128, ringing name null: CSW.sDc(cap)@VC4
10-11 16:35:20.901  1644  1644 W Looper  : Slow dispatch took 247ms main h=com.android.server.job.JobSchedulerService$JobHandler c=null m=1
10-11 16:35:20.901  1644  1644 D OpMotorManagerService: onCallStateChanged ...CALL_STATE_IDLE
10-11 16:35:20.909  1644  5306 W ActivityManager: Background start not allowed: service Intent { act=Orca.PERSISTENT_KICK_SKIP_PING cmp=com.facebook.katana/com.facebook.mqttlite.MqttService (has extras) } to com.facebook.katana/com.facebook.mqttlite.MqttService from pid=19210 uid=10158 pkg=com.facebook.katana startFg?=false
10-11 16:35:20.938  1644  1772 W BroadcastQueue: Permission Denial: receiving Intent { act=android.intent.action.PHONE_STATE flg=0x1000010 (has extras) } to ProcessRecord{86a0674 24357:com.oneplus.twspods/u0a356} (pid=24357, uid=10356) requires android.permission.READ_PRIVILEGED_PHONE_STATE due to sender android (uid 1000)
10-11 16:35:20.943  1644  1772 W BroadcastQueue: Permission Denial: receiving Intent { act=android.intent.action.PHONE_STATE flg=0x1000010 (has extras) } to ProcessRecord{d8305e6 10270:com.qualcomm.qti.services.systemhelper:systemhelper_service/u0a471} (pid=10270, uid=10471) requires android.permission.READ_PRIVILEGED_PHONE_STATE due to sender android (uid 1000)
10-11 16:35:20.943  1644  1772 W BroadcastQueue: Permission Denial: receiving Intent { act=android.intent.action.PHONE_STATE flg=0x1000010 (has extras) } to ProcessRecord{6807ace 8260:com.huawei.health:PhoneService/u0a128} (pid=8260, uid=10128) requires android.permission.READ_PRIVILEGED_PHONE_STATE due to sender android (uid 1000)
10-11 16:35:20.970  1644  5307 I Telecom : PhoneStateBroadcaster: Broadcasted state change: 0: CSW.sDc(cap)@VC4
10-11 16:35:20.970  1644  5307 I Telecom : CallAudioManager: onCallLeavingActiveDialingOrConnecting size is 0: CSW.sDc(cap)@VC4
10-11 16:35:20.971  1644  3575 I Telecom : CallAudioRouteStateMachine: Message received: UPDATE_SYSTEM_AUDIO_ROUTE=1201, arg1=0: CSW.sDc->CARSM.pM_UPDATE_SYSTEM_AUDIO_ROUTE(cap)@VC4
10-11 16:35:20.971  1644  3575 I Telecom : ActiveEarpieceRoute: Processing message UPDATE_SYSTEM_AUDIO_ROUTE: CSW.sDc->CARSM.pM_UPDATE_SYSTEM_AUDIO_ROUTE(cap)@VC4
10-11 16:35:20.971  1644  3578 I Telecom : CallAudioModeStateMachine: Message received: TONE_STARTED_PLAYING.: CSW.sDc->CAMSM.pM_3001(cap)@VC4
10-11 16:35:20.972  1644  3578 I Telecom : CallAudioModeStateMachine: Message received: NO_MORE_ACTIVE_OR_DIALING_CALLS.: CSW.sDc->CAMSM.pM_1001(cap)@VC4
10-11 16:35:20.972  1644  3578 I Telecom : CallAudioModeStateMachine: Audio focus entering TONE/HOLDING state: CSW.sDc->CAMSM.pM_1001(cap)@VC4
10-11 16:35:20.981  1644  5307 I Telecom : IncomingCallNotifier: updateIncomingCall: foundIncomingcall = null: CSW.sDc(cap)@VC4
10-11 16:35:20.981  1644  5307 I Telecom : TelecomWakeLock: WakeLock already released with id: 26: CSW.sDc(cap)@VC4
10-11 16:35:20.981  1644  5307 I Telecom : InCallWakeLockController: Releasing full wake lock: CSW.sDc(cap)@VC4
10-11 16:35:20.981  1644  5307 I Telecom : CallLogManager: shouldLogDisconnectedCall: true: CSW.sDc(cap)@VC4
10-11 16:35:20.982  1644  3574 I Telecom : BluetoothRouteManager: Message received: GET_CURRENT_STATE.: CSW.sDc->ICTP.r->BRM.pM_400(cap)@VC4
10-11 16:35:21.011  1644  1772 W BroadcastQueue: Permission Denial: receiving Intent { act=android.intent.action.PHONE_STATE flg=0x1000010 (has extras) } to ProcessRecord{86a0674 24357:com.oneplus.twspods/u0a356} (pid=24357, uid=10356) requires android.permission.READ_PHONE_STATE due to sender android (uid 1000)
10-11 16:35:21.019  1644  1772 W BroadcastQueue: Permission Denial: receiving Intent { act=android.intent.action.PHONE_STATE flg=0x1000010 (has extras) } to ProcessRecord{86a0674 24357:com.oneplus.twspods/u0a356} (pid=24357, uid=10356) requires android.permission.READ_PHONE_STATE due to sender android (uid 1000)
10-11 16:35:21.023  1644 20530 I Telecom : InCallTonePlayer: playToneGeneratorTone: toneType=27: CSW.sDc->ICTP.r(cap)@VC4
10-11 16:35:21.025  1644  1772 W BroadcastQueue: Permission Denial: receiving Intent { act=android.intent.action.PHONE_STATE flg=0x1000010 (has extras) } to ProcessRecord{d8305e6 10270:com.qualcomm.qti.services.systemhelper:systemhelper_service/u0a471} (pid=10270, uid=10471) requires android.permission.READ_CALL_LOG due to sender android (uid 1000)
10-11 16:35:21.025  1644  1772 W BroadcastQueue: Permission Denial: receiving Intent { act=android.intent.action.PHONE_STATE flg=0x1000010 (has extras) } to ProcessRecord{71d99cd 16761:net.oneplus.launcher/u0a21} (pid=16761, uid=10021) requires android.permission.READ_CALL_LOG due to sender android (uid 1000)
10-11 16:35:21.052  1644  5307 W ContextImpl: Calling a method in the system process without a qualified user: android.app.ContextImpl.sendBroadcast:1137 android.content.ContextWrapper.sendBroadcast:473 com.android.server.telecom.CallLogManager.sendAddCallBroadcast:733 com.android.server.telecom.CallLogManager.logCall:454 com.android.server.telecom.CallLogManager.logCall:384
10-11 16:35:21.071 19210 19456 E ActivityThread: Failed to find provider info for com.facebook.appmanager.firstparty.crashreporter
10-11 16:35:21.087  1644 13883 I Telecom : CallLogManager: addCall calltype is: 1
10-11 16:35:21.087  1644 13883 I Telecom : CallLogManager: addCall number is: ***
10-11 16:35:21.087  1644  1644 I Telecom : ConnectionServiceWrapper: Service unbound ComponentInfo{com.android.phone/com.android.services.telephony.TelephonyConnectionService}, from unbind.: CSW.rC->CM.mCAR(cap)@VDM
10-11 16:35:21.092  1644  1644 I Telecom : ConnectionServiceWrapper: checkmServiceInterfaceNull finally return true: CSW.rC->CM.mCAR(cap)@VDM
10-11 16:35:21.093  1644  1644 I Telecom : CallsManager: handleConnectionServiceDeath: service [ConnectionServiceWrapper componentName=ComponentInfo{com.android.phone/com.android.services.telephony.TelephonyConnectionService}] died: CSW.rC->CM.mCAR(cap)@VDM
10-11 16:35:21.093  1644  1644 I Telecom : Event: RecordEntry TC@289: DESTROYED, null: CSW.rC->CM.mCAR(cap)@VDM
10-11 16:35:21.093  1644  1644 I Telecom : CallsManager: newCanAddCall: true: CSW.rC->CM.mCAR(cap)@VDM
10-11 16:35:21.093  1644  1644 I Telecom : InCallController: onCallRemoved: [Call id=TC@289, state=DISCONNECTED, tpac=ComponentInfo{com.android.phone/com.android.services.telephony.TelephonyConnectionService}, ***, UserHandle{0}, cmgr=ComponentInfo{com.android.phone/com.android.services.telephony.TelephonyConnectionService}, ***, UserHandle{0}, handle=tel:*************, vidst=A, childs(0), has_parent(false), cap=[ hld sup_hld mut !v2a spd_aud], prop=[]]: CSW.rC->CM.mCAR(cap)@VDM
10-11 16:35:21.093  1644  1644 I Telecom : CallAudioManager: removeCall the mCalls size is 0: CSW.rC->CM.mCAR(cap)@VDM
10-11 16:35:21.093  1644  1644 I Telecom : ProximitySensorManager: All calls removed, resetting proximity sensor to default state: CSW.rC->CM.mCAR(cap)@VDM
10-11 16:35:21.093  1644  1644 I Telecom : TelecomWakeLock: WakeLock already released with id: 32: CSW.rC->CM.mCAR(cap)@VDM
10-11 16:35:21.093  1644  1644 I Telecom : IncomingCallNotifier: updateIncomingCall: foundIncomingcall = null: CSW.rC->CM.mCAR(cap)@VDM
10-11 16:35:21.093  1644  1644 I Telecom : TelecomWakeLock: WakeLock already released with id: 26: CSW.rC->CM.mCAR(cap)@VDM
10-11 16:35:21.093  1644  1644 I Telecom : InCallWakeLockController: Releasing full wake lock: CSW.rC->CM.mCAR(cap)@VDM
10-11 16:35:21.094  1644  3575 I Telecom : CallAudioRouteStateMachine: setSystemAudioState: changing from [AudioState isMuted: false, route: EARPIECE, supportedRouteMask: EARPIECE, SPEAKER, activeBluetoothDevice: [null], supportedBluetoothDevices: []] to [AudioState isMuted: false, route: EARPIECE, supportedRouteMask: EARPIECE, SPEAKER, activeBluetoothDevice: [null], supportedBluetoothDevices: []]: CSW.sDc->CARSM.pM_UPDATE_SYSTEM_AUDIO_ROUTE(cap)@VC4
10-11 16:35:21.094  1644  3575 I Telecom : InCallController: Calling onAudioStateChanged, audioState: [AudioState isMuted: false, route: EARPIECE, supportedRouteMask: EARPIECE, SPEAKER, activeBluetoothDevice: [null], supportedBluetoothDevices: []] -> [AudioState isMuted: false, route: EARPIECE, supportedRouteMask: EARPIECE, SPEAKER, activeBluetoothDevice: [null], supportedBluetoothDevices: []]: CSW.sDc->CARSM.pM_UPDATE_SYSTEM_AUDIO_ROUTE(cap)@VC4
10-11 16:35:21.099  1644  2393 I OpAudioMonitor: loadVolumeIndex current index/device/streamType < 0 or lapse <= 60, skip!
10-11 16:35:21.173  1644  3575 I Telecom : CallAudioRouteStateMachine: Message received: SWITCH_FOCUS=4001, arg1=2: CSW.sDc->CAMSM.pM_1001->CARSM.pM_SWITCH_FOCUS(cap)@VC4
10-11 16:35:21.173  1644  3575 I Telecom : ActiveEarpieceRoute: Processing message SWITCH_FOCUS: CSW.sDc->CAMSM.pM_1001->CARSM.pM_SWITCH_FOCUS(cap)@VC4
10-11 16:35:21.403 19210 19456 E ActivityThread: Failed to find provider info for com.android.launcher3.cornermark.unreadbadge
10-11 16:35:21.408  1644  3578 I Telecom : CallAudioModeStateMachine: Message received: TONE_STOPPED_PLAYING.: CSW.sDc->ICTP.r->ICTP.cUTP->CAMSM.pM_3002(cap)@VC4
10-11 16:35:21.409  1644  1644 I Telecom : BluetoothPhoneService: updateHeadsetWithCallState numActive 0, numHeld 0, callState 6, ringing number ***, ringing type 128, ringing name null: CSW.sDc->ICTP.r->ICTP.cUTP(cap)@VC4
10-11 16:35:21.410  1644  3575 I Telecom : CallAudioRouteStateMachine: Message received: SWITCH_FOCUS=4001, arg1=1: CSW.sDc->ICTP.r->ICTP.cUTP->CAMSM.pM_3002->CARSM.pM_SWITCH_FOCUS(cap)@VC4
10-11 16:35:21.411  1644  3575 I Telecom : ActiveEarpieceRoute: Processing message SWITCH_FOCUS: CSW.sDc->ICTP.r->ICTP.cUTP->CAMSM.pM_3002->CARSM.pM_SWITCH_FOCUS(cap)@VC4
10-11 16:35:21.412  1644  3575 I Telecom : Logging.Events: Non-call EVENT: UNMUTE, null: CSW.sDc->ICTP.r->ICTP.cUTP->CAMSM.pM_3002->CARSM.pM_SWITCH_FOCUS(cap)@VC4
10-11 16:35:21.413  1644  3575 I Telecom : CallAudioRouteStateMachine: setSystemAudioState: changing from [AudioState isMuted: false, route: EARPIECE, supportedRouteMask: EARPIECE, SPEAKER, activeBluetoothDevice: [null], supportedBluetoothDevices: []] to [AudioState isMuted: false, route: EARPIECE, supportedRouteMask: EARPIECE, SPEAKER, activeBluetoothDevice: [null], supportedBluetoothDevices: []]: CSW.sDc->ICTP.r->ICTP.cUTP->CAMSM.pM_3002->CARSM.pM_SWITCH_FOCUS(cap)@VC4
10-11 16:35:21.413  1644  3575 I Telecom : Logging.Events: Non-call EVENT: AUDIO_ROUTE, Leaving state ActiveEarpieceRoute: CSW.sDc->ICTP.r->ICTP.cUTP->CAMSM.pM_3002->CARSM.pM_SWITCH_FOCUS(cap)@VC4
10-11 16:35:21.413  1644  3575 I Telecom : Logging.Events: Non-call EVENT: AUDIO_ROUTE, Entering state QuiescentEarpieceRoute: CSW.sDc->ICTP.r->ICTP.cUTP->CAMSM.pM_3002->CARSM.pM_SWITCH_FOCUS(cap)@VC4
10-11 16:35:21.455  1644  1785 D ExtBatteryStatsService: ext-flush too soon, skip
10-11 16:35:21.735  1644  2393 I OpAudioMonitor: loadVolumeIndex current index/device/streamType < 0 or lapse <= 60, skip!
10-11 16:35:21.770  1644  2353 V OpScreenshotImprovement: AOD screenshot wakeUpFromPowerKey for power up
10-11 16:35:21.770  1644  2353 D WindowManager: powerPress: eventTime=1212690159 interactive=true count=1 beganFromNonInteractive=false mShortPressOnPowerBehavior=1
10-11 16:35:21.770  1644  2353 I PowerManagerService: Going to sleep due to power_button (uid 1000)...
10-11 16:35:21.772  1644  1808 I DisplayPowerController: useProximityForceSuspend = false
10-11 16:35:21.802 24026 24089 D ViewRootImpl: support adaptive color gamut feature!
10-11 16:35:21.808  1644  3578 I Telecom : CallAudioRouteStateMachine: getWasOnSpeaker mWasOnSpeaker = false: CSW.sDc->ICTP.r->ICTP.cUTP->CAMSM.pM_3002(cap)@VC4
10-11 16:35:21.808  1644  1644 V SettingsProvider: Notifying for 0: content://settings/secure/reminder_exp_learning_time_elapsed
10-11 16:35:21.808  1644  3578 I Telecom : CallAudioModeStateMachine: Message received: AUDIO_OPERATIONS_COMPLETE.: CSW.sDc->ICTP.r->ICTP.cUTP->CAMSM.pM_3002->CARSM.pM_SWITCH_FOCUS->CAMSM.pM_6001(cap)@VC4
10-11 16:35:21.808  1644  3578 I Telecom : CallAudioModeStateMachine: Abandoning audio focus: now UNFOCUSED: CSW.sDc->ICTP.r->ICTP.cUTP->CAMSM.pM_3002->CARSM.pM_SWITCH_FOCUS->CAMSM.pM_6001(cap)@VC4
10-11 16:35:21.822  1644  1808 I DisplayPowerController: brightnessState(m):0.10852731
10-11 16:35:21.822  1644  1808 I DisplayPowerController: smtbrn:0.5 0.10852731 (49.49598) --> 0.053301193(25.54003)
10-11 16:35:21.844  1644  1808 I DisplayPowerController: useProximityForceSuspend = false
10-11 16:35:21.844  1644  1808 D OpColorDisplayService: screenStateChange
10-11 16:35:21.845  1644  1808 I DisplayPowerController: Blocking screen off
10-11 16:35:21.845  1644  1808 I DisplayPowerController: Unblocked screen off after 0 ms
10-11 16:35:21.845  1644  1789 D OpColorDisplayService: processScreenOn   false
10-11 16:35:21.886  1644  1808 E BatteryStatsImpl: All kernel wakelocks were set stale. new version=171710
10-11 16:35:21.896  1644  5231 V FingerprintService: cancelAuthentication(com.android.systemui)
10-11 16:35:21.901  1644  1644 V FingerprintService: Stopping client com.android.systemui, fromClient: true
10-11 16:35:21.902  1644  1768 I FastCharge: read mChargeType = 0
10-11 16:35:21.907  2517  2534 I OIMC    : notified , mode FingerPrintMode changeTo 2
10-11 16:35:21.907  2517  2711 I OIMC_CORE: handleMessage:   MODE_EXIT, arg1: 0, arg2: 0, obj: com.oneplus.server.oimc.gwy@59d89df
10-11 16:35:21.907  2517  2711 I OIMC_CORE: Exiting mode FingerPrintMode
10-11 16:35:21.907  2517  2711 I OIMC_CORE: stoping ONESHOT function ColorDisable
10-11 16:35:21.908  1644  1768 D FingerprintService: onError, -5476376631877161936, 5, 0
10-11 16:35:21.908  1644  5240 I OpOIMCColorManager: ColorDisable stop... mGCActivated = false  mCBActivated = false  mPCActivated = false  mGMActivated = false mCurrentActivated = 0
10-11 16:35:21.908  1644  5240 D OpColorDisplayService: DisableColor state: 2
10-11 16:35:21.908  2517  2710 I OIMC_CORE: ColorDisable action 2 spent 1 ms
10-11 16:35:21.909  1644  1789 D OpColorDisplayService: resetStatus: 2
10-11 16:35:21.909  1644  1789 D OpColorDisplayService: reverStatus needMatrixInit = false
10-11 16:35:21.912  1644  1808 I RampAnimator: POLICY CHANGING!
10-11 16:35:21.913  1644  1808 I RampAnimator: target:0.0 rate:0.0 mCurrentValue:0.053301193 mTargetValue:0.053301193
10-11 16:35:22.002  1644  1808 V DisplayPowerController: Brightness [-1.0] reason changing to: 'screen_off', previous reason: 'manual [ low_pwr ]'.
10-11 16:35:22.003  1644  2426 D OpMotorManagerService: notifyScreenOff
10-11 16:35:22.003  1644  1760 I DisplayManagerService: Display device changed state: "Built-in Screen", OFF
10-11 16:35:22.003  1644  1808 I DisplayPowerController: useProximityForceSuspend = false
10-11 16:35:22.003  1644  1808 I RampAnimator: target:0.0 rate:0.0 mCurrentValue:0.0 mTargetValue:0.0
10-11 16:35:22.006  1644  1644 V FingerprintService: handleError(client=com.android.systemui, error = 5)
10-11 16:35:22.006  1644  1644 V BiometricStats: Error latency: -1
10-11 16:35:22.006  1644  1644 W BiometricStats: found a negative latency : -1
10-11 16:35:22.007  1644  1644 V FingerprintService: Done with client: com.android.systemui
10-11 16:35:22.031  2517  2517 W ContextImpl: Calling a method in the system process without a qualified user: android.app.ContextImpl.sendBroadcast:1122 android.content.ContextWrapper.sendBroadcast:468 com.oneplus.coreservice.BroadcastDispatch.xne$mab.onReceive:122 android.app.LoadedApk$ReceiverDispatcher$Args.lambda$getRunnable$0$LoadedApk$ReceiverDispatcher$Args:1566 android.app.-$$Lambda$LoadedApk$ReceiverDispatcher$Args$_BumDX2UKsnxLVrE6UJsJZkotuA.run:2
10-11 16:35:22.058 24026 24026 D FingerprintManager: sendErrorResult: 5, 5, 0
10-11 16:35:22.058  1644  3140 D KeyguardStateMonitor: onFingerprintStateChange , false, false, authType:1, result:5
10-11 16:35:22.191  1644  1808 I DisplayPowerController: useProximityForceSuspend = false
10-11 16:35:22.191  1644  1808 I RampAnimator: target:0.0 rate:0.0 mCurrentValue:0.0 mTargetValue:0.0
10-11 16:35:22.192  1644  1808 I DreamManagerService: Entering dreamland.
10-11 16:35:22.192  1644  1808 I PowerManagerService: Dozing...
10-11 16:35:22.206  1644  1757 I DreamController: Starting dream: name=ComponentInfo{com.android.systemui/com.android.systemui.doze.DozeService}, isTest=false, canDoze=true, userId=0
10-11 16:35:22.246 24026 24102 D ViewRootImpl: support adaptive color gamut feature!
10-11 16:35:22.252  1644  3140 I OemSceneModeAmHelper: [scene] handleShowOrOccludedChanged showing true, occluded false
10-11 16:35:22.252  1644  3161 E OPCS    : [Cap] [End] use mLastCapRemaining: 1988 instead.
10-11 16:35:22.253  1644  3161 E OPCS    : [Cap] [Start] remainCap is abnormal: 0
10-11 16:35:22.253  1644  3161 E OPCS    : [Cap] [Start] use mLastCapRemaining: 1988 instead.
10-11 16:35:22.253  1644  1760 V UsbDeviceManager: onKeyguardStateChanged: isShowing:true secure:true user:0
10-11 16:35:22.271  1644  1808 I DisplayPowerController: useProximityForceSuspend = false
10-11 16:35:22.272  1644  1808 I RampAnimator: POLICY CHANGING!
10-11 16:35:22.272  1644  1808 I RampAnimator: target:0.0 rate:0.0 mCurrentValue:0.0 mTargetValue:0.0
10-11 16:35:22.279  1644  1809 D OpPowerControllerService: SCREEN is OFF
10-11 16:35:22.281  1644  3161 E OPCS    : [Cap] [End] use mLastCapRemaining: 1988 instead.
10-11 16:35:22.282  1644  3161 E OPCS    : AccurateCounter getCurAccurateLevel error, err:11 16:35:22 curPower:0.0 fullCharge:0.0 powerLevel:43
10-11 16:35:22.282  1644  3161 I OPCS    : AccurateCounter startCount err, tag:ScreenOffDischarge mLastAccurateLevel:27.526811829704258
10-11 16:35:22.283  1644  3161 E OPCS    : AccurateCounter getCurAccurateLevel error, err:11 16:35:22 curPower:0.0 fullCharge:0.0 powerLevel:43
10-11 16:35:22.284  1644  1809 D OpPowerControllerService: SCREEN is OFF
10-11 16:35:22.284  1644  3161 I OPCS    : AccurateCounter stopCount err, tag:ScreenOnDischarge cur:-1.0 lastLevel:27.526811829704258 mLastAccurateLevel:27.526811829704258
10-11 16:35:22.284  1644  1809 D OpPowerControllerService: mScreenOffStart=2022-10-11 16:35:22
10-11 16:35:22.285  1644  1809 W ContextImpl: Calling a method in the system process without a qualified user: android.app.ContextImpl.sendBroadcast:1122 com.android.server.power.Notifier.sendGoToSleepBroadcast:850 com.android.server.power.Notifier.sendNextBroadcast:797 com.android.server.power.Notifier.access$500:96 com.android.server.power.Notifier$NotifierHandler.handleMessage:956
10-11 16:35:22.306  5144  5144 I 309     : package:com.android.settings took:1362 calssname:android.app.ActivityThread$H callback:android.app.-$$Lambda$LoadedApk$ReceiverDispatcher$Args$_BumDX2UKsnxLVrE6UJsJZkotuA@4d4b9dd what:0
10-11 16:35:22.328  1644  1804 D ExtBatteryStatsService: ==MSG_SCREEN_OFF== at 2615916180
10-11 16:35:22.329  1644  2318 W BroadcastQueue: Permission Denial: receiving Intent { act=android.intent.action.PHONE_STATE flg=0x1000010 (has extras) } to com.truecaller/.service.Receiver requires android.permission.READ_PRIVILEGED_PHONE_STATE due to sender android (uid 1000)
10-11 16:35:22.330  1644  1772 W BroadcastQueue: Permission Denial: receiving Intent { act=android.intent.action.PHONE_STATE flg=0x1000010 (has extras) } to com.iitb.cse.arkenstone.safe_v2/com.iitb.cse.arkenstone.safe_beta.utils.listeners.CallListener requires android.permission.READ_PRIVILEGED_PHONE_STATE due to sender android (uid 1000)
10-11 16:35:22.330  1644  1772 W BroadcastQueue: Permission Denial: receiving Intent { act=android.intent.action.PHONE_STATE flg=0x1000010 (has extras) } to com.jio.media.ondemand/com.madme.mobile.sdk.broadcast.EOCTrigger requires android.permission.READ_PRIVILEGED_PHONE_STATE due to sender android (uid 1000)
10-11 16:35:22.330  1644  1772 W BroadcastQueue: Permission Denial: receiving Intent { act=android.intent.action.PHONE_STATE flg=0x1000010 (has extras) } to com.jio.media.ondemand/com.madme.mobile.sdk.broadcast.DailyTaskReceiver requires android.permission.READ_PRIVILEGED_PHONE_STATE due to sender android (uid 1000)
10-11 16:35:22.330  1644  1772 W BroadcastQueue: Permission Denial: receiving Intent { act=android.intent.action.PHONE_STATE flg=0x1000010 (has extras) } to com.jio.myjio/com.madme.mobile.sdk.broadcast.EOCTrigger requires android.permission.READ_PRIVILEGED_PHONE_STATE due to sender android (uid 1000)
10-11 16:35:22.330  1644  1772 W BroadcastQueue: Permission Denial: receiving Intent { act=android.intent.action.PHONE_STATE flg=0x1000010 (has extras) } to com.jio.myjio/com.madme.mobile.sdk.broadcast.DailyTaskReceiver requires android.permission.READ_PRIVILEGED_PHONE_STATE due to sender android (uid 1000)
10-11 16:35:22.330  1644  1772 W BroadcastQueue: Permission Denial: receiving Intent { act=android.intent.action.PHONE_STATE flg=0x1000010 (has extras) } to com.truecaller/.util.CallMonitoringReceiver requires android.permission.READ_PRIVILEGED_PHONE_STATE due to sender android (uid 1000)
10-11 16:35:22.330  1644  1772 W BroadcastQueue: Permission Denial: receiving Intent { act=android.intent.action.PHONE_STATE flg=0x1000010 (has extras) } to com.truecaller/.callhero_assistant.callrejection.CallAssistantRejectionReceiver requires android.permission.READ_PRIVILEGED_PHONE_STATE due to sender android (uid 1000)
10-11 16:35:22.330  1644  1772 W BroadcastQueue: Permission Denial: receiving Intent { act=android.intent.action.PHONE_STATE flg=0x1000010 (has extras) } to org.telegram.messenger/.CallReceiver requires android.permission.READ_PRIVILEGED_PHONE_STATE due to sender android (uid 1000)
10-11 16:35:22.347  1644  1644 V SettingsProvider: Notifying for 0: content://settings/secure/location_mode
10-11 16:35:22.347  1644  1644 V SettingsProvider: Notifying for 999: content://settings/secure/location_mode
10-11 16:35:22.347  1644  1644 V SettingsProvider: Notifying for 0: content://settings/global/location_global_kill_switch
10-11 16:35:22.347  1644  1644 V SettingsProvider: Notifying for 999: content://settings/global/location_global_kill_switch
10-11 16:35:22.401  1644  3200 W ActivityManager: Unable to start service Intent { act=com.qti.izat.xt.srv cmp=com.qualcomm.location.XT/.XTSrv (has extras) } U=0: not found
10-11 16:35:22.406  1644  5231 W ActivityManager: Unable to start service Intent { act=com.qti.izat.xt.srv cmp=com.qualcomm.location.XT/.XTSrv (has extras) } U=0: not found
10-11 16:35:22.408  1644  1644 V SettingsProvider: Notifying for 0: content://settings/global/network_recommendations_enabled
10-11 16:35:22.408  1644  1644 V SettingsProvider: Notifying for 999: content://settings/global/network_recommendations_enabled
10-11 16:35:22.419  1644  1644 V SettingsProvider: Notifying for 0: content://settings/secure/location_providers_allowed
10-11 16:35:22.420  1644  1644 V SettingsProvider: Notifying for 999: content://settings/secure/location_providers_allowed
10-11 16:35:22.421  1644  1644 V SettingsProvider: Notifying for 0: content://settings/secure/location_providers_allowed
10-11 16:35:22.421  1644  1644 V SettingsProvider: Notifying for 999: content://settings/secure/location_providers_allowed
10-11 16:35:22.432  1644  1644 V SettingsProvider: Notifying for 0: content://settings/global/network_recommendations_enabled
10-11 16:35:22.432  1644  1644 V SettingsProvider: Notifying for 999: content://settings/global/network_recommendations_enabled
10-11 16:35:22.437  1644  3460 E AppOps  : Operation not started: uid=10036 pkg=com.google.android.gms(null) op=MONITOR_LOCATION
10-11 16:35:22.440  1644  1644 D OPBF    : # eventChangeReceiver # onReceive # action=android.intent.action.SCREEN_OFF
10-11 16:35:22.628  4543 15414 D ActivityThread: Loading provider com.google.android.gms.auth.accounts: com.google.android.gms.auth.account.be.legacy.AccountContentProvider
10-11 16:35:22.881  1644  2342 V AlarmManager: Triggering alarm #0: 3 when =2615916734 package =android operation = null listenTag =*job.delay* flags =0x0
10-11 16:35:22.881  1644  2342 V AlarmManager: Triggering alarm #1: 2 when =2615916734 package =android operation = null listenTag =*job.deadline* flags =0x0
10-11 16:35:23.014  1644  1644 W Looper  : Slow dispatch took 132ms main h=android.os.Handler c=android.app.AlarmManager$ListenerWrapper@97456e6 m=0
10-11 16:35:23.040  1644  2377 D ConnectivityService: NetReassign [no changes]
10-11 16:35:23.069  1644  2342 V AlarmManager: Triggering alarm #0: 3 when =2615916922 package =android operation = null listenTag =TIME_TICK flags =0x1
10-11 16:35:23.084  1644  3200 D ConnectivityService: Returning BLOCKED NetworkInfo to uid=10135
10-11 16:35:23.093  1644  1644 I Telecom : InCallController: CSICSC: disconnect com.android.server.telecom.InCallController$EmergencyInCallServiceConnection@4f6ccb5: CSW.rC->CM.mCAR->ICC.oCR(cap)@VDM
10-11 16:35:23.093  1644  1644 I Telecom : EmergencyInCallServiceConnection: Disconnect forced!: CSW.rC->CM.mCAR->ICC.oCR(cap)@VDM
10-11 16:35:23.093  1644  1644 I Telecom : InCallController: ICSBC#disconnect: unbinding after 36738 ms;[ComponentInfo{com.oneplus.dialer/com.android.incallui.InCallServiceImpl} supportsExternal? true supportsSelfMg?false]. isCrashed: false: CSW.rC->CM.mCAR->ICC.oCR(cap)@VDM
10-11 16:35:23.119  1644  3200 W BluetoothManagerService: unbindBluetoothProfileService: calling psc.removeProxy
10-11 16:35:23.120  1644  3200 W BluetoothManagerService: removing the proxy, count is 31
10-11 16:35:23.688  5144  5144 I 309     : package:com.android.settings took:1379 calssname:android.app.ActivityThread$H callback:android.app.-$$Lambda$LoadedApk$ReceiverDispatcher$Args$_BumDX2UKsnxLVrE6UJsJZkotuA@d22a952 what:0
10-11 16:35:24.570  1644  3200 D ConnectivityService: onDnsLatency over 1 sec returnCode: 0, latencyMs: 5017, hostname: play-fe.googleapis.com, uid: 10022, dnsRttCheckValue: 1000
10-11 16:35:24.572  1644  1644 V SettingsProvider: Notifying for 0: content://settings/system/dns_latency_over_one_sec_mdm
10-11 16:35:24.572  1644  1644 V SettingsProvider: Notifying for 0: content://settings/system/dns_latency_over_one_sec
10-11 16:35:24.573  1644  1644 V SettingsProvider: Notifying for 0: content://settings/system/dns_latency_over_one_sec_uid
10-11 16:35:24.650  1644  1644 V SettingsProvider: Notifying for 0: content://settings/system/dns_latency_over_one_sec_mdm
10-11 16:35:24.651  1644  1644 V SettingsProvider: Notifying for 0: content://settings/system/dns_latency_over_one_sec
10-11 16:35:24.651  1644  1644 V SettingsProvider: Notifying for 0: content://settings/system/dns_latency_over_one_sec_uid
10-11 16:35:24.681  1644  1644 V SettingsProvider: Notifying for 0: content://settings/system/dns_latency_over_one_sec_mdm
10-11 16:35:24.682  1644  1644 V SettingsProvider: Notifying for 0: content://settings/system/dns_latency_over_one_sec
10-11 16:35:24.684  1644  1644 V SettingsProvider: Notifying for 0: content://settings/system/dns_latency_over_one_sec_uid
10-11 16:35:24.899  5144  5144 I 309     : package:com.android.settings took:1210 calssname:android.app.ActivityThread$H callback:android.app.-$$Lambda$LoadedApk$ReceiverDispatcher$Args$_BumDX2UKsnxLVrE6UJsJZkotuA@ec54423 what:0
10-11 16:35:24.912  1644  3200 W BroadcastQueue: Permission Denial: receiving Intent { act=android.intent.action.PHONE_STATE flg=0x1000010 (has extras) } to com.iitb.cse.arkenstone.safe_v2/com.iitb.cse.arkenstone.safe_beta.utils.listeners.CallListener requires android.permission.READ_PHONE_STATE due to sender android (uid 1000)
10-11 16:35:24.912  1644  1772 W BroadcastQueue: Permission Denial: receiving Intent { act=android.intent.action.PHONE_STATE flg=0x1000010 (has extras) } to com.jio.media.ondemand/com.madme.mobile.sdk.broadcast.EOCTrigger requires android.permission.READ_PHONE_STATE due to sender android (uid 1000)
10-11 16:35:24.912  1644  1772 W BroadcastQueue: Permission Denial: receiving Intent { act=android.intent.action.PHONE_STATE flg=0x1000010 (has extras) } to com.jio.media.ondemand/com.madme.mobile.sdk.broadcast.DailyTaskReceiver requires android.permission.READ_PHONE_STATE due to sender android (uid 1000)
10-11 16:35:24.960  1644  6183 W BroadcastQueue: Permission Denial: receiving Intent { act=android.intent.action.PHONE_STATE flg=0x1000010 (has extras) } to com.iitb.cse.arkenstone.safe_v2/com.iitb.cse.arkenstone.safe_beta.utils.listeners.CallListener requires android.permission.READ_PHONE_STATE due to sender android (uid 1000)
10-11 16:35:24.961  1644  1772 W BroadcastQueue: Permission Denial: receiving Intent { act=android.intent.action.PHONE_STATE flg=0x1000010 (has extras) } to com.jio.media.ondemand/com.madme.mobile.sdk.broadcast.EOCTrigger requires android.permission.READ_PHONE_STATE due to sender android (uid 1000)
10-11 16:35:24.961  1644  1772 W BroadcastQueue: Permission Denial: receiving Intent { act=android.intent.action.PHONE_STATE flg=0x1000010 (has extras) } to com.jio.media.ondemand/com.madme.mobile.sdk.broadcast.DailyTaskReceiver requires android.permission.READ_PHONE_STATE due to sender android (uid 1000)
10-11 16:35:24.962  1644  1772 W BroadcastQueue: Permission Denial: receiving Intent { act=android.intent.action.PHONE_STATE flg=0x1000010 (has extras) } to com.jio.myjio/com.madme.mobile.sdk.broadcast.EOCTrigger requires android.permission.READ_CALL_LOG due to sender android (uid 1000)
10-11 16:35:24.962  1644  1772 W BroadcastQueue: Permission Denial: receiving Intent { act=android.intent.action.PHONE_STATE flg=0x1000010 (has extras) } to com.jio.myjio/com.madme.mobile.sdk.broadcast.DailyTaskReceiver requires android.permission.READ_CALL_LOG due to sender android (uid 1000)
10-11 16:35:24.971  1644  3200 W ActivityManager: Foreground service started from background can not have location/camera/microphone access: service com.truecaller/.callerid.CallerIdService
10-11 16:35:24.986  1644  6183 D CompatibilityChangeReporter: Compat change id reported: 135634846; UID 10027; state: DISABLED
10-11 16:35:24.987  1644  6183 D CompatibilityChangeReporter: Compat change id reported: 135754954; UID 10027; state: ENABLED
10-11 16:35:24.987  1644  1773 D CompatibilityChangeReporter: Compat change id reported: 143937733; UID 10027; state: ENABLED
10-11 16:35:25.024  1644  1773 I ActivityManager: Start proc 20648:com.android.calllogbackup/u0a27 for broadcast {com.android.calllogbackup/com.android.calllogbackup.CallLogChangeReceiver}
10-11 16:35:25.048  1644  5240 I ActivityTaskManager: START u0 {flg=0x10000000 cmp=com.truecaller/.acs.ui.popup.AfterCallPopupActivity (has extras)} from uid 10144 pid 19691
10-11 16:35:25.049  1644  5240 W ActivityTaskManager: Background activity start [callingPackage: com.truecaller; callingUid: 10144; isCallingUidForeground: false; callingUidHasAnyVisibleWindow: false; callingUidProcState: FOREGROUND_SERVICE; isCallingUidPersistentSystemProcess: false; realCallingUid: 10144; isRealCallingUidForeground: false; realCallingUidHasAnyVisibleWindow: false; realCallingUidProcState: FOREGROUND_SERVICE; isRealCallingUidPersistentSystemProcess: false; originatingPendingIntent: null; isBgStartWhitelisted: false; intent: Intent { flg=0x10000000 cmp=com.truecaller/.acs.ui.popup.AfterCallPopupActivity (has extras) }; callerApp: ProcessRecord{bc836cc 19691:com.truecaller/u0a144}]
10-11 16:35:25.064  1644  5240 E ActivityTaskManager: Abort background activity starts from 10144
10-11 16:35:25.100  1644  6183 W ActivityManager: Foreground service started from background can not have location/camera/microphone access: service com.truecaller/.callerid.CallerIdService
10-11 16:35:25.128  1644  2318 D ConnectivityService: Returning BLOCKED NetworkInfo to uid=10144
10-11 16:35:25.144  1644  2377 D ConnectivityService: releasing NetworkRequest [ TRACK_DEFAULT id=40006, [ Capabilities: INTERNET&NOT_RESTRICTED&TRUSTED Uid: 10144 AdministratorUids: [] RequestorUid: 10144 RequestorPackageName: com.truecaller] ] (release request)
10-11 16:35:25.227  1644  2377 D ConnectivityService: releasing NetworkRequest [ TRACK_DEFAULT id=40000, [ Capabilities: INTERNET&NOT_RESTRICTED&TRUSTED Uid: 10144 AdministratorUids: [] RequestorUid: 10144 RequestorPackageName: com.truecaller] ] (release request)
10-11 16:35:25.337  1644  5233 D ConnectivityService: requestNetwork for uid/pid:10144/19691 NetworkRequest [ TRACK_DEFAULT id=40014, [ Capabilities: INTERNET&NOT_RESTRICTED&TRUSTED Uid: 10144 AdministratorUids: [] RequestorUid: 10144 RequestorPackageName: com.truecaller] ]
10-11 16:35:25.338  1644  2377 D ConnectivityService: NetReassign [40014 : null  1591]
10-11 16:35:25.341  1644  3137 W BroadcastQueue: Background execution not allowed: receiving Intent { act=com.google.android.gms.location.reporting.SETTINGS_CHANGED flg=0x10 } to com.google.android.gms/.chimera.GmsIntentOperationService$PersistentInternalReceiver
10-11 16:35:25.356  1644  1772 W BroadcastQueue: Background execution not allowed: receiving Intent { act=com.google.android.gms.location.reporting.SETTINGS_CHANGED flg=0x10 } to com.google.android.googlequicksearchbox/com.google.android.apps.gsa.search.core.udc.UdcSettingBroadcastReceiver
10-11 16:35:25.356  1644  1772 W BroadcastQueue: Background execution not allowed: receiving Intent { act=com.google.android.gms.location.reporting.SETTINGS_CHANGED flg=0x10 } to com.google.android.googlequicksearchbox/com.google.android.libraries.search.udcdataservice.ulr.UlrBroadcastReceiver_Receiver
10-11 16:35:25.411  1644  5233 D BiometricService: canAuthenticate: User=0, Caller=0, Authenticators=15
10-11 16:35:25.411  1644  5233 D BiometricService: Package: com.android.vending Authenticator ID: 0 Modality: 2 Reported Modality: 2 Status: 1
10-11 16:35:25.411  1644  5233 D AuthService: canAuthenticate, userId: 0, callingUserId: 0, authenticators: 15, result: 0
10-11 16:35:25.412  1644  5233 D BiometricService: canAuthenticate: User=0, Caller=0, Authenticators=255
10-11 16:35:25.412  1644  5233 D BiometricService: Package: com.android.vending Authenticator ID: 0 Modality: 2 Reported Modality: 2 Status: 1
10-11 16:35:25.412  1644  5233 D AuthService: canAuthenticate, userId: 0, callingUserId: 0, authenticators: 255, result: 0
10-11 16:35:25.412  1644  3200 D BiometricService: canAuthenticate: User=0, Caller=0, Authenticators=15
10-11 16:35:25.413  1644  3200 D BiometricService: Package: com.android.vending Authenticator ID: 0 Modality: 2 Reported Modality: 2 Status: 1
10-11 16:35:25.413  1644  3200 D AuthService: canAuthenticate, userId: 0, callingUserId: 0, authenticators: 15, result: 0
10-11 16:35:26.758  1644  3190 D OPBF    : setCGroupState():tofreeze=true, uid:10010 pkg:com.redteamobile.oneplus.roaming --->>> ok reason:start perform not hasTimeout broadcast for action = android.net.conn.CONNECTIVITY_CHANGE
10-11 16:35:27.243  1644 20689 I ActivityManager: pid= 626 st.name = lmkd cpuPercent = 15 st.rel_utime =220 st.rel_stime =7010
10-11 16:35:27.244  1644 20689 I ActivityManager: pid= 1062 st.name = surfaceflinger cpuPercent = 10 st.rel_utime =2120 st.rel_stime =2820
10-11 16:35:27.244  1644 20689 I ActivityManager: pid= 1644 st.name = Binder:1644_3 cpuPercent = 105 st.rel_utime =31350 st.rel_stime =17200
10-11 16:35:27.244  1644 20689 I ActivityManager: pid= 24026 st.name = ndroid.systemui cpuPercent = 19 st.rel_utime =6170 st.rel_stime =2790
10-11 16:35:27.244  1644 20689 I ActivityManager: pid= 27110 st.name = droid.bluetooth cpuPercent = 10 st.rel_utime =2280 st.rel_stime =2340
10-11 16:35:27.244  1644 20689 I ActivityManager: pid= 27292 st.name = .gms.persistent cpuPercent = 13 st.rel_utime =4020 st.rel_stime =2780
10-11 16:35:27.244  1644 20689 I ActivityManager: pid= 29894 st.name = usap64 cpuPercent = 11 st.rel_utime =9140 st.rel_stime =4160
10-11 16:35:29.114  1644  2342 V AlarmManager: Triggering alarm #0: 3 when =2615922966 package =android operation = null listenTag =*job.delay* flags =0x0
10-11 16:35:29.632  1644  1663 I ActivityManager: Killing 17166:com.amazon.dee.app:feature/u0a60 (adj 995): empty #31
10-11 16:35:29.677  1644  2925 W ProcessStats: setState index out of bounds. index: -1 length: 20
10-11 16:35:29.678  1644  2925 W ProcessStats: setState index out of bounds. index: -1 length: 20
10-11 16:35:30.118  1644  5240 D ConnectivityService: onDnsLatency over 1 sec returnCode: 7, latencyMs: 5013, hostname: www.googletagservices.com, uid: 10144, dnsRttCheckValue: 1000
10-11 16:35:30.120  1644  1644 V SettingsProvider: Notifying for 0: content://settings/system/dns_latency_over_one_sec_mdm
10-11 16:35:30.121  1644  1644 V SettingsProvider: Notifying for 0: content://settings/system/dns_latency_over_one_sec
10-11 16:35:30.122  1644  1644 V SettingsProvider: Notifying for 0: content://settings/system/dns_latency_over_one_sec_uid
10-11 16:35:30.662  1644  5240 D ConnectivityService: Returning UNBLOCKED NetworkInfo to uid=10345
10-11 16:35:30.724  1644  5306 W ActivityManager: Foreground service started from background can not have location/camera/microphone access: service com.whatsapp/.service.GcmFGService
10-11 16:35:30.743 30432 30432 D ActivityThread: pid:30432 tid:30432 doframe Callback
10-11 16:35:30.922  1644  1785 D ExtBatteryStatsService: @@@@ awaitUninterruptibly in 206 ms
10-11 16:35:30.923  1644  1785 D ExtBatteryStatsService: ext-flush too soon, skip
10-11 16:35:30.923  1644  1785 D ExtBatteryStatsService: ext-flush too soon, skip
10-11 16:35:30.958  1644  1644 D NotificationService: 0|com.whatsapp|11|null|10345: granting content://settings/system/notification_sound
10-11 16:35:30.960  1644  1644 I chatty  : uid=1000(system) Binder:1644_3 identical 6 lines
10-11 16:35:30.960  1644  1644 D NotificationService: 0|com.whatsapp|11|null|10345: granting content://settings/system/notification_sound
10-11 16:35:30.970  1644  1644 W NotificationHistory: Attempted to add notif for locked/gone/disabled user 0
10-11 16:35:31.446  1644  5240 I ActivityManager: Killing 17478:com.microsoft.teams/u0a361 (adj 999): empty #31
10-11 16:35:31.540  1644  5306 D ConnectivityService: ConnectivityService NetworkRequestInfo binderDied(NetworkRequest [ LISTEN id=39978, [ Capabilities: INTERNET&NOT_RESTRICTED&TRUSTED&NOT_VPN Uid: 10361 AdministratorUids: [] RequestorUid: 10361 RequestorPackageName: com.microsoft.teams] ], android.os.BinderProxy@11a79ef)
10-11 16:35:31.541  1644  3137 D ConnectivityService: ConnectivityService NetworkRequestInfo binderDied(NetworkRequest [ TRACK_DEFAULT id=39979, [ Capabilities: INTERNET&NOT_RESTRICTED&TRUSTED Uid: 10361 AdministratorUids: [] RequestorUid: 10361 RequestorPackageName: com.microsoft.teams] ], android.os.BinderProxy@746ecfc)
10-11 16:35:31.541  1644  5233 D ConnectivityService: ConnectivityService NetworkRequestInfo binderDied(NetworkRequest [ TRACK_DEFAULT id=39977, [ Capabilities: INTERNET&NOT_RESTRICTED&TRUSTED Uid: 10361 AdministratorUids: [] RequestorUid: 10361 RequestorPackageName: com.microsoft.teams] ], android.os.BinderProxy@c4fdf85)
10-11 16:35:31.541  1644  2377 D ConnectivityService: releasing NetworkRequest [ TRACK_DEFAULT id=39979, [ Capabilities: INTERNET&NOT_RESTRICTED&TRUSTED Uid: 10361 AdministratorUids: [] RequestorUid: 10361 RequestorPackageName: com.microsoft.teams] ] (release request)
10-11 16:35:31.542  1644  2377 D ConnectivityService: releasing NetworkRequest [ TRACK_DEFAULT id=39977, [ Capabilities: INTERNET&NOT_RESTRICTED&TRUSTED Uid: 10361 AdministratorUids: [] RequestorUid: 10361 RequestorPackageName: com.microsoft.teams] ] (release request)
10-11 16:35:31.543  1644  5240 W ProcessStats: setState index out of bounds. index: -1 length: 20
10-11 16:35:31.544  1644  5240 W ProcessStats: setState index out of bounds. index: -1 length: 20
10-11 16:35:32.171  1644  1644 I Telecom : CallsManager: onImsCapabilityStatusChange phoneId: 0 ,VoLte: false ,ViLte: false ,VoWifi: false ,ViWifi: false ,UTLte: false ,UTWifi: false
10-11 16:35:32.229  1644  3190 D OPBF    : setCGroupState():tofreeze=false, uid:10010 pkg:com.redteamobile.oneplus.roaming --->>> ok reason:start perform hasTimeout broadcast for action = com.oem.intent.action.mcc_changed
